Archive member included to satisfy reference by file (symbol)

../libDaisy/build/libdaisy.a(daisy_seed.o)
                              build/kxmx_bluemchen.o (daisy::DaisySeed::Configure())
../libDaisy/build/libdaisy.a(codec_ak4556.o)
                              ../libDaisy/build/libdaisy.a(daisy_seed.o) (daisy::Ak4556::Init(dsy_gpio_pin))
../libDaisy/build/libdaisy.a(codec_wm8731.o)
                              ../libDaisy/build/libdaisy.a(daisy_seed.o) (daisy::Wm8731::Init(daisy::Wm8731::Config const&, daisy::I2CHandle))
../libDaisy/build/libdaisy.a(sdram.o)
                              ../libDaisy/build/libdaisy.a(daisy_seed.o) (SdramHandle::Init())
../libDaisy/build/libdaisy.a(audio.o)
                              ../libDaisy/build/libdaisy.a(daisy_seed.o) (daisy::AudioHandle::Init(daisy::AudioHandle::Config const&, daisy::SaiHandle))
../libDaisy/build/libdaisy.a(ctrl.o)
                              build/kxmx_bluemchen.o (daisy::AnalogControl::Init(unsigned short*, float, bool, bool, float))
../libDaisy/build/libdaisy.a(encoder.o)
                              build/kxmx_bluemchen.o (daisy::Encoder::Init(dsy_gpio_pin, dsy_gpio_pin, dsy_gpio_pin, float))
../libDaisy/build/libdaisy.a(midi.o)
                              build/kxmx_bluemchen.o (daisy::MidiUartTransport::Config::Config())
../libDaisy/build/libdaisy.a(midi_parser.o)
                              build/kxmx_bluemchen.o (daisy::MidiParser::Reset())
../libDaisy/build/libdaisy.a(parameter.o)
                              build/main.o (daisy::Parameter::Init(daisy::AnalogControl, float, float, daisy::Parameter::Curve))
../libDaisy/build/libdaisy.a(switch.o)
                              ../libDaisy/build/libdaisy.a(encoder.o) (daisy::Switch::Init(dsy_gpio_pin, float))
../libDaisy/build/libdaisy.a(adc.o)
                              build/kxmx_bluemchen.o (daisy::AdcChannelConfig::InitSingle(dsy_gpio_pin, daisy::AdcChannelConfig::ConversionSpeed))
../libDaisy/build/libdaisy.a(dac.o)
                              build/kxmx_bluemchen.o (daisy::DacHandle::Init(daisy::DacHandle::Config const&))
../libDaisy/build/libdaisy.a(gpio.o)
                              ../libDaisy/build/libdaisy.a(daisy_seed.o) (daisy::GPIO::Init(daisy::Pin, daisy::GPIO::Mode, daisy::GPIO::Pull, daisy::GPIO::Speed))
../libDaisy/build/libdaisy.a(i2c.o)
                              build/kxmx_bluemchen.o (daisy::I2CHandle::Init(daisy::I2CHandle::Config const&))
../libDaisy/build/libdaisy.a(qspi.o)
                              ../libDaisy/build/libdaisy.a(daisy_seed.o) (daisy::QSPIHandle::Init(daisy::QSPIHandle::Config const&))
../libDaisy/build/libdaisy.a(sai.o)
                              ../libDaisy/build/libdaisy.a(daisy_seed.o) (daisy::SaiHandle::Init(daisy::SaiHandle::Config const&))
../libDaisy/build/libdaisy.a(sdmmc.o)
                              build/kxmx_bluemchen.o (daisy::SdmmcHandler::Init(daisy::SdmmcHandler::Config const&))
../libDaisy/build/libdaisy.a(tim.o)
                              build/main.o (daisy::TimerHandle::Init(daisy::TimerHandle::Config const&))
../libDaisy/build/libdaisy.a(uart.o)
                              build/kxmx_bluemchen.o (daisy::UartHandler::Init(daisy::UartHandler::Config const&))
../libDaisy/build/libdaisy.a(dma.o)
                              ../libDaisy/build/libdaisy.a(uart.o) (dsy_dma_invalidate_cache_for_buffer)
../libDaisy/build/libdaisy.a(system.o)
                              ../libDaisy/build/libdaisy.a(daisy_seed.o) (daisy::System::DeInit())
../libDaisy/build/libdaisy.a(system_stm32h7xx.o)
                              build/startup_stm32h750xx.o (SystemInit)
../libDaisy/build/libdaisy.a(usbd_conf.o)
                              ../libDaisy/build/libdaisy.a(system.o) (hpcd_USB_OTG_HS)
../libDaisy/build/libdaisy.a(usbh_conf.o)
                              ../libDaisy/build/libdaisy.a(system.o) (hhcd_USB_OTG_HS)
../libDaisy/build/libdaisy.a(hal_map.o)
                              ../libDaisy/build/libdaisy.a(gpio.o) (dsy_hal_map_get_port)
../libDaisy/build/libdaisy.a(oled_fonts.o)
                              build/main.o (Font_6x8)
../libDaisy/build/libdaisy.a(stm32h7xx_hal.o)
                              ../libDaisy/build/libdaisy.a(system.o) (HAL_Init)
../libDaisy/build/libdaisy.a(stm32h7xx_hal_adc.o)
                              ../libDaisy/build/libdaisy.a(adc.o) (HAL_ADC_ConfigChannel)
../libDaisy/build/libdaisy.a(stm32h7xx_hal_adc_ex.o)
                              ../libDaisy/build/libdaisy.a(adc.o) (HAL_ADCEx_Calibration_Start)
../libDaisy/build/libdaisy.a(stm32h7xx_hal_cortex.o)
                              ../libDaisy/build/libdaisy.a(stm32h7xx_hal.o) (HAL_NVIC_SetPriorityGrouping)
../libDaisy/build/libdaisy.a(stm32h7xx_hal_dac.o)
                              ../libDaisy/build/libdaisy.a(dac.o) (HAL_DAC_Init)
../libDaisy/build/libdaisy.a(stm32h7xx_hal_dac_ex.o)
                              ../libDaisy/build/libdaisy.a(stm32h7xx_hal_dac.o) (HAL_DACEx_DMAUnderrunCallbackCh2)
[...]
Memory Configuration

Name             Origin             Length             Attributes
FLASH            0x0000000008000000 0x0000000000020000 xr
DTCMRAM          0x0000000020000000 0x0000000000020000 xrw
SRAM             0x0000000024000000 0x0000000000080000 xrw
RAM_D2           0x0000000030000000 0x0000000000048000 xrw
RAM_D3           0x0000000038000000 0x0000000000010000 xrw
ITCMRAM          0x0000000000000000 0x0000000000010000 xrw
SDRAM            0x00000000c0000000 0x0000000004000000 xrw
QSPIFLASH        0x0000000090000000 0x0000000000800000 xr
*default*        0x0000000000000000 0xffffffffffffffff

Linker script and memory map

LOAD /home/hubert/daisy/gcc/bin/../lib/gcc/arm-none-eabi/10.2.1/thumb/v7e-m+dp/hard/crti.o
LOAD /home/hubert/daisy/gcc/bin/../lib/gcc/arm-none-eabi/10.2.1/thumb/v7e-m+dp/hard/crtbegin.o
LOAD /home/hubert/daisy/gcc/bin/../lib/gcc/arm-none-eabi/10.2.1/../../../../arm-none-eabi/lib/thumb/v7e-m+dp/hard/crt0.o
LOAD build/startup_stm32h750xx.o
LOAD build/kxmx_bluemchen.o
LOAD build/main.o
LOAD ../libDaisy/build/libdaisy.a
LOAD /home/hubert/daisy/gcc/bin/../lib/gcc/arm-none-eabi/10.2.1/../../../../arm-none-eabi/lib/thumb/v7e-m+dp/hard/libnosys.a
LOAD ../DaisySP/build/libdaisysp.a
LOAD /home/hubert/daisy/gcc/bin/../lib/gcc/arm-none-eabi/10.2.1/../../../../arm-none-eabi/lib/thumb/v7e-m+dp/hard/libstdc++_nano.a
LOAD /home/hubert/daisy/gcc/bin/../lib/gcc/arm-none-eabi/10.2.1/../../../../arm-none-eabi/lib/thumb/v7e-m+dp/hard/libm.a
LOAD /home/hubert/daisy/gcc/bin/../lib/gcc/arm-none-eabi/10.2.1/../../../../arm-none-eabi/lib/thumb/v7e-m+dp/hard/libc_nano.a
START GROUP
LOAD /home/hubert/daisy/gcc/bin/../lib/gcc/arm-none-eabi/10.2.1/thumb/v7e-m+dp/hard/libgcc.a
LOAD /home/hubert/daisy/gcc/bin/../lib/gcc/arm-none-eabi/10.2.1/../../../../arm-none-eabi/lib/thumb/v7e-m+dp/hard/libc_nano.a
END GROUP
START GROUP
LOAD /home/hubert/daisy/gcc/bin/../lib/gcc/arm-none-eabi/10.2.1/thumb/v7e-m+dp/hard/libgcc.a
LOAD /home/hubert/daisy/gcc/bin/../lib/gcc/arm-none-eabi/10.2.1/../../../../arm-none-eabi/lib/thumb/v7e-m+dp/hard/libc_nano.a
LOAD /home/hubert/daisy/gcc/bin/../lib/gcc/arm-none-eabi/10.2.1/../../../../arm-none-eabi/lib/thumb/v7e-m+dp/hard/libnosys.a
END GROUP
START GROUP
LOAD /home/hubert/daisy/gcc/bin/../lib/gcc/arm-none-eabi/10.2.1/thumb/v7e-m+dp/hard/libgcc.a
LOAD /home/hubert/daisy/gcc/bin/../lib/gcc/arm-none-eabi/10.2.1/../../../../arm-none-eabi/lib/thumb/v7e-m+dp/hard/libc_nano.a
LOAD /home/hubert/daisy/gcc/bin/../lib/gcc/arm-none-eabi/10.2.1/../../../../arm-none-eabi/lib/thumb/v7e-m+dp/hard/libnosys.a
END GROUP
LOAD /home/hubert/daisy/gcc/bin/../lib/gcc/arm-none-eabi/10.2.1/thumb/v7e-m+dp/hard/crtend.o
LOAD /home/hubert/daisy/gcc/bin/../lib/gcc/arm-none-eabi/10.2.1/thumb/v7e-m+dp/hard/crtn.o
                0x0000000020020000                _estack = 0x20020000

.isr_vector     0x0000000008000000      0x298
                0x0000000008000000                . = ALIGN (0x4)
 *(.isr_vector)
 .isr_vector    0x0000000008000000      0x298 build/startup_stm32h750xx.o
                0x0000000008000000                g_pfnVectors
                0x0000000008000298                . = ALIGN (0x4)

.text           0x0000000008000298    0x14878
                0x0000000008000298                . = ALIGN (0x4)
                0x0000000008000298                _stext = .
 *(.text)
 .text          0x0000000008000298       0x40 /home/hubert/daisy/gcc/bin/../lib/gcc/arm-none-eabi/10.2.1/thumb/v7e-m+dp/hard/crtbegin.o
 .text          0x00000000080002d8       0x10 /home/hubert/daisy/gcc/bin/../lib/gcc/arm-none-eabi/10.2.1/../../../../arm-none-eabi/lib/thumb/v7e-m+dp/hard/libc_nano.a(lib_a-strlen.o)
                0x00000000080002d8                strlen
 .text          0x00000000080002e8      0x378 /home/hubert/daisy/gcc/bin/../lib/gcc/arm-none-eabi/10.2.1/thumb/v7e-m+dp/hard/libgcc.a(_arm_addsubdf3.o)
                0x00000000080002e8                __aeabi_drsub
                0x00000000080002f0                __aeabi_dsub
                0x00000000080002f0                __subdf3
                0x00000000080002f4                __adddf3
                0x00000000080002f4                __aeabi_dadd
                0x000000000800056c                __aeabi_ui2d
                0x000000000800056c                __floatunsidf
                0x000000000800058c                __floatsidf
                0x000000000800058c                __aeabi_i2d
                0x00000000080005b0                __extendsfdf2
                0x00000000080005b0                __aeabi_f2d
                0x00000000080005f4                __aeabi_ul2d
                0x00000000080005f4                __floatundidf
                0x0000000008000604                __floatdidf
                0x0000000008000604                __aeabi_l2d
 .text          0x0000000008000660       0x30 /home/hubert/daisy/gcc/bin/../lib/gcc/arm-none-eabi/10.2.1/thumb/v7e-m+dp/hard/libgcc.a(_aeabi_uldivmod.o)
                0x0000000008000660                __aeabi_uldivmod
 .text          0x0000000008000690      0x2d0 /home/hubert/daisy/gcc/bin/../lib/gcc/arm-none-eabi/10.2.1/thumb/v7e-m+dp/hard/libgcc.a(_udivmoddi4.o)
                0x0000000008000690                __udivmoddi4
 .text          0x0000000008000960        0x4 /home/hubert/daisy/gcc/bin/../lib/gcc/arm-none-eabi/10.2.1/thumb/v7e-m+dp/hard/libgcc.a(_dvmd_tls.o)
                0x0000000008000960                __aeabi_ldiv0
                0x0000000008000960                __aeabi_idiv0
 *(.text*)
 .text.Default_Handler
                0x0000000008000964        0x2 build/startup_stm32h750xx.o
                0x0000000008000964                RTC_Alarm_IRQHandler
                0x0000000008000964                HASH_RNG_IRQHandler
                0x0000000008000964                EXTI2_IRQHandler
                0x0000000008000964                TIM8_CC_IRQHandler
                0x0000000008000964                HRTIM1_Master_IRQHandler
                0x0000000008000964                DebugMon_Handler
                0x0000000008000964                TIM1_CC_IRQHandler
                0x0000000008000964                BDMA_Channel6_IRQHandler
                0x0000000008000964                DMA2_Stream5_IRQHandler
                0x0000000008000964                HRTIM1_FLT_IRQHandler
                0x0000000008000964                JPEG_IRQHandler
                0x0000000008000964                BDMA_Channel1_IRQHandler
                0x0000000008000964                HRTIM1_TIMD_IRQHandler
                0x0000000008000964                TAMP_STAMP_IRQHandler
                0x0000000008000964                PendSV_Handler
                0x0000000008000964                NMI_Handler
                0x0000000008000964                EXTI3_IRQHandler
                0x0000000008000964                LPTIM4_IRQHandler
                0x0000000008000964                TIM8_TRG_COM_TIM14_IRQHandler
                0x0000000008000964                LPTIM2_IRQHandler
                0x0000000008000964                DFSDM1_FLT1_IRQHandler
                0x0000000008000964                DMAMUX2_OVR_IRQHandler
                0x0000000008000964                TIM8_UP_TIM13_IRQHandler
                0x0000000008000964                I2C3_ER_IRQHandler
                0x0000000008000964                DFSDM1_FLT2_IRQHandler
                0x0000000008000964                MDMA_IRQHandler
                0x0000000008000964                LPTIM3_IRQHandler
                0x0000000008000964                HSEM1_IRQHandler
                0x0000000008000964                EXTI0_IRQHandler
                0x0000000008000964                FPU_IRQHandler
                0x0000000008000964                OTG_HS_WKUP_IRQHandler
                0x0000000008000964                FDCAN1_IT1_IRQHandler
                0x0000000008000964                UsageFault_Handler
                0x0000000008000964                LTDC_ER_IRQHandler
                0x0000000008000964                HRTIM1_TIME_IRQHandler
                0x0000000008000964                DCMI_IRQHandler
                0x0000000008000964                HRTIM1_TIMC_IRQHandler
                0x0000000008000964                SAI2_IRQHandler
                0x0000000008000964                DFSDM1_FLT3_IRQHandler
                0x0000000008000964                TIM17_IRQHandler
                0x0000000008000964                CRYP_IRQHandler
                0x0000000008000964                BDMA_Channel7_IRQHandler
                0x0000000008000964                LPTIM5_IRQHandler
                0x0000000008000964                ADC3_IRQHandler
                0x0000000008000964                BDMA_Channel2_IRQHandler
                0x0000000008000964                DMAMUX1_OVR_IRQHandler
                0x0000000008000964                TIM16_IRQHandler
                0x0000000008000964                BDMA_Channel5_IRQHandler
                0x0000000008000964                RCC_IRQHandler
                0x0000000008000964                TIM8_BRK_TIM12_IRQHandler
                0x0000000008000964                TIM1_TRG_COM_IRQHandler
                0x0000000008000964                Default_Handler
                0x0000000008000964                ECC_IRQHandler
                0x0000000008000964                CEC_IRQHandler
                0x0000000008000964                EXTI15_10_IRQHandler
                0x0000000008000964                BDMA_Channel0_IRQHandler
                0x0000000008000964                ADC_IRQHandler
                0x0000000008000964                DMA1_Stream7_IRQHandler
                0x0000000008000964                HRTIM1_TIMA_IRQHandler
                0x0000000008000964                TIM7_IRQHandler
                0x0000000008000964                DMA2_Stream7_IRQHandler
                0x0000000008000964                TIM15_IRQHandler
                0x0000000008000964                PVD_AVD_IRQHandler
                0x0000000008000964                EXTI9_5_IRQHandler
                0x0000000008000964                RTC_WKUP_IRQHandler
                0x0000000008000964                LTDC_IRQHandler
                0x0000000008000964                SAI3_IRQHandler
                0x0000000008000964                ETH_WKUP_IRQHandler
                0x0000000008000964                SPDIF_RX_IRQHandler
                0x0000000008000964                MemManage_Handler
                0x0000000008000964                SVC_Handler
                0x0000000008000964                CRS_IRQHandler
                0x0000000008000964                EXTI4_IRQHandler
                0x0000000008000964                HRTIM1_TIMB_IRQHandler
                0x0000000008000964                FDCAN2_IT1_IRQHandler
                0x0000000008000964                ETH_IRQHandler
                0x0000000008000964                TIM1_UP_IRQHandler
                0x0000000008000964                BDMA_Channel4_IRQHandler
                0x0000000008000964                WWDG_IRQHandler
                0x0000000008000964                SPI6_IRQHandler
                0x0000000008000964                I2C4_EV_IRQHandler
                0x0000000008000964                MDIOS_IRQHandler
                0x0000000008000964                FDCAN2_IT0_IRQHandler
                0x0000000008000964                FDCAN1_IT0_IRQHandler
                0x0000000008000964                OTG_FS_WKUP_IRQHandler
                0x0000000008000964                DMA2D_IRQHandler
                0x0000000008000964                TIM1_BRK_IRQHandler
                0x0000000008000964                EXTI1_IRQHandler
                0x0000000008000964                SDMMC2_IRQHandler
                0x0000000008000964                OTG_FS_EP1_OUT_IRQHandler
                0x0000000008000964                BDMA_Channel3_IRQHandler
                0x0000000008000964                MDIOS_WKUP_IRQHandler
                0x0000000008000964                DFSDM1_FLT0_IRQHandler
                0x0000000008000964                SAI4_IRQHandler
                0x0000000008000964                I2C2_ER_IRQHandler
                0x0000000008000964                FLASH_IRQHandler
                0x0000000008000964                BusFault_Handler
                0x0000000008000964                OTG_FS_IRQHandler
                0x0000000008000964                WAKEUP_PIN_IRQHandler
                0x0000000008000964                OTG_FS_EP1_IN_IRQHandler
                0x0000000008000964                I2C1_ER_IRQHandler
                0x0000000008000964                FMC_IRQHandler
                0x0000000008000964                FDCAN_CAL_IRQHandler
                0x0000000008000964                SWPMI1_IRQHandler
                0x0000000008000964                COMP1_IRQHandler
                0x0000000008000964                LPTIM1_IRQHandler
                0x0000000008000964                I2C4_ER_IRQHandler
                0x0000000008000964                DMA2_Stream6_IRQHandler
                0x0000000008000964                SAI1_IRQHandler
 *fill*         0x0000000008000966        0x2 
 .text.Reset_Handler
                0x0000000008000968       0x3c build/startup_stm32h750xx.o
                0x0000000008000968                Reset_Handler
 .text._ZN5daisy19SSD130xI2CTransport11SendCommandEh
                0x00000000080009a4       0x22 build/kxmx_bluemchen.o
                0x00000000080009a4                daisy::SSD130xI2CTransport::SendCommand(unsigned char)
 .text._ZN4kxmx9Bluemchen10StartAudioEPFvPKPKfPPfjE
                0x00000000080009c6        0x4 build/kxmx_bluemchen.o
                0x00000000080009c6                kxmx::Bluemchen::StartAudio(void (*)(float const* const*, float**, unsigned int))
 .text._ZN4kxmx9Bluemchen8StartAdcEv
                0x00000000080009ca        0x6 build/kxmx_bluemchen.o
                0x00000000080009ca                kxmx::Bluemchen::StartAdc()
 .text._ZN4kxmx9Bluemchen21ProcessAnalogControlsEv
                0x00000000080009d0       0x26 build/kxmx_bluemchen.o
                0x00000000080009d0                kxmx::Bluemchen::ProcessAnalogControls()
 .text._ZN4kxmx9Bluemchen22ProcessDigitalControlsEv
                0x00000000080009f6        0x6 build/kxmx_bluemchen.o
                0x00000000080009f6                kxmx::Bluemchen::ProcessDigitalControls()
 .text._ZN4kxmx9Bluemchen12InitControlsEv
                0x00000000080009fc      0x100 build/kxmx_bluemchen.o
                0x00000000080009fc                kxmx::Bluemchen::InitControls()
 .text._ZN4kxmx9Bluemchen8InitMidiEv
                0x0000000008000afc       0x70 build/kxmx_bluemchen.o
                0x0000000008000afc                kxmx::Bluemchen::InitMidi()
 .text._ZN4kxmx9Bluemchen11InitEncoderEv
                0x0000000008000b6c       0x3c build/kxmx_bluemchen.o
                0x0000000008000b6c                kxmx::Bluemchen::InitEncoder()
 .text._ZN4kxmx9Bluemchen11InitMicroSDEv
                0x0000000008000ba8       0x1c build/kxmx_bluemchen.o
                0x0000000008000ba8                kxmx::Bluemchen::InitMicroSD()
 .text._ZN5daisy13SSD130xDriverILj64ELj32ENS_19SSD130xI2CTransportEE4InitENS2_6ConfigE
                0x0000000008000bc4       0xd8 build/kxmx_bluemchen.o
                0x0000000008000bc4                daisy::SSD130xDriver<64u, 32u, daisy::SSD130xI2CTransport>::Init(daisy::SSD130xDriver<64u, 32u, daisy::SSD130xI2CTransport>::Config)
 .text._ZN4kxmx9Bluemchen11InitDisplayEv
                0x0000000008000c9c       0x50 build/kxmx_bluemchen.o
                0x0000000008000c9c                kxmx::Bluemchen::InitDisplay()
 .text._ZN4kxmx9Bluemchen4InitEv
                0x0000000008000cec       0x56 build/kxmx_bluemchen.o
                0x0000000008000cec                kxmx::Bluemchen::Init()
 .text._ZN5daisy9ParameterD2Ev
                0x0000000008000d42        0x2 build/main.o
                0x0000000008000d42                daisy::Parameter::~Parameter()
                0x0000000008000d42                daisy::Parameter::~Parameter()
 .text._ZN4kxmx9BluemchenD2Ev
                0x0000000008000d44        0x2 build/main.o
                0x0000000008000d44                kxmx::Bluemchen::~Bluemchen()
                0x0000000008000d44                kxmx::Bluemchen::~Bluemchen()
 .text._ZN5rings6ReverbD2Ev
                0x0000000008000d46        0x2 build/main.o
                0x0000000008000d46                rings::Reverb::~Reverb()
                0x0000000008000d46                rings::Reverb::~Reverb()
 .text._ZN6clouds6ReverbD2Ev
                0x0000000008000d48        0x2 build/main.o
                0x0000000008000d48                clouds::Reverb::~Reverb()
                0x0000000008000d48                clouds::Reverb::~Reverb()
 .text._ZN4hbpmD2Ev
                0x0000000008000d4a        0x2 build/main.o
                0x0000000008000d4a                hbpm::~hbpm()
                0x0000000008000d4a                hbpm::~hbpm()
 .text._ZN5daisy11OledDisplayINS_13SSD130xDriverILj64ELj32ENS_19SSD130xI2CTransportEEEED2Ev
                0x0000000008000d4c        0x2 build/main.o
                0x0000000008000d4c                daisy::OledDisplay<daisy::SSD130xDriver<64u, 32u, daisy::SSD130xI2CTransport> >::~OledDisplay()
                0x0000000008000d4c                daisy::OledDisplay<daisy::SSD130xDriver<64u, 32u, daisy::SSD130xI2CTransport> >::~OledDisplay()
 .text._ZN6hdelayD2Ev
                0x0000000008000d4e       0x1e build/main.o
                0x0000000008000d4e                hdelay::~hdelay()
                0x0000000008000d4e                hdelay::~hdelay()
 .text._ZN5daisy11OledDisplayINS_13SSD130xDriverILj64ELj32ENS_19SSD130xI2CTransportEEEE4FillEb
                0x0000000008000d6c       0x14 build/main.o
                0x0000000008000d6c                daisy::OledDisplay<daisy::SSD130xDriver<64u, 32u, daisy::SSD130xI2CTransport> >::Fill(bool)
 .text.__tcf_0  0x0000000008000d80       0x1c build/main.o
 .text._ZNK5daisy11OledDisplayINS_13SSD130xDriverILj64ELj32ENS_19SSD130xI2CTransportEEEE6HeightEv
                0x0000000008000d9c        0x4 build/main.o
                0x0000000008000d9c                daisy::OledDisplay<daisy::SSD130xDriver<64u, 32u, daisy::SSD130xI2CTransport> >::Height() const
 .text._ZNK5daisy11OledDisplayINS_13SSD130xDriverILj64ELj32ENS_19SSD130xI2CTransportEEEE5WidthEv
                0x0000000008000da0        0x4 build/main.o
                0x0000000008000da0                daisy::OledDisplay<daisy::SSD130xDriver<64u, 32u, daisy::SSD130xI2CTransport> >::Width() const
 .text._ZN5daisy11OledDisplayINS_13SSD130xDriverILj64ELj32ENS_19SSD130xI2CTransportEEEED0Ev
                0x0000000008000da4       0x10 build/main.o
                0x0000000008000da4                daisy::OledDisplay<daisy::SSD130xDriver<64u, 32u, daisy::SSD130xI2CTransport> >::~OledDisplay()
 .text._ZNSt7__cxx1112basic_stringIcSt11char_traitsIcESaIcEEC2EPKcRKS3_.constprop.0.isra.0
                0x0000000008000db4       0x50 build/main.o
 .text._ZN5daisy21OneBitGraphicsDisplay9SetCursorEtt
                0x0000000008000e04       0x3c build/main.o
                0x0000000008000e04                daisy::OneBitGraphicsDisplay::SetCursor(unsigned short, unsigned short)
 .text._ZN6stmlib16CosineOscillator4NextEv
                0x0000000008000e40       0x22 build/main.o
                0x0000000008000e40                stmlib::CosineOscillator::Next()
 *fill*         0x0000000008000e62        0x2 
 .text._ZN5rings6Reverb7ProcessEPfS1_j
                0x0000000008000e64      0x3d8 build/main.o
                0x0000000008000e64                rings::Reverb::Process(float*, float*, unsigned int)
 .text._ZN6clouds6Reverb7ProcessEPNS_10FloatFrameEj
                0x000000000800123c      0x410 build/main.o
                0x000000000800123c                clouds::Reverb::Process(clouds::FloatFrame*, unsigned int)
 .text._ZN6hdelayC2Ev
                0x000000000800164c       0xd8 build/main.o
                0x000000000800164c                hdelay::hdelay()
                0x000000000800164c                hdelay::hdelay()
 .text._Z14UpdateControlsv
                0x0000000008001724       0xb8 build/main.o
                0x0000000008001724                UpdateControls()
 .text._Z13AudioCallbackPKPKfPPfj
                0x00000000080017dc       0xc4 build/main.o
                0x00000000080017dc                AudioCallback(float const* const*, float**, unsigned int)
 .text._ZN6stmlib16CosineOscillator4InitILNS_20CosineOscillatorModeE0EEEvf
                0x00000000080018a0       0x5e build/main.o
                0x00000000080018a0                void stmlib::CosineOscillator::Init<(stmlib::CosineOscillatorMode)0>(float)
 .text._ZN5daisy13SSD130xDriverILj64ELj32ENS_19SSD130xI2CTransportEE6UpdateEv
                0x00000000080018fe       0x5c build/main.o
                0x00000000080018fe                daisy::SSD130xDriver<64u, 32u, daisy::SSD130xI2CTransport>::Update()
 .text._ZN5daisy11OledDisplayINS_13SSD130xDriverILj64ELj32ENS_19SSD130xI2CTransportEEEE6UpdateEv
                0x000000000800195a        0xa build/main.o
                0x000000000800195a                daisy::OledDisplay<daisy::SSD130xDriver<64u, 32u, daisy::SSD130xI2CTransport> >::Update()
 .text._ZN5daisy13SSD130xDriverILj64ELj32ENS_19SSD130xI2CTransportEE9DrawPixelEjjb
                0x0000000008001964       0x30 build/main.o
                0x0000000008001964                daisy::SSD130xDriver<64u, 32u, daisy::SSD130xI2CTransport>::DrawPixel(unsigned int, unsigned int, bool)
 .text._ZN5daisy11OledDisplayINS_13SSD130xDriverILj64ELj32ENS_19SSD130xI2CTransportEEEE9DrawPixelEjjb
                0x0000000008001994        0xa build/main.o
                0x0000000008001994                daisy::OledDisplay<daisy::SSD130xDriver<64u, 32u, daisy::SSD130xI2CTransport> >::DrawPixel(unsigned int, unsigned int, bool)
 .text._ZN5daisy25OneBitGraphicsDisplayImplINS_11OledDisplayINS_13SSD130xDriverILj64ELj32ENS_19SSD130xI2CTransportEEEEEE9WriteCharEc7FontDefb
                0x000000000800199e       0xa8 build/main.o
                0x000000000800199e                daisy::OneBitGraphicsDisplayImpl<daisy::OledDisplay<daisy::SSD130xDriver<64u, 32u, daisy::SSD130xI2CTransport> > >::WriteChar(char, FontDef, bool)
 .text._ZN5daisy25OneBitGraphicsDisplayImplINS_11OledDisplayINS_13SSD130xDriverILj64ELj32ENS_19SSD130xI2CTransportEEEEEE11WriteStringEPKc7FontDefb
                0x0000000008001a46       0x30 build/main.o
                0x0000000008001a46                daisy::OneBitGraphicsDisplayImpl<daisy::OledDisplay<daisy::SSD130xDriver<64u, 32u, daisy::SSD130xI2CTransport> > >::WriteString(char const*, FontDef, bool)
 *fill*         0x0000000008001a76        0x2 
 .text._Z10UpdateOledv
                0x0000000008001a78       0xbc build/main.o
                0x0000000008001a78                UpdateOled()
 .text.startup.main
                0x0000000008001b34      0x1ec build/main.o
                0x0000000008001b34                main
 .text._ZN5daisy25OneBitGraphicsDisplayImplINS_11OledDisplayINS_13SSD130xDriverILj64ELj32ENS_19SSD130xI2CTransportEEEEEE18WriteStringAlignedEPKcRK7FontDefNS_9RectangleENS_9AlignmentEb
                0x0000000008001d20      0x132 build/main.o
                0x0000000008001d20                daisy::OneBitGraphicsDisplayImpl<daisy::OledDisplay<daisy::SSD130xDriver<64u, 32u, daisy::SSD130xI2CTransport> > >::WriteStringAligned(char const*, FontDef const&, daisy::Rectangle, daisy::Alignment, bool)
 *fill*         0x0000000008001e52        0x6 
 .text._ZN5daisy25OneBitGraphicsDisplayImplINS_11OledDisplayINS_13SSD130xDriverILj64ELj32ENS_19SSD130xI2CTransportEEEEEE7DrawArcEjjjiib
                0x0000000008001e58      0x300 build/main.o
                0x0000000008001e58                daisy::OneBitGraphicsDisplayImpl<daisy::OledDisplay<daisy::SSD130xDriver<64u, 32u, daisy::SSD130xI2CTransport> > >::DrawArc(unsigned int, unsigned int, unsigned int, int, int, bool)
 .text._ZN5daisy25OneBitGraphicsDisplayImplINS_11OledDisplayINS_13SSD130xDriverILj64ELj32ENS_19SSD130xI2CTransportEEEEEE8DrawLineEjjjjb
                0x0000000008002158       0x9a build/main.o
                0x0000000008002158                daisy::OneBitGraphicsDisplayImpl<daisy::OledDisplay<daisy::SSD130xDriver<64u, 32u, daisy::SSD130xI2CTransport> > >::DrawLine(unsigned int, unsigned int, unsigned int, unsigned int, bool)
 .text._ZN5daisy25OneBitGraphicsDisplayImplINS_11OledDisplayINS_13SSD130xDriverILj64ELj32ENS_19SSD130xI2CTransportEEEEEE8DrawRectEjjjjbb
                0x00000000080021f2       0x7e build/main.o
                0x00000000080021f2                daisy::OneBitGraphicsDisplayImpl<daisy::OledDisplay<daisy::SSD130xDriver<64u, 32u, daisy::SSD130xI2CTransport> > >::DrawRect(unsigned int, unsigned int, unsigned int, unsigned int, bool, bool)
 .text.startup._GLOBAL__sub_I_bluemchen
                0x0000000008002270      0x13c build/main.o
 .text._ZN5daisy9DaisySeed9ConfigureEv
                0x00000000080023ac        0x4 ../libDaisy/build/libdaisy.a(daisy_seed.o)
                0x00000000080023ac                daisy::DaisySeed::Configure()
 .text._ZN5daisy9DaisySeed6GetPinEh
                0x00000000080023b0       0x2c ../libDaisy/build/libdaisy.a(daisy_seed.o)
                0x00000000080023b0                daisy::DaisySeed::GetPin(unsigned char)
 .text._ZN5daisy9DaisySeed10StartAudioEPFvPKPKfPPfjE
                0x00000000080023dc        0x8 ../libDaisy/build/libdaisy.a(daisy_seed.o)
                0x00000000080023dc                daisy::DaisySeed::StartAudio(void (*)(float const* const*, float**, unsigned int))
 .text._ZNK5daisy9DaisySeed17AudioCallbackRateEv
                0x00000000080023e4        0x8 ../libDaisy/build/libdaisy.a(daisy_seed.o)
                0x00000000080023e4                daisy::DaisySeed::AudioCallbackRate() const
 .text._ZN5daisy9DaisySeed17CheckBoardVersionEv
                0x00000000080023ec       0x6c ../libDaisy/build/libdaisy.a(daisy_seed.o)
                0x00000000080023ec                daisy::DaisySeed::CheckBoardVersion()
 .text._ZN5daisy9DaisySeed14ConfigureAudioEv
                0x0000000008002458      0x10c ../libDaisy/build/libdaisy.a(daisy_seed.o)
                0x0000000008002458                daisy::DaisySeed::ConfigureAudio()
 .text._ZN5daisy9DaisySeed4InitEb
                0x0000000008002564       0xf0 ../libDaisy/build/libdaisy.a(daisy_seed.o)
                0x0000000008002564                daisy::DaisySeed::Init(bool)
 .text._ZN5daisy6Ak45564InitE12dsy_gpio_pin
                0x0000000008002654       0x44 ../libDaisy/build/libdaisy.a(codec_ak4556.o)
                0x0000000008002654                daisy::Ak4556::Init(dsy_gpio_pin)
 .text._ZN5daisy6Wm873120WriteControlRegisterEht
                0x0000000008002698       0x3c ../libDaisy/build/libdaisy.a(codec_wm8731.o)
                0x0000000008002698                daisy::Wm8731::WriteControlRegister(unsigned char, unsigned short)
 .text._ZN5daisy6Wm87314InitERKNS0_6ConfigENS_9I2CHandleE
                0x00000000080026d4      0x1bc ../libDaisy/build/libdaisy.a(codec_wm8731.o)
                0x00000000080026d4                daisy::Wm8731::Init(daisy::Wm8731::Config const&, daisy::I2CHandle)
 .text._ZN11SdramHandle10DeviceInitEv
                0x0000000008002890       0x98 ../libDaisy/build/libdaisy.a(sdram.o)
                0x0000000008002890                SdramHandle::DeviceInit()
 .text._ZN11SdramHandle4InitEv
                0x0000000008002928       0x7c ../libDaisy/build/libdaisy.a(sdram.o)
                0x0000000008002928                SdramHandle::Init()
 .text.HAL_SDRAM_MspInit
                0x00000000080029a4      0x1a8 ../libDaisy/build/libdaisy.a(sdram.o)
                0x00000000080029a4                HAL_SDRAM_MspInit
 .text._ZN5daisy11AudioHandle4Impl16InternalCallbackEPlS2_j
                0x0000000008002b4c      0xbbc ../libDaisy/build/libdaisy.a(audio.o)
                0x0000000008002b4c                daisy::AudioHandle::Impl::InternalCallback(long*, long*, unsigned int)
 .text._ZN5daisy11AudioHandle4InitERKNS0_6ConfigENS_9SaiHandleE
                0x0000000008003708       0x70 ../libDaisy/build/libdaisy.a(audio.o)
                0x0000000008003708                daisy::AudioHandle::Init(daisy::AudioHandle::Config const&, daisy::SaiHandle)
 .text._ZNK5daisy11AudioHandle9GetConfigEv
                0x0000000008003778        0x8 ../libDaisy/build/libdaisy.a(audio.o)
                0x0000000008003778                daisy::AudioHandle::GetConfig() const
 .text._ZN5daisy11AudioHandle13GetSampleRateEv
                0x0000000008003780        0x8 ../libDaisy/build/libdaisy.a(audio.o)
                0x0000000008003780                daisy::AudioHandle::GetSampleRate()
 .text._ZN5daisy11AudioHandle5StartEPFvPKPKfPPfjE
                0x0000000008003788       0x44 ../libDaisy/build/libdaisy.a(audio.o)
                0x0000000008003788                daisy::AudioHandle::Start(void (*)(float const* const*, float**, unsigned int))
 .text.startup._GLOBAL__sub_I__ZN5daisy11AudioHandle4Impl4InitENS0_6ConfigENS_9SaiHandleE
                0x00000000080037cc       0x24 ../libDaisy/build/libdaisy.a(audio.o)
 .text._ZN5daisy13AnalogControl4InitEPtfbbf
                0x00000000080037f0       0x64 ../libDaisy/build/libdaisy.a(ctrl.o)
                0x00000000080037f0                daisy::AnalogControl::Init(unsigned short*, float, bool, bool, float)
 .text._ZN5daisy13AnalogControl7ProcessEv
                0x0000000008003854       0x48 ../libDaisy/build/libdaisy.a(ctrl.o)
                0x0000000008003854                daisy::AnalogControl::Process()
 .text._ZN5daisy7Encoder4InitE12dsy_gpio_pinS1_S1_f
                0x000000000800389c       0x60 ../libDaisy/build/libdaisy.a(encoder.o)
                0x000000000800389c                daisy::Encoder::Init(dsy_gpio_pin, dsy_gpio_pin, dsy_gpio_pin, float)
 .text._ZN5daisy7Encoder8DebounceEv
                0x00000000080038fc       0x7c ../libDaisy/build/libdaisy.a(encoder.o)
                0x00000000080038fc                daisy::Encoder::Debounce()
 .text._ZN5daisy17MidiUartTransport6ConfigC2Ev
                0x0000000008003978       0x28 ../libDaisy/build/libdaisy.a(midi.o)
                0x0000000008003978                daisy::MidiUartTransport::Config::Config()
                0x0000000008003978                daisy::MidiUartTransport::Config::Config()
 .text._ZN5daisy10MidiParser5ResetEv
                0x00000000080039a0        0xc ../libDaisy/build/libdaisy.a(midi_parser.o)
                0x00000000080039a0                daisy::MidiParser::Reset()
 .text._ZN5daisy9Parameter4InitENS_13AnalogControlEffNS0_5CurveE
                0x00000000080039ac       0x60 ../libDaisy/build/libdaisy.a(parameter.o)
                0x00000000080039ac                daisy::Parameter::Init(daisy::AnalogControl, float, float, daisy::Parameter::Curve)
 .text._ZN5daisy9Parameter7ProcessEv
                0x0000000008003a0c       0xac ../libDaisy/build/libdaisy.a(parameter.o)
                0x0000000008003a0c                daisy::Parameter::Process()
 .text._ZN5daisy6Switch4InitE12dsy_gpio_pinf
                0x0000000008003ab8       0x34 ../libDaisy/build/libdaisy.a(switch.o)
                0x0000000008003ab8                daisy::Switch::Init(dsy_gpio_pin, float)
 .text._ZN5daisy6Switch8DebounceEv
                0x0000000008003aec       0x5c ../libDaisy/build/libdaisy.a(switch.o)
                0x0000000008003aec                daisy::Switch::Debounce()
 .text._ZN5daisy16AdcChannelConfig10InitSingleE12dsy_gpio_pinNS0_15ConversionSpeedE
                0x0000000008003b48       0x28 ../libDaisy/build/libdaisy.a(adc.o)
                0x0000000008003b48                daisy::AdcChannelConfig::InitSingle(dsy_gpio_pin, daisy::AdcChannelConfig::ConversionSpeed)
 .text._ZN5daisy9AdcHandle4InitEPNS_16AdcChannelConfigEjNS0_12OverSamplingE
                0x0000000008003b70      0x41c ../libDaisy/build/libdaisy.a(adc.o)
                0x0000000008003b70                daisy::AdcHandle::Init(daisy::AdcChannelConfig*, unsigned int, daisy::AdcHandle::OverSampling)
 .text._ZN5daisy9AdcHandle5StartEv
                0x0000000008003f8c       0x2c ../libDaisy/build/libdaisy.a(adc.o)
                0x0000000008003f8c                daisy::AdcHandle::Start()
 .text._ZNK5daisy9AdcHandle6GetPtrEh
                0x0000000008003fb8       0x14 ../libDaisy/build/libdaisy.a(adc.o)
                0x0000000008003fb8                daisy::AdcHandle::GetPtr(unsigned char) const
 .text.HAL_ADC_MspInit
                0x0000000008003fcc       0x98 ../libDaisy/build/libdaisy.a(adc.o)
                0x0000000008003fcc                HAL_ADC_MspInit
 .text.DMA1_Stream2_IRQHandler
                0x0000000008004064        0xc ../libDaisy/build/libdaisy.a(adc.o)
                0x0000000008004064                DMA1_Stream2_IRQHandler
 .text.HAL_ADC_ConvCpltCallback
                0x0000000008004070      0x148 ../libDaisy/build/libdaisy.a(adc.o)
                0x0000000008004070                HAL_ADC_ConvCpltCallback
 .text.HAL_ADC_ErrorCallback
                0x00000000080041b8        0x4 ../libDaisy/build/libdaisy.a(adc.o)
                0x00000000080041b8                HAL_ADC_ErrorCallback
 .text.HAL_DAC_MspInit
                0x00000000080041bc      0x15c ../libDaisy/build/libdaisy.a(dac.o)
                0x00000000080041bc                HAL_DAC_MspInit
 .text.DMA2_Stream0_IRQHandler
                0x0000000008004318        0xc ../libDaisy/build/libdaisy.a(dac.o)
                0x0000000008004318                DMA2_Stream0_IRQHandler
 .text.DMA2_Stream1_IRQHandler
                0x0000000008004324        0xc ../libDaisy/build/libdaisy.a(dac.o)
                0x0000000008004324                DMA2_Stream1_IRQHandler
 .text.TIM6_DAC_IRQHandler
                0x0000000008004330       0x1c ../libDaisy/build/libdaisy.a(dac.o)
                0x0000000008004330                TIM6_DAC_IRQHandler
 .text._ZN5daisy9DacHandle4InitERKNS0_6ConfigE
                0x000000000800434c       0xfc ../libDaisy/build/libdaisy.a(dac.o)
                0x000000000800434c                daisy::DacHandle::Init(daisy::DacHandle::Config const&)
 .text._ZN5daisy9DacHandle10WriteValueENS0_7ChannelEt
                0x0000000008004448       0x70 ../libDaisy/build/libdaisy.a(dac.o)
                0x0000000008004448                daisy::DacHandle::WriteValue(daisy::DacHandle::Channel, unsigned short)
 .text._ZN5daisy4GPIO4InitENS_3PinENS0_4ModeENS0_4PullENS0_5SpeedE
                0x00000000080044b8      0x1cc ../libDaisy/build/libdaisy.a(gpio.o)
                0x00000000080044b8                daisy::GPIO::Init(daisy::Pin, daisy::GPIO::Mode, daisy::GPIO::Pull, daisy::GPIO::Speed)
 .text._ZN5daisy4GPIO4ReadEv
                0x0000000008004684       0x18 ../libDaisy/build/libdaisy.a(gpio.o)
                0x0000000008004684                daisy::GPIO::Read()
 .text._ZN5daisy4GPIO5WriteEb
                0x000000000800469c       0x14 ../libDaisy/build/libdaisy.a(gpio.o)
                0x000000000800469c                daisy::GPIO::Write(bool)
 .text.dsy_gpio_init
                0x00000000080046b0      0x1b8 ../libDaisy/build/libdaisy.a(gpio.o)
                0x00000000080046b0                dsy_gpio_init
 .text.dsy_gpio_read
                0x0000000008004868       0x1c ../libDaisy/build/libdaisy.a(gpio.o)
                0x0000000008004868                dsy_gpio_read
 .text.dsy_gpio_write
                0x0000000008004884       0x24 ../libDaisy/build/libdaisy.a(gpio.o)
                0x0000000008004884                dsy_gpio_write
 .text._ZN5daisy9I2CHandle4Impl8InitPinsEv
                0x00000000080048a8       0x58 ../libDaisy/build/libdaisy.a(i2c.o)
                0x00000000080048a8                daisy::I2CHandle::Impl::InitPins()
 .text.HAL_I2C_MspInit
                0x0000000008004900      0x1b4 ../libDaisy/build/libdaisy.a(i2c.o)
                0x0000000008004900                HAL_I2C_MspInit
 .text.dsy_i2c_global_init
                0x0000000008004ab4       0x78 ../libDaisy/build/libdaisy.a(i2c.o)
                0x0000000008004ab4                dsy_i2c_global_init
 .text.DMA1_Stream6_IRQHandler
                0x0000000008004b2c       0x34 ../libDaisy/build/libdaisy.a(i2c.o)
                0x0000000008004b2c                DMA1_Stream6_IRQHandler
 .text.I2C1_EV_IRQHandler
                0x0000000008004b60        0xc ../libDaisy/build/libdaisy.a(i2c.o)
                0x0000000008004b60                I2C1_EV_IRQHandler
 .text.I2C2_EV_IRQHandler
                0x0000000008004b6c        0xc ../libDaisy/build/libdaisy.a(i2c.o)
                0x0000000008004b6c                I2C2_EV_IRQHandler
 .text.I2C3_EV_IRQHandler
                0x0000000008004b78        0xc ../libDaisy/build/libdaisy.a(i2c.o)
                0x0000000008004b78                I2C3_EV_IRQHandler
 .text._ZN5daisy9I2CHandle4InitERKNS0_6ConfigE
                0x0000000008004b84      0x12c ../libDaisy/build/libdaisy.a(i2c.o)
                0x0000000008004b84                daisy::I2CHandle::Init(daisy::I2CHandle::Config const&)
 .text._ZN5daisy9I2CHandle16TransmitBlockingEtPhtm
                0x0000000008004cb0       0x50 ../libDaisy/build/libdaisy.a(i2c.o)
                0x0000000008004cb0                daisy::I2CHandle::TransmitBlocking(unsigned short, unsigned char*, unsigned short, unsigned long)
 .text.startup._GLOBAL__sub_I__ZN5daisy9I2CHandle4Impl10GlobalInitEv
                0x0000000008004d00       0x18 ../libDaisy/build/libdaisy.a(i2c.o)
 .text._ZN5daisy10QSPIHandle4Impl11WriteEnableEv
                0x0000000008004d18       0x8c ../libDaisy/build/libdaisy.a(qspi.o)
                0x0000000008004d18                daisy::QSPIHandle::Impl::WriteEnable()
 *fill*         0x0000000008004da4        0x4 
 .text._ZN5daisy10QSPIHandle4Impl17DummyCyclesConfigENS0_6Config6DeviceE
                0x0000000008004da8      0x118 ../libDaisy/build/libdaisy.a(qspi.o)
                0x0000000008004da8                daisy::QSPIHandle::Impl::DummyCyclesConfig(daisy::QSPIHandle::Config::Device)
 .text._ZN5daisy10QSPIHandle4Impl10QuadEnableEv
                0x0000000008004ec0      0x158 ../libDaisy/build/libdaisy.a(qspi.o)
                0x0000000008004ec0                daisy::QSPIHandle::Impl::QuadEnable()
 .text._ZN5daisy10QSPIHandle4InitERKNS0_6ConfigE
                0x0000000008005018      0x198 ../libDaisy/build/libdaisy.a(qspi.o)
                0x0000000008005018                daisy::QSPIHandle::Init(daisy::QSPIHandle::Config const&)
 .text.HAL_QSPI_MspInit
                0x00000000080051b0      0x11c ../libDaisy/build/libdaisy.a(qspi.o)
                0x00000000080051b0                HAL_QSPI_MspInit
 .text.HAL_QSPI_MspDeInit
                0x00000000080052cc       0x54 ../libDaisy/build/libdaisy.a(qspi.o)
                0x00000000080052cc                HAL_QSPI_MspDeInit
 .text.QUADSPI_IRQHandler
                0x0000000008005320        0xc ../libDaisy/build/libdaisy.a(qspi.o)
                0x0000000008005320                QUADSPI_IRQHandler
 .text.startup._GLOBAL__sub_I__ZN5daisy10QSPIHandle4Impl4InitERKNS0_6ConfigE
                0x000000000800532c       0x28 ../libDaisy/build/libdaisy.a(qspi.o)
 .text._ZN5daisy9SaiHandle4Impl7InitDmaENS1_15PeripheralBlockE
                0x0000000008005354       0xa0 ../libDaisy/build/libdaisy.a(sai.o)
                0x0000000008005354                daisy::SaiHandle::Impl::InitDma(daisy::SaiHandle::Impl::PeripheralBlock)
 .text._ZN5daisy9SaiHandle4Impl8InitPinsEv
                0x00000000080053f4       0xa8 ../libDaisy/build/libdaisy.a(sai.o)
                0x00000000080053f4                daisy::SaiHandle::Impl::InitPins()
 .text.HAL_SAI_MspInit
                0x000000000800549c      0x164 ../libDaisy/build/libdaisy.a(sai.o)
                0x000000000800549c                HAL_SAI_MspInit
 .text.DMA1_Stream0_IRQHandler
                0x0000000008005600        0xc ../libDaisy/build/libdaisy.a(sai.o)
                0x0000000008005600                DMA1_Stream0_IRQHandler
 .text.DMA1_Stream1_IRQHandler
                0x000000000800560c        0xc ../libDaisy/build/libdaisy.a(sai.o)
                0x000000000800560c                DMA1_Stream1_IRQHandler
 .text.DMA1_Stream3_IRQHandler
                0x0000000008005618        0xc ../libDaisy/build/libdaisy.a(sai.o)
                0x0000000008005618                DMA1_Stream3_IRQHandler
 .text.DMA1_Stream4_IRQHandler
                0x0000000008005624        0xc ../libDaisy/build/libdaisy.a(sai.o)
                0x0000000008005624                DMA1_Stream4_IRQHandler
 .text.HAL_SAI_RxHalfCpltCallback
                0x0000000008005630       0x78 ../libDaisy/build/libdaisy.a(sai.o)
                0x0000000008005630                HAL_SAI_RxHalfCpltCallback
 .text.HAL_SAI_RxCpltCallback
                0x00000000080056a8       0x70 ../libDaisy/build/libdaisy.a(sai.o)
                0x00000000080056a8                HAL_SAI_RxCpltCallback
 .text._ZN5daisy9SaiHandle4InitERKNS0_6ConfigE
                0x0000000008005718      0x1f0 ../libDaisy/build/libdaisy.a(sai.o)
                0x0000000008005718                daisy::SaiHandle::Init(daisy::SaiHandle::Config const&)
 .text._ZNK5daisy9SaiHandle9GetConfigEv
                0x0000000008005908        0x4 ../libDaisy/build/libdaisy.a(sai.o)
                0x0000000008005908                daisy::SaiHandle::GetConfig() const
 .text._ZN5daisy9SaiHandle8StartDmaEPlS1_jPFvS1_S1_jE
                0x000000000800590c       0xbc ../libDaisy/build/libdaisy.a(sai.o)
                0x000000000800590c                daisy::SaiHandle::StartDma(long*, long*, unsigned int, void (*)(long*, long*, unsigned int))
 .text._ZN5daisy9SaiHandle13GetSampleRateEv
                0x00000000080059c8       0x24 ../libDaisy/build/libdaisy.a(sai.o)
                0x00000000080059c8                daisy::SaiHandle::GetSampleRate()
 .text._ZNK5daisy9SaiHandle9GetOffsetEv
                0x00000000080059ec        0x8 ../libDaisy/build/libdaisy.a(sai.o)
                0x00000000080059ec                daisy::SaiHandle::GetOffset() const
 .text._ZN5daisy12SdmmcHandler4InitERKNS0_6ConfigE
                0x00000000080059f4       0x80 ../libDaisy/build/libdaisy.a(sdmmc.o)
                0x00000000080059f4                daisy::SdmmcHandler::Init(daisy::SdmmcHandler::Config const&)
 .text.SDMMC1_IRQHandler
                0x0000000008005a74        0xc ../libDaisy/build/libdaisy.a(sdmmc.o)
                0x0000000008005a74                SDMMC1_IRQHandler
 .text.HAL_TIM_Base_MspInit
                0x0000000008005a80      0x1e0 ../libDaisy/build/libdaisy.a(tim.o)
                0x0000000008005a80                HAL_TIM_Base_MspInit
 .text.HAL_TIM_PeriodElapsedCallback
                0x0000000008005c60       0x44 ../libDaisy/build/libdaisy.a(tim.o)
                0x0000000008005c60                HAL_TIM_PeriodElapsedCallback
 .text.TIM2_IRQHandler
                0x0000000008005ca4        0xc ../libDaisy/build/libdaisy.a(tim.o)
                0x0000000008005ca4                TIM2_IRQHandler
 .text.TIM3_IRQHandler
                0x0000000008005cb0        0xc ../libDaisy/build/libdaisy.a(tim.o)
                0x0000000008005cb0                TIM3_IRQHandler
 .text.TIM4_IRQHandler
                0x0000000008005cbc        0xc ../libDaisy/build/libdaisy.a(tim.o)
                0x0000000008005cbc                TIM4_IRQHandler
 .text.TIM5_IRQHandler
                0x0000000008005cc8        0xc ../libDaisy/build/libdaisy.a(tim.o)
                0x0000000008005cc8                TIM5_IRQHandler
 .text._ZN5daisy11TimerHandle4InitERKNS0_6ConfigE
                0x0000000008005cd4       0xd0 ../libDaisy/build/libdaisy.a(tim.o)
                0x0000000008005cd4                daisy::TimerHandle::Init(daisy::TimerHandle::Config const&)
 .text._ZN5daisy11TimerHandle5StartEv
                0x0000000008005da4       0x24 ../libDaisy/build/libdaisy.a(tim.o)
                0x0000000008005da4                daisy::TimerHandle::Start()
 .text.startup._GLOBAL__sub_I__ZN5daisy11TimerHandle4Impl4InitERKNS0_6ConfigE
                0x0000000008005dc8       0x38 ../libDaisy/build/libdaisy.a(tim.o)
 .text._ZL20UART_CheckRxListenerPN5daisy11UartHandler4ImplE
                0x0000000008005e00       0x84 ../libDaisy/build/libdaisy.a(uart.o)
 .text._ZN5daisy11UartHandler4Impl10StartDmaTxEPhjPFvPvEPFvS3_NS0_6ResultEES3_
                0x0000000008005e84      0x184 ../libDaisy/build/libdaisy.a(uart.o)
                0x0000000008005e84                daisy::UartHandler::Impl::StartDmaTx(unsigned char*, unsigned int, void (*)(void*), void (*)(void*, daisy::UartHandler::Result), void*)
 .text._ZN5daisy11UartHandler4Impl10StartDmaRxEPhjPFvPvEPFvS3_NS0_6ResultEES3_
                0x0000000008006008      0x184 ../libDaisy/build/libdaisy.a(uart.o)
                0x0000000008006008                daisy::UartHandler::Impl::StartDmaRx(unsigned char*, unsigned int, void (*)(void*), void (*)(void*, daisy::UartHandler::Result), void*)
 .text._ZN5daisy11UartHandler4Impl19DmaTransferFinishedEP20__UART_HandleTypeDefNS0_6ResultE
                0x000000000800618c       0xc0 ../libDaisy/build/libdaisy.a(uart.o)
                0x000000000800618c                daisy::UartHandler::Impl::DmaTransferFinished(__UART_HandleTypeDef*, daisy::UartHandler::Result)
 .text._ZN5daisy11UartHandler4Impl8InitPinsEv
                0x000000000800624c      0x154 ../libDaisy/build/libdaisy.a(uart.o)
                0x000000000800624c                daisy::UartHandler::Impl::InitPins()
 .text.HAL_UART_MspInit
                0x00000000080063a0      0x210 ../libDaisy/build/libdaisy.a(uart.o)
                0x00000000080063a0                HAL_UART_MspInit
 .text.dsy_uart_global_init
                0x00000000080065b0      0x110 ../libDaisy/build/libdaisy.a(uart.o)
                0x00000000080065b0                dsy_uart_global_init
 .text.USART1_IRQHandler
                0x00000000080066c0       0x2c ../libDaisy/build/libdaisy.a(uart.o)
                0x00000000080066c0                USART1_IRQHandler
 .text.USART2_IRQHandler
                0x00000000080066ec       0x34 ../libDaisy/build/libdaisy.a(uart.o)
                0x00000000080066ec                USART2_IRQHandler
 .text.USART3_IRQHandler
                0x0000000008006720       0x34 ../libDaisy/build/libdaisy.a(uart.o)
                0x0000000008006720                USART3_IRQHandler
 .text.UART4_IRQHandler
                0x0000000008006754       0x34 ../libDaisy/build/libdaisy.a(uart.o)
                0x0000000008006754                UART4_IRQHandler
 .text.UART5_IRQHandler
                0x0000000008006788       0x34 ../libDaisy/build/libdaisy.a(uart.o)
                0x0000000008006788                UART5_IRQHandler
 .text.USART6_IRQHandler
                0x00000000080067bc       0x34 ../libDaisy/build/libdaisy.a(uart.o)
                0x00000000080067bc                USART6_IRQHandler
 .text.UART7_IRQHandler
                0x00000000080067f0       0x34 ../libDaisy/build/libdaisy.a(uart.o)
                0x00000000080067f0                UART7_IRQHandler
 .text.UART8_IRQHandler
                0x0000000008006824       0x34 ../libDaisy/build/libdaisy.a(uart.o)
                0x0000000008006824                UART8_IRQHandler
 .text.LPUART1_IRQHandler
                0x0000000008006858       0x34 ../libDaisy/build/libdaisy.a(uart.o)
                0x0000000008006858                LPUART1_IRQHandler
 .text.DMA1_Stream5_IRQHandler
                0x000000000800688c       0x34 ../libDaisy/build/libdaisy.a(uart.o)
                0x000000000800688c                DMA1_Stream5_IRQHandler
 .text.DMA2_Stream4_IRQHandler
                0x00000000080068c0       0x38 ../libDaisy/build/libdaisy.a(uart.o)
                0x00000000080068c0                DMA2_Stream4_IRQHandler
 .text.HAL_UART_TxCpltCallback
                0x00000000080068f8        0x8 ../libDaisy/build/libdaisy.a(uart.o)
                0x00000000080068f8                HAL_UART_TxCpltCallback
 .text.HAL_UART_RxCpltCallback
                0x0000000008006900       0x94 ../libDaisy/build/libdaisy.a(uart.o)
                0x0000000008006900                HAL_UART_RxCpltCallback
 .text.HAL_UART_RxHalfCpltCallback
                0x0000000008006994       0x90 ../libDaisy/build/libdaisy.a(uart.o)
                0x0000000008006994                HAL_UART_RxHalfCpltCallback
 .text.HAL_UART_ErrorCallback
                0x0000000008006a24        0x8 ../libDaisy/build/libdaisy.a(uart.o)
                0x0000000008006a24                HAL_UART_ErrorCallback
 .text._ZN5daisy11UartHandler4InitERKNS0_6ConfigE
                0x0000000008006a2c       0xd4 ../libDaisy/build/libdaisy.a(uart.o)
                0x0000000008006a2c                daisy::UartHandler::Init(daisy::UartHandler::Config const&)
 .text.startup._GLOBAL__sub_I__Z19MapInstanceToHandleP13USART_TypeDef
                0x0000000008006b00      0x194 ../libDaisy/build/libdaisy.a(uart.o)
 .text.dsy_dma_init
                0x0000000008006c94      0x100 ../libDaisy/build/libdaisy.a(dma.o)
                0x0000000008006c94                dsy_dma_init
 .text.dsy_dma_invalidate_cache_for_buffer
                0x0000000008006d94       0x2c ../libDaisy/build/libdaisy.a(dma.o)
                0x0000000008006d94                dsy_dma_invalidate_cache_for_buffer
 .text._ZN5daisy11TimerHandleD2Ev
                0x0000000008006dc0        0x4 ../libDaisy/build/libdaisy.a(system.o)
                0x0000000008006dc0                daisy::TimerHandle::~TimerHandle()
                0x0000000008006dc0                daisy::TimerHandle::~TimerHandle()
 .text.SysTick_Handler
                0x0000000008006dc4       0x10 ../libDaisy/build/libdaisy.a(system.o)
                0x0000000008006dc4                SysTick_Handler
 .text.OTG_HS_EP1_OUT_IRQHandler
                0x0000000008006dd4       0x24 ../libDaisy/build/libdaisy.a(system.o)
                0x0000000008006dd4                OTG_HS_EP1_OUT_IRQHandler
 .text.OTG_HS_EP1_IN_IRQHandler
                0x0000000008006df8       0x24 ../libDaisy/build/libdaisy.a(system.o)
                0x0000000008006df8                OTG_HS_EP1_IN_IRQHandler
 .text.OTG_HS_IRQHandler
                0x0000000008006e1c       0x24 ../libDaisy/build/libdaisy.a(system.o)
                0x0000000008006e1c                OTG_HS_IRQHandler
 .text.HardFault_Handler
                0x0000000008006e40       0xe0 ../libDaisy/build/libdaisy.a(system.o)
                0x0000000008006e40                HardFault_Handler
 .text._ZN5daisy6System6GetNowEv
                0x0000000008006f20        0x4 ../libDaisy/build/libdaisy.a(system.o)
                0x0000000008006f20                daisy::System::GetNow()
 .text._ZN5daisy6System5DelayEm
                0x0000000008006f24        0x4 ../libDaisy/build/libdaisy.a(system.o)
                0x0000000008006f24                daisy::System::Delay(unsigned long)
 .text._ZN5daisy6System15ConfigureClocksEv
                0x0000000008006f28      0x194 ../libDaisy/build/libdaisy.a(system.o)
                0x0000000008006f28                daisy::System::ConfigureClocks()
 .text._ZN5daisy6System4InitERKNS0_6ConfigE
                0x00000000080070bc      0x140 ../libDaisy/build/libdaisy.a(system.o)
                0x00000000080070bc                daisy::System::Init(daisy::System::Config const&)
 .text._ZN5daisy6System12GetPClk1FreqEv
                0x00000000080071fc        0x4 ../libDaisy/build/libdaisy.a(system.o)
                0x00000000080071fc                daisy::System::GetPClk1Freq()
 .text._ZN5daisy6System12GetPClk2FreqEv
                0x0000000008007200        0x4 ../libDaisy/build/libdaisy.a(system.o)
                0x0000000008007200                daisy::System::GetPClk2Freq()
 .text._ZN5daisy6System22GetProgramMemoryRegionEv
                0x0000000008007204       0x78 ../libDaisy/build/libdaisy.a(system.o)
                0x0000000008007204                daisy::System::GetProgramMemoryRegion()
 .text.startup._GLOBAL__sub_I_SysTick_Handler
                0x000000000800727c       0x1c ../libDaisy/build/libdaisy.a(system.o)
 .text.SystemInit
                0x0000000008007298       0x9c ../libDaisy/build/libdaisy.a(system_stm32h7xx.o)
                0x0000000008007298                SystemInit
 .text.HAL_PCD_SetupStageCallback
                0x0000000008007334        0xc ../libDaisy/build/libdaisy.a(usbd_conf.o)
                0x0000000008007334                HAL_PCD_SetupStageCallback
 .text.HAL_PCD_DataOutStageCallback
                0x0000000008007340       0x14 ../libDaisy/build/libdaisy.a(usbd_conf.o)
                0x0000000008007340                HAL_PCD_DataOutStageCallback
 .text.HAL_PCD_DataInStageCallback
                0x0000000008007354       0x14 ../libDaisy/build/libdaisy.a(usbd_conf.o)
                0x0000000008007354                HAL_PCD_DataInStageCallback
 .text.HAL_PCD_SOFCallback
                0x0000000008007368        0x8 ../libDaisy/build/libdaisy.a(usbd_conf.o)
                0x0000000008007368                HAL_PCD_SOFCallback
 .text.HAL_PCD_ResetCallback
                0x0000000008007370       0x24 ../libDaisy/build/libdaisy.a(usbd_conf.o)
                0x0000000008007370                HAL_PCD_ResetCallback
 .text.HAL_PCD_SuspendCallback
                0x0000000008007394       0x30 ../libDaisy/build/libdaisy.a(usbd_conf.o)
                0x0000000008007394                HAL_PCD_SuspendCallback
 .text.HAL_PCD_ResumeCallback
                0x00000000080073c4        0x8 ../libDaisy/build/libdaisy.a(usbd_conf.o)
                0x00000000080073c4                HAL_PCD_ResumeCallback
 .text.HAL_PCD_ISOOUTIncompleteCallback
                0x00000000080073cc        0x8 ../libDaisy/build/libdaisy.a(usbd_conf.o)
                0x00000000080073cc                HAL_PCD_ISOOUTIncompleteCallback
 .text.HAL_PCD_ISOINIncompleteCallback
                0x00000000080073d4        0x8 ../libDaisy/build/libdaisy.a(usbd_conf.o)
                0x00000000080073d4                HAL_PCD_ISOINIncompleteCallback
 .text.HAL_PCD_ConnectCallback
                0x00000000080073dc        0x8 ../libDaisy/build/libdaisy.a(usbd_conf.o)
                0x00000000080073dc                HAL_PCD_ConnectCallback
 .text.HAL_PCD_DisconnectCallback
                0x00000000080073e4        0x8 ../libDaisy/build/libdaisy.a(usbd_conf.o)
                0x00000000080073e4                HAL_PCD_DisconnectCallback
 .text.USBD_LL_OpenEP
                0x00000000080073ec       0x24 ../libDaisy/build/libdaisy.a(usbd_conf.o)
                0x00000000080073ec                USBD_LL_OpenEP
 .text.USBD_LL_StallEP
                0x0000000008007410       0x1c ../libDaisy/build/libdaisy.a(usbd_conf.o)
                0x0000000008007410                USBD_LL_StallEP
 .text.USBD_LL_ClearStallEP
                0x000000000800742c       0x1c ../libDaisy/build/libdaisy.a(usbd_conf.o)
                0x000000000800742c                USBD_LL_ClearStallEP
 .text.USBD_LL_IsStallEP
                0x0000000008007448       0x28 ../libDaisy/build/libdaisy.a(usbd_conf.o)
                0x0000000008007448                USBD_LL_IsStallEP
 .text.USBD_LL_SetUSBAddress
                0x0000000008007470       0x1c ../libDaisy/build/libdaisy.a(usbd_conf.o)
                0x0000000008007470                USBD_LL_SetUSBAddress
 .text.USBD_LL_Transmit
                0x000000000800748c       0x1c ../libDaisy/build/libdaisy.a(usbd_conf.o)
                0x000000000800748c                USBD_LL_Transmit
 .text.USBD_LL_PrepareReceive
                0x00000000080074a8       0x1c ../libDaisy/build/libdaisy.a(usbd_conf.o)
                0x00000000080074a8                USBD_LL_PrepareReceive
 .text.HAL_HCD_SOF_Callback
                0x00000000080074c4        0x8 ../libDaisy/build/libdaisy.a(usbh_conf.o)
                0x00000000080074c4                HAL_HCD_SOF_Callback
 .text.HAL_HCD_Connect_Callback
                0x00000000080074cc        0x8 ../libDaisy/build/libdaisy.a(usbh_conf.o)
                0x00000000080074cc                HAL_HCD_Connect_Callback
 .text.HAL_HCD_Disconnect_Callback
                0x00000000080074d4        0x8 ../libDaisy/build/libdaisy.a(usbh_conf.o)
                0x00000000080074d4                HAL_HCD_Disconnect_Callback
 .text.HAL_HCD_HC_NotifyURBChange_Callback
                0x00000000080074dc        0x4 ../libDaisy/build/libdaisy.a(usbh_conf.o)
                0x00000000080074dc                HAL_HCD_HC_NotifyURBChange_Callback
 .text.HAL_HCD_PortEnabled_Callback
                0x00000000080074e0        0x8 ../libDaisy/build/libdaisy.a(usbh_conf.o)
                0x00000000080074e0                HAL_HCD_PortEnabled_Callback
 .text.HAL_HCD_PortDisabled_Callback
                0x00000000080074e8        0x8 ../libDaisy/build/libdaisy.a(usbh_conf.o)
                0x00000000080074e8                HAL_HCD_PortDisabled_Callback
 .text.USBH_LL_Stop
                0x00000000080074f0       0x1c ../libDaisy/build/libdaisy.a(usbh_conf.o)
                0x00000000080074f0                USBH_LL_Stop
 .text.dsy_hal_map_get_port
                0x000000000800750c       0x10 ../libDaisy/build/libdaisy.a(hal_map.o)
                0x000000000800750c                dsy_hal_map_get_port
 .text.dsy_hal_map_get_pin
                0x000000000800751c       0x10 ../libDaisy/build/libdaisy.a(hal_map.o)
                0x000000000800751c                dsy_hal_map_get_pin
 .text.dsy_hal_map_gpio_clk_enable
                0x000000000800752c      0x150 ../libDaisy/build/libdaisy.a(hal_map.o)
                0x000000000800752c                dsy_hal_map_gpio_clk_enable
 .text.HAL_MspInit
                0x000000000800767c        0x4 ../libDaisy/build/libdaisy.a(stm32h7xx_hal.o)
                0x000000000800767c                HAL_MspInit
 .text.HAL_InitTick
                0x0000000008007680       0x4c ../libDaisy/build/libdaisy.a(stm32h7xx_hal.o)
                0x0000000008007680                HAL_InitTick
 .text.HAL_Init
                0x00000000080076cc       0x60 ../libDaisy/build/libdaisy.a(stm32h7xx_hal.o)
                0x00000000080076cc                HAL_Init
 .text.HAL_IncTick
                0x000000000800772c       0x18 ../libDaisy/build/libdaisy.a(stm32h7xx_hal.o)
                0x000000000800772c                HAL_IncTick
 .text.HAL_GetTick
                0x0000000008007744        0xc ../libDaisy/build/libdaisy.a(stm32h7xx_hal.o)
                0x0000000008007744                HAL_GetTick
 .text.HAL_Delay
                0x0000000008007750       0x24 ../libDaisy/build/libdaisy.a(stm32h7xx_hal.o)
                0x0000000008007750                HAL_Delay
 .text.HAL_GetREVID
                0x0000000008007774        0xc ../libDaisy/build/libdaisy.a(stm32h7xx_hal.o)
                0x0000000008007774                HAL_GetREVID
 .text.HAL_ADC_ConvHalfCpltCallback
                0x0000000008007780        0x4 ../libDaisy/build/libdaisy.a(stm32h7xx_hal_adc.o)
                0x0000000008007780                HAL_ADC_ConvHalfCpltCallback
 .text.ADC_DMAHalfConvCplt
                0x0000000008007784        0xc ../libDaisy/build/libdaisy.a(stm32h7xx_hal_adc.o)
                0x0000000008007784                ADC_DMAHalfConvCplt
 .text.ADC_DMAConvCplt
                0x0000000008007790       0x6c ../libDaisy/build/libdaisy.a(stm32h7xx_hal_adc.o)
                0x0000000008007790                ADC_DMAConvCplt
 .text.ADC_DMAError
                0x00000000080077fc       0x1c ../libDaisy/build/libdaisy.a(stm32h7xx_hal_adc.o)
                0x00000000080077fc                ADC_DMAError
 .text.HAL_ADC_ConfigChannel
                0x0000000008007818      0x3fc ../libDaisy/build/libdaisy.a(stm32h7xx_hal_adc.o)
                0x0000000008007818                HAL_ADC_ConfigChannel
 .text.ADC_Enable
                0x0000000008007c14       0xac ../libDaisy/build/libdaisy.a(stm32h7xx_hal_adc.o)
                0x0000000008007c14                ADC_Enable
 .text.HAL_ADC_Start_DMA
                0x0000000008007cc0      0x114 ../libDaisy/build/libdaisy.a(stm32h7xx_hal_adc.o)
                0x0000000008007cc0                HAL_ADC_Start_DMA
 .text.ADC_Disable
                0x0000000008007dd4       0x68 ../libDaisy/build/libdaisy.a(stm32h7xx_hal_adc.o)
                0x0000000008007dd4                ADC_Disable
 .text.ADC_ConfigureBoostMode
                0x0000000008007e3c      0x184 ../libDaisy/build/libdaisy.a(stm32h7xx_hal_adc.o)
                0x0000000008007e3c                ADC_ConfigureBoostMode
 .text.HAL_ADC_Init
                0x0000000008007fc0      0x218 ../libDaisy/build/libdaisy.a(stm32h7xx_hal_adc.o)
                0x0000000008007fc0                HAL_ADC_Init
 .text.HAL_ADCEx_Calibration_Start
                0x00000000080081d8       0xa4 ../libDaisy/build/libdaisy.a(stm32h7xx_hal_adc_ex.o)
                0x00000000080081d8                HAL_ADCEx_Calibration_Start
 .text.HAL_ADCEx_MultiModeConfigChannel
                0x000000000800827c       0xc4 ../libDaisy/build/libdaisy.a(stm32h7xx_hal_adc_ex.o)
                0x000000000800827c                HAL_ADCEx_MultiModeConfigChannel
 .text.HAL_NVIC_SetPriorityGrouping
                0x0000000008008340       0x24 ../libDaisy/build/libdaisy.a(stm32h7xx_hal_cortex.o)
                0x0000000008008340                HAL_NVIC_SetPriorityGrouping
 .text.HAL_NVIC_SetPriority
                0x0000000008008364       0x7c ../libDaisy/build/libdaisy.a(stm32h7xx_hal_cortex.o)
                0x0000000008008364                HAL_NVIC_SetPriority
 .text.HAL_NVIC_EnableIRQ
                0x00000000080083e0       0x1c ../libDaisy/build/libdaisy.a(stm32h7xx_hal_cortex.o)
                0x00000000080083e0                HAL_NVIC_EnableIRQ
 .text.HAL_NVIC_DisableIRQ
                0x00000000080083fc       0x28 ../libDaisy/build/libdaisy.a(stm32h7xx_hal_cortex.o)
                0x00000000080083fc                HAL_NVIC_DisableIRQ
 .text.HAL_SYSTICK_Config
                0x0000000008008424       0x2c ../libDaisy/build/libdaisy.a(stm32h7xx_hal_cortex.o)
                0x0000000008008424                HAL_SYSTICK_Config
 .text.HAL_MPU_Disable
                0x0000000008008450       0x1c ../libDaisy/build/libdaisy.a(stm32h7xx_hal_cortex.o)
                0x0000000008008450                HAL_MPU_Disable
 .text.HAL_MPU_Enable
                0x000000000800846c       0x20 ../libDaisy/build/libdaisy.a(stm32h7xx_hal_cortex.o)
                0x000000000800846c                HAL_MPU_Enable
 .text.HAL_MPU_ConfigRegion
                0x000000000800848c       0x64 ../libDaisy/build/libdaisy.a(stm32h7xx_hal_cortex.o)
                0x000000000800848c                HAL_MPU_ConfigRegion
 .text.HAL_SYSTICK_Callback
                0x00000000080084f0        0x4 ../libDaisy/build/libdaisy.a(stm32h7xx_hal_cortex.o)
                0x00000000080084f0                HAL_SYSTICK_Callback
 .text.HAL_SYSTICK_IRQHandler
                0x00000000080084f4        0x8 ../libDaisy/build/libdaisy.a(stm32h7xx_hal_cortex.o)
                0x00000000080084f4                HAL_SYSTICK_IRQHandler
 .text.HAL_DAC_Init
                0x00000000080084fc       0x2c ../libDaisy/build/libdaisy.a(stm32h7xx_hal_dac.o)
                0x00000000080084fc                HAL_DAC_Init
 .text.HAL_DAC_Start
                0x0000000008008528       0x5c ../libDaisy/build/libdaisy.a(stm32h7xx_hal_dac.o)
                0x0000000008008528                HAL_DAC_Start
 .text.HAL_DAC_SetValue
                0x0000000008008584       0x30 ../libDaisy/build/libdaisy.a(stm32h7xx_hal_dac.o)
                0x0000000008008584                HAL_DAC_SetValue
 .text.HAL_DAC_DMAUnderrunCallbackCh1
                0x00000000080085b4        0x4 ../libDaisy/build/libdaisy.a(stm32h7xx_hal_dac.o)
                0x00000000080085b4                HAL_DAC_DMAUnderrunCallbackCh1
 .text.HAL_DAC_IRQHandler
                0x00000000080085b8       0x68 ../libDaisy/build/libdaisy.a(stm32h7xx_hal_dac.o)
                0x00000000080085b8                HAL_DAC_IRQHandler
 .text.HAL_DAC_ConfigChannel
                0x0000000008008620      0x130 ../libDaisy/build/libdaisy.a(stm32h7xx_hal_dac.o)
                0x0000000008008620                HAL_DAC_ConfigChannel
 .text.HAL_DACEx_DMAUnderrunCallbackCh2
                0x0000000008008750        0x4 ../libDaisy/build/libdaisy.a(stm32h7xx_hal_dac_ex.o)
                0x0000000008008750                HAL_DACEx_DMAUnderrunCallbackCh2
 .text.DMA_CalcBaseAndBitshift
                0x0000000008008754       0xf4 ../libDaisy/build/libdaisy.a(stm32h7xx_hal_dma.o)
 .text.DMA_CalcDMAMUXChannelBaseAndMask
                0x0000000008008848       0xd8 ../libDaisy/build/libdaisy.a(stm32h7xx_hal_dma.o)
 .text.HAL_DMA_Init
                0x0000000008008920      0x37c ../libDaisy/build/libdaisy.a(stm32h7xx_hal_dma.o)
                0x0000000008008920                HAL_DMA_Init
 .text.HAL_DMA_Start_IT
                0x0000000008008c9c      0x240 ../libDaisy/build/libdaisy.a(stm32h7xx_hal_dma.o)
                0x0000000008008c9c                HAL_DMA_Start_IT
 .text.HAL_DMA_Abort_IT
                0x0000000008008edc      0x134 ../libDaisy/build/libdaisy.a(stm32h7xx_hal_dma.o)
                0x0000000008008edc                HAL_DMA_Abort_IT
 .text.HAL_DMA_IRQHandler
                0x0000000008009010      0x6a0 ../libDaisy/build/libdaisy.a(stm32h7xx_hal_dma.o)
                0x0000000008009010                HAL_DMA_IRQHandler
 .text.HAL_DMA_GetError
                0x00000000080096b0        0x4 ../libDaisy/build/libdaisy.a(stm32h7xx_hal_dma.o)
                0x00000000080096b0                HAL_DMA_GetError
 .text.HAL_GPIO_Init
                0x00000000080096b4      0x280 ../libDaisy/build/libdaisy.a(stm32h7xx_hal_gpio.o)
                0x00000000080096b4                HAL_GPIO_Init
 .text.HAL_GPIO_DeInit
                0x0000000008009934      0x190 ../libDaisy/build/libdaisy.a(stm32h7xx_hal_gpio.o)
                0x0000000008009934                HAL_GPIO_DeInit
 .text.HAL_GPIO_ReadPin
                0x0000000008009ac4        0xc ../libDaisy/build/libdaisy.a(stm32h7xx_hal_gpio.o)
                0x0000000008009ac4                HAL_GPIO_ReadPin
 .text.HAL_GPIO_WritePin
                0x0000000008009ad0        0x8 ../libDaisy/build/libdaisy.a(stm32h7xx_hal_gpio.o)
                0x0000000008009ad0                HAL_GPIO_WritePin
 .text.HAL_HCD_IRQHandler
                0x0000000008009ad8      0x780 ../libDaisy/build/libdaisy.a(stm32h7xx_hal_hcd.o)
                0x0000000008009ad8                HAL_HCD_IRQHandler
 .text.HAL_HCD_Stop
                0x000000000800a258       0x28 ../libDaisy/build/libdaisy.a(stm32h7xx_hal_hcd.o)
                0x000000000800a258                HAL_HCD_Stop
 .text.I2C_WaitOnTXISFlagUntilTimeout
                0x000000000800a280       0xb8 ../libDaisy/build/libdaisy.a(stm32h7xx_hal_i2c.o)
 .text.I2C_WaitOnSTOPFlagUntilTimeout
                0x000000000800a338       0xac ../libDaisy/build/libdaisy.a(stm32h7xx_hal_i2c.o)
 .text.HAL_I2C_Init
                0x000000000800a3e4       0xac ../libDaisy/build/libdaisy.a(stm32h7xx_hal_i2c.o)
                0x000000000800a3e4                HAL_I2C_Init
 .text.HAL_I2C_Master_Transmit
                0x000000000800a490      0x1a8 ../libDaisy/build/libdaisy.a(stm32h7xx_hal_i2c.o)
                0x000000000800a490                HAL_I2C_Master_Transmit
 .text.HAL_I2C_Slave_Transmit
                0x000000000800a638      0x1c8 ../libDaisy/build/libdaisy.a(stm32h7xx_hal_i2c.o)
                0x000000000800a638                HAL_I2C_Slave_Transmit
 .text.HAL_I2C_EV_IRQHandler
                0x000000000800a800       0x10 ../libDaisy/build/libdaisy.a(stm32h7xx_hal_i2c.o)
                0x000000000800a800                HAL_I2C_EV_IRQHandler
 .text.HAL_I2C_GetState
                0x000000000800a810        0x8 ../libDaisy/build/libdaisy.a(stm32h7xx_hal_i2c.o)
                0x000000000800a810                HAL_I2C_GetState
 .text.HAL_I2CEx_ConfigAnalogFilter
                0x000000000800a818       0x54 ../libDaisy/build/libdaisy.a(stm32h7xx_hal_i2c_ex.o)
                0x000000000800a818                HAL_I2CEx_ConfigAnalogFilter
 .text.HAL_I2CEx_ConfigDigitalFilter
                0x000000000800a86c       0x58 ../libDaisy/build/libdaisy.a(stm32h7xx_hal_i2c_ex.o)
                0x000000000800a86c                HAL_I2CEx_ConfigDigitalFilter
 .text.HAL_PCD_IRQHandler
                0x000000000800a8c4      0x69c ../libDaisy/build/libdaisy.a(stm32h7xx_hal_pcd.o)
                0x000000000800a8c4                HAL_PCD_IRQHandler
 .text.HAL_PCD_SetAddress
                0x000000000800af60       0x2c ../libDaisy/build/libdaisy.a(stm32h7xx_hal_pcd.o)
                0x000000000800af60                HAL_PCD_SetAddress
 .text.HAL_PCD_EP_Open
                0x000000000800af8c       0x7c ../libDaisy/build/libdaisy.a(stm32h7xx_hal_pcd.o)
                0x000000000800af8c                HAL_PCD_EP_Open
 .text.HAL_PCD_EP_Receive
                0x000000000800b008       0x50 ../libDaisy/build/libdaisy.a(stm32h7xx_hal_pcd.o)
                0x000000000800b008                HAL_PCD_EP_Receive
 .text.HAL_PCD_EP_Transmit
                0x000000000800b058       0x50 ../libDaisy/build/libdaisy.a(stm32h7xx_hal_pcd.o)
                0x000000000800b058                HAL_PCD_EP_Transmit
 .text.HAL_PCD_EP_SetStall
                0x000000000800b0a8       0x88 ../libDaisy/build/libdaisy.a(stm32h7xx_hal_pcd.o)
                0x000000000800b0a8                HAL_PCD_EP_SetStall
 .text.HAL_PCD_EP_ClrStall
                0x000000000800b130       0x78 ../libDaisy/build/libdaisy.a(stm32h7xx_hal_pcd.o)
                0x000000000800b130                HAL_PCD_EP_ClrStall
 .text.HAL_PCDEx_LPM_Callback
                0x000000000800b1a8        0x4 ../libDaisy/build/libdaisy.a(stm32h7xx_hal_pcd_ex.o)
                0x000000000800b1a8                HAL_PCDEx_LPM_Callback
 .text.HAL_PWREx_ConfigSupply
                0x000000000800b1ac       0x4c ../libDaisy/build/libdaisy.a(stm32h7xx_hal_pwr_ex.o)
                0x000000000800b1ac                HAL_PWREx_ConfigSupply
 .text.HAL_PWREx_EnableUSBVoltageDetector
                0x000000000800b1f8       0x10 ../libDaisy/build/libdaisy.a(stm32h7xx_hal_pwr_ex.o)
                0x000000000800b1f8                HAL_PWREx_EnableUSBVoltageDetector
 .text.QSPI_Config
                0x000000000800b208      0x174 ../libDaisy/build/libdaisy.a(stm32h7xx_hal_qspi.o)
 .text.HAL_QSPI_Init
                0x000000000800b37c       0xd8 ../libDaisy/build/libdaisy.a(stm32h7xx_hal_qspi.o)
                0x000000000800b37c                HAL_QSPI_Init
 .text.HAL_QSPI_DeInit
                0x000000000800b454       0x3c ../libDaisy/build/libdaisy.a(stm32h7xx_hal_qspi.o)
                0x000000000800b454                HAL_QSPI_DeInit
 .text.HAL_QSPI_Command
                0x000000000800b490       0xd4 ../libDaisy/build/libdaisy.a(stm32h7xx_hal_qspi.o)
                0x000000000800b490                HAL_QSPI_Command
 .text.HAL_QSPI_Transmit
                0x000000000800b564       0xfc ../libDaisy/build/libdaisy.a(stm32h7xx_hal_qspi.o)
                0x000000000800b564                HAL_QSPI_Transmit
 .text.HAL_QSPI_Receive
                0x000000000800b660      0x108 ../libDaisy/build/libdaisy.a(stm32h7xx_hal_qspi.o)
                0x000000000800b660                HAL_QSPI_Receive
 .text.HAL_QSPI_AutoPolling
                0x000000000800b768       0xf0 ../libDaisy/build/libdaisy.a(stm32h7xx_hal_qspi.o)
                0x000000000800b768                HAL_QSPI_AutoPolling
 .text.HAL_QSPI_MemoryMapped
                0x000000000800b858       0xc0 ../libDaisy/build/libdaisy.a(stm32h7xx_hal_qspi.o)
                0x000000000800b858                HAL_QSPI_MemoryMapped
 .text.HAL_QSPI_ErrorCallback
                0x000000000800b918        0x4 ../libDaisy/build/libdaisy.a(stm32h7xx_hal_qspi.o)
                0x000000000800b918                HAL_QSPI_ErrorCallback
 .text.QSPI_DMAAbortCplt
                0x000000000800b91c       0x38 ../libDaisy/build/libdaisy.a(stm32h7xx_hal_qspi.o)
 .text.HAL_QSPI_AbortCpltCallback
                0x000000000800b954        0x4 ../libDaisy/build/libdaisy.a(stm32h7xx_hal_qspi.o)
                0x000000000800b954                HAL_QSPI_AbortCpltCallback
 .text.HAL_QSPI_CmdCpltCallback
                0x000000000800b958        0x4 ../libDaisy/build/libdaisy.a(stm32h7xx_hal_qspi.o)
                0x000000000800b958                HAL_QSPI_CmdCpltCallback
 .text.HAL_QSPI_RxCpltCallback
                0x000000000800b95c        0x4 ../libDaisy/build/libdaisy.a(stm32h7xx_hal_qspi.o)
                0x000000000800b95c                HAL_QSPI_RxCpltCallback
 .text.HAL_QSPI_TxCpltCallback
                0x000000000800b960        0x4 ../libDaisy/build/libdaisy.a(stm32h7xx_hal_qspi.o)
                0x000000000800b960                HAL_QSPI_TxCpltCallback
 .text.HAL_QSPI_FifoThresholdCallback
                0x000000000800b964        0x4 ../libDaisy/build/libdaisy.a(stm32h7xx_hal_qspi.o)
                0x000000000800b964                HAL_QSPI_FifoThresholdCallback
 .text.HAL_QSPI_StatusMatchCallback
                0x000000000800b968        0x4 ../libDaisy/build/libdaisy.a(stm32h7xx_hal_qspi.o)
                0x000000000800b968                HAL_QSPI_StatusMatchCallback
 .text.HAL_QSPI_TimeOutCallback
                0x000000000800b96c        0x4 ../libDaisy/build/libdaisy.a(stm32h7xx_hal_qspi.o)
                0x000000000800b96c                HAL_QSPI_TimeOutCallback
 .text.HAL_QSPI_IRQHandler
                0x000000000800b970      0x210 ../libDaisy/build/libdaisy.a(stm32h7xx_hal_qspi.o)
                0x000000000800b970                HAL_QSPI_IRQHandler
 .text.HAL_RCC_OscConfig
                0x000000000800bb80      0x51c ../libDaisy/build/libdaisy.a(stm32h7xx_hal_rcc.o)
                0x000000000800bb80                HAL_RCC_OscConfig
 .text.HAL_RCC_GetSysClockFreq
                0x000000000800c09c      0x140 ../libDaisy/build/libdaisy.a(stm32h7xx_hal_rcc.o)
                0x000000000800c09c                HAL_RCC_GetSysClockFreq
 .text.HAL_RCC_ClockConfig
                0x000000000800c1dc      0x234 ../libDaisy/build/libdaisy.a(stm32h7xx_hal_rcc.o)
                0x000000000800c1dc                HAL_RCC_ClockConfig
 .text.HAL_RCC_GetHCLKFreq
                0x000000000800c410       0x2c ../libDaisy/build/libdaisy.a(stm32h7xx_hal_rcc.o)
                0x000000000800c410                HAL_RCC_GetHCLKFreq
 .text.HAL_RCC_GetPCLK1Freq
                0x000000000800c43c       0x38 ../libDaisy/build/libdaisy.a(stm32h7xx_hal_rcc.o)
                0x000000000800c43c                HAL_RCC_GetPCLK1Freq
 .text.HAL_RCC_GetPCLK2Freq
                0x000000000800c474       0x38 ../libDaisy/build/libdaisy.a(stm32h7xx_hal_rcc.o)
                0x000000000800c474                HAL_RCC_GetPCLK2Freq
 .text.RCCEx_PLL2_Config
                0x000000000800c4ac       0xf4 ../libDaisy/build/libdaisy.a(stm32h7xx_hal_rcc_ex.o)
 .text.RCCEx_PLL3_Config
                0x000000000800c5a0       0xf4 ../libDaisy/build/libdaisy.a(stm32h7xx_hal_rcc_ex.o)
 .text.HAL_RCCEx_PeriphCLKConfig
                0x000000000800c694      0xa7c ../libDaisy/build/libdaisy.a(stm32h7xx_hal_rcc_ex.o)
                0x000000000800c694                HAL_RCCEx_PeriphCLKConfig
 .text.HAL_RCCEx_GetD3PCLK1Freq
                0x000000000800d110       0x24 ../libDaisy/build/libdaisy.a(stm32h7xx_hal_rcc_ex.o)
                0x000000000800d110                HAL_RCCEx_GetD3PCLK1Freq
 .text.HAL_RCCEx_GetPLL2ClockFreq
                0x000000000800d134      0x17c ../libDaisy/build/libdaisy.a(stm32h7xx_hal_rcc_ex.o)
                0x000000000800d134                HAL_RCCEx_GetPLL2ClockFreq
 .text.HAL_RCCEx_GetPLL3ClockFreq
                0x000000000800d2b0      0x17c ../libDaisy/build/libdaisy.a(stm32h7xx_hal_rcc_ex.o)
                0x000000000800d2b0                HAL_RCCEx_GetPLL3ClockFreq
 .text.HAL_RCCEx_GetPLL1ClockFreq
                0x000000000800d42c      0x17c ../libDaisy/build/libdaisy.a(stm32h7xx_hal_rcc_ex.o)
                0x000000000800d42c                HAL_RCCEx_GetPLL1ClockFreq
 .text.HAL_RCCEx_GetPeriphCLKFreq
                0x000000000800d5a8      0x198 ../libDaisy/build/libdaisy.a(stm32h7xx_hal_rcc_ex.o)
                0x000000000800d5a8                HAL_RCCEx_GetPeriphCLKFreq
 .text.HAL_RCCEx_GetD1SysClockFreq
                0x000000000800d740       0x2c ../libDaisy/build/libdaisy.a(stm32h7xx_hal_rcc_ex.o)
                0x000000000800d740                HAL_RCCEx_GetD1SysClockFreq
 .text.HAL_SAI_Init.part.0
                0x000000000800d76c      0x348 ../libDaisy/build/libdaisy.a(stm32h7xx_hal_sai.o)
 .text.HAL_SAI_InitProtocol
                0x000000000800dab4      0x178 ../libDaisy/build/libdaisy.a(stm32h7xx_hal_sai.o)
                0x000000000800dab4                HAL_SAI_InitProtocol
 .text.HAL_SAI_Transmit_DMA
                0x000000000800dc2c      0x124 ../libDaisy/build/libdaisy.a(stm32h7xx_hal_sai.o)
                0x000000000800dc2c                HAL_SAI_Transmit_DMA
 .text.HAL_SAI_Receive_DMA
                0x000000000800dd50       0xd0 ../libDaisy/build/libdaisy.a(stm32h7xx_hal_sai.o)
                0x000000000800dd50                HAL_SAI_Receive_DMA
 .text.HAL_SAI_TxCpltCallback
                0x000000000800de20        0x4 ../libDaisy/build/libdaisy.a(stm32h7xx_hal_sai.o)
                0x000000000800de20                HAL_SAI_TxCpltCallback
 .text.SAI_DMATxCplt
                0x000000000800de24       0x64 ../libDaisy/build/libdaisy.a(stm32h7xx_hal_sai.o)
 .text.HAL_SAI_TxHalfCpltCallback
                0x000000000800de88        0x4 ../libDaisy/build/libdaisy.a(stm32h7xx_hal_sai.o)
                0x000000000800de88                HAL_SAI_TxHalfCpltCallback
 .text.SAI_DMATxHalfCplt
                0x000000000800de8c        0xc ../libDaisy/build/libdaisy.a(stm32h7xx_hal_sai.o)
 .text.SAI_DMARxCplt
                0x000000000800de98       0x64 ../libDaisy/build/libdaisy.a(stm32h7xx_hal_sai.o)
 .text.SAI_DMARxHalfCplt
                0x000000000800defc        0xc ../libDaisy/build/libdaisy.a(stm32h7xx_hal_sai.o)
 .text.HAL_SAI_ErrorCallback
                0x000000000800df08        0x4 ../libDaisy/build/libdaisy.a(stm32h7xx_hal_sai.o)
                0x000000000800df08                HAL_SAI_ErrorCallback
 .text.SAI_DMAError
                0x000000000800df0c       0x6c ../libDaisy/build/libdaisy.a(stm32h7xx_hal_sai.o)
 .text.HAL_SD_TxCpltCallback
                0x000000000800df78        0x4 ../libDaisy/build/libdaisy.a(stm32h7xx_hal_sd.o)
                0x000000000800df78                HAL_SD_TxCpltCallback
 .text.HAL_SD_RxCpltCallback
                0x000000000800df7c        0x4 ../libDaisy/build/libdaisy.a(stm32h7xx_hal_sd.o)
                0x000000000800df7c                HAL_SD_RxCpltCallback
 .text.HAL_SD_ErrorCallback
                0x000000000800df80        0x4 ../libDaisy/build/libdaisy.a(stm32h7xx_hal_sd.o)
                0x000000000800df80                HAL_SD_ErrorCallback
 .text.HAL_SDEx_Read_DMADoubleBuf0CpltCallback
                0x000000000800df84        0x4 ../libDaisy/build/libdaisy.a(stm32h7xx_hal_sd.o)
                0x000000000800df84                HAL_SDEx_Read_DMADoubleBuf0CpltCallback
 .text.HAL_SDEx_Read_DMADoubleBuf1CpltCallback
                0x000000000800df88        0x4 ../libDaisy/build/libdaisy.a(stm32h7xx_hal_sd.o)
                0x000000000800df88                HAL_SDEx_Read_DMADoubleBuf1CpltCallback
 .text.HAL_SDEx_Write_DMADoubleBuf0CpltCallback
                0x000000000800df8c        0x4 ../libDaisy/build/libdaisy.a(stm32h7xx_hal_sd.o)
                0x000000000800df8c                HAL_SDEx_Write_DMADoubleBuf0CpltCallback
 .text.HAL_SDEx_Write_DMADoubleBuf1CpltCallback
                0x000000000800df90        0x4 ../libDaisy/build/libdaisy.a(stm32h7xx_hal_sd.o)
                0x000000000800df90                HAL_SDEx_Write_DMADoubleBuf1CpltCallback
 .text.HAL_SD_IRQHandler
                0x000000000800df94      0x248 ../libDaisy/build/libdaisy.a(stm32h7xx_hal_sd.o)
                0x000000000800df94                HAL_SD_IRQHandler
 .text.HAL_SDRAM_Init
                0x000000000800e1dc       0x54 ../libDaisy/build/libdaisy.a(stm32h7xx_hal_sdram.o)
                0x000000000800e1dc                HAL_SDRAM_Init
 .text.HAL_SDRAM_SendCommand
                0x000000000800e230       0x40 ../libDaisy/build/libdaisy.a(stm32h7xx_hal_sdram.o)
                0x000000000800e230                HAL_SDRAM_SendCommand
 .text.HAL_SDRAM_ProgramRefreshRate
                0x000000000800e270       0x30 ../libDaisy/build/libdaisy.a(stm32h7xx_hal_sdram.o)
                0x000000000800e270                HAL_SDRAM_ProgramRefreshRate
 .text.HAL_TIM_Base_Init
                0x000000000800e2a0      0x140 ../libDaisy/build/libdaisy.a(stm32h7xx_hal_tim.o)
                0x000000000800e2a0                HAL_TIM_Base_Init
 .text.HAL_TIM_Base_Start
                0x000000000800e3e0       0x34 ../libDaisy/build/libdaisy.a(stm32h7xx_hal_tim.o)
                0x000000000800e3e0                HAL_TIM_Base_Start
 .text.HAL_TIM_Base_Start_IT
                0x000000000800e414       0x2c ../libDaisy/build/libdaisy.a(stm32h7xx_hal_tim.o)
                0x000000000800e414                HAL_TIM_Base_Start_IT
 .text.HAL_TIM_ConfigClockSource
                0x000000000800e440      0x17c ../libDaisy/build/libdaisy.a(stm32h7xx_hal_tim.o)
                0x000000000800e440                HAL_TIM_ConfigClockSource
 .text.HAL_TIM_OC_DelayElapsedCallback
                0x000000000800e5bc        0x4 ../libDaisy/build/libdaisy.a(stm32h7xx_hal_tim.o)
                0x000000000800e5bc                HAL_TIM_OC_DelayElapsedCallback
 .text.HAL_TIM_IC_CaptureCallback
                0x000000000800e5c0        0x4 ../libDaisy/build/libdaisy.a(stm32h7xx_hal_tim.o)
                0x000000000800e5c0                HAL_TIM_IC_CaptureCallback
 .text.HAL_TIM_PWM_PulseFinishedCallback
                0x000000000800e5c4        0x4 ../libDaisy/build/libdaisy.a(stm32h7xx_hal_tim.o)
                0x000000000800e5c4                HAL_TIM_PWM_PulseFinishedCallback
 .text.HAL_TIM_TriggerCallback
                0x000000000800e5c8        0x4 ../libDaisy/build/libdaisy.a(stm32h7xx_hal_tim.o)
                0x000000000800e5c8                HAL_TIM_TriggerCallback
 .text.HAL_TIM_IRQHandler
                0x000000000800e5cc      0x170 ../libDaisy/build/libdaisy.a(stm32h7xx_hal_tim.o)
                0x000000000800e5cc                HAL_TIM_IRQHandler
 .text.HAL_TIMEx_MasterConfigSynchronization
                0x000000000800e73c       0x64 ../libDaisy/build/libdaisy.a(stm32h7xx_hal_tim_ex.o)
                0x000000000800e73c                HAL_TIMEx_MasterConfigSynchronization
 .text.HAL_TIMEx_CommutCallback
                0x000000000800e7a0        0x4 ../libDaisy/build/libdaisy.a(stm32h7xx_hal_tim_ex.o)
                0x000000000800e7a0                HAL_TIMEx_CommutCallback
 .text.HAL_TIMEx_BreakCallback
                0x000000000800e7a4        0x4 ../libDaisy/build/libdaisy.a(stm32h7xx_hal_tim_ex.o)
                0x000000000800e7a4                HAL_TIMEx_BreakCallback
 .text.HAL_TIMEx_Break2Callback
                0x000000000800e7a8        0x4 ../libDaisy/build/libdaisy.a(stm32h7xx_hal_tim_ex.o)
                0x000000000800e7a8                HAL_TIMEx_Break2Callback
 .text.HAL_UART_Transmit_DMA
                0x000000000800e7ac       0xa4 ../libDaisy/build/libdaisy.a(stm32h7xx_hal_uart.o)
                0x000000000800e7ac                HAL_UART_Transmit_DMA
 .text.HAL_UART_Receive_DMA
                0x000000000800e850       0xac ../libDaisy/build/libdaisy.a(stm32h7xx_hal_uart.o)
                0x000000000800e850                HAL_UART_Receive_DMA
 .text.UART_DMATransmitCplt
                0x000000000800e8fc       0x2c ../libDaisy/build/libdaisy.a(stm32h7xx_hal_uart.o)
 .text.HAL_UART_TxHalfCpltCallback
                0x000000000800e928        0x4 ../libDaisy/build/libdaisy.a(stm32h7xx_hal_uart.o)
                0x000000000800e928                HAL_UART_TxHalfCpltCallback
 .text.UART_DMATxHalfCplt
                0x000000000800e92c        0xc ../libDaisy/build/libdaisy.a(stm32h7xx_hal_uart.o)
 .text.UART_DMAReceiveCplt
                0x000000000800e938       0x38 ../libDaisy/build/libdaisy.a(stm32h7xx_hal_uart.o)
 .text.UART_DMARxHalfCplt
                0x000000000800e970        0xc ../libDaisy/build/libdaisy.a(stm32h7xx_hal_uart.o)
 .text.UART_DMAError
                0x000000000800e97c       0x78 ../libDaisy/build/libdaisy.a(stm32h7xx_hal_uart.o)
 .text.HAL_UART_IRQHandler
                0x000000000800e9f4      0x1d0 ../libDaisy/build/libdaisy.a(stm32h7xx_hal_uart.o)
                0x000000000800e9f4                HAL_UART_IRQHandler
 .text.UART_DMAAbortOnError
                0x000000000800ebc4       0x14 ../libDaisy/build/libdaisy.a(stm32h7xx_hal_uart.o)
 .text.HAL_UART_GetState
                0x000000000800ebd8        0xc ../libDaisy/build/libdaisy.a(stm32h7xx_hal_uart.o)
                0x000000000800ebd8                HAL_UART_GetState
 .text.UART_SetConfig
                0x000000000800ebe4     0x14b8 ../libDaisy/build/libdaisy.a(stm32h7xx_hal_uart.o)
                0x000000000800ebe4                UART_SetConfig
 .text.UART_AdvFeatureConfig
                0x000000000801009c       0xb0 ../libDaisy/build/libdaisy.a(stm32h7xx_hal_uart.o)
                0x000000000801009c                UART_AdvFeatureConfig
 .text.UART_CheckIdleState
                0x000000000801014c       0x84 ../libDaisy/build/libdaisy.a(stm32h7xx_hal_uart.o)
                0x000000000801014c                UART_CheckIdleState
 .text.HAL_UART_Init
                0x00000000080101d0       0x68 ../libDaisy/build/libdaisy.a(stm32h7xx_hal_uart.o)
                0x00000000080101d0                HAL_UART_Init
 .text.HAL_UARTEx_WakeupCallback
                0x0000000008010238        0x4 ../libDaisy/build/libdaisy.a(stm32h7xx_hal_uart_ex.o)
                0x0000000008010238                HAL_UARTEx_WakeupCallback
 .text.HAL_UARTEx_RxFifoFullCallback
                0x000000000801023c        0x4 ../libDaisy/build/libdaisy.a(stm32h7xx_hal_uart_ex.o)
                0x000000000801023c                HAL_UARTEx_RxFifoFullCallback
 .text.HAL_UARTEx_TxFifoEmptyCallback
                0x0000000008010240        0x4 ../libDaisy/build/libdaisy.a(stm32h7xx_hal_uart_ex.o)
                0x0000000008010240                HAL_UARTEx_TxFifoEmptyCallback
 .text.HAL_UARTEx_DisableFifoMode
                0x0000000008010244       0x3c ../libDaisy/build/libdaisy.a(stm32h7xx_hal_uart_ex.o)
                0x0000000008010244                HAL_UARTEx_DisableFifoMode
 .text.HAL_UARTEx_SetTxFifoThreshold
                0x0000000008010280       0x9c ../libDaisy/build/libdaisy.a(stm32h7xx_hal_uart_ex.o)
                0x0000000008010280                HAL_UARTEx_SetTxFifoThreshold
 .text.HAL_UARTEx_SetRxFifoThreshold
                0x000000000801031c       0x9c ../libDaisy/build/libdaisy.a(stm32h7xx_hal_uart_ex.o)
                0x000000000801031c                HAL_UARTEx_SetRxFifoThreshold
 .text.FMC_SDRAM_Init
                0x00000000080103b8       0x7c ../libDaisy/build/libdaisy.a(stm32h7xx_ll_fmc.o)
                0x00000000080103b8                FMC_SDRAM_Init
 .text.FMC_SDRAM_Timing_Init
                0x0000000008010434       0x98 ../libDaisy/build/libdaisy.a(stm32h7xx_ll_fmc.o)
                0x0000000008010434                FMC_SDRAM_Timing_Init
 .text.FMC_SDRAM_SendCommand
                0x00000000080104cc       0x28 ../libDaisy/build/libdaisy.a(stm32h7xx_ll_fmc.o)
                0x00000000080104cc                FMC_SDRAM_SendCommand
 .text.FMC_SDRAM_ProgramRefreshRate
                0x00000000080104f4       0x1c ../libDaisy/build/libdaisy.a(stm32h7xx_ll_fmc.o)
                0x00000000080104f4                FMC_SDRAM_ProgramRefreshRate
 .text.SDMMC_ReadFIFO
                0x0000000008010510        0x8 ../libDaisy/build/libdaisy.a(stm32h7xx_ll_sdmmc.o)
                0x0000000008010510                SDMMC_ReadFIFO
 .text.SDMMC_WriteFIFO
                0x0000000008010518        0xc ../libDaisy/build/libdaisy.a(stm32h7xx_ll_sdmmc.o)
                0x0000000008010518                SDMMC_WriteFIFO
 .text.SDMMC_CmdStopTransfer
                0x0000000008010524      0x168 ../libDaisy/build/libdaisy.a(stm32h7xx_ll_sdmmc.o)
                0x0000000008010524                SDMMC_CmdStopTransfer
 .text.USB_SetTurnaroundTime
                0x000000000801068c      0x104 ../libDaisy/build/libdaisy.a(stm32h7xx_ll_usb.o)
                0x000000000801068c                USB_SetTurnaroundTime
 .text.USB_FlushTxFifo
                0x0000000008010790       0x34 ../libDaisy/build/libdaisy.a(stm32h7xx_ll_usb.o)
                0x0000000008010790                USB_FlushTxFifo
 .text.USB_GetDevSpeed
                0x00000000080107c4       0x24 ../libDaisy/build/libdaisy.a(stm32h7xx_ll_usb.o)
                0x00000000080107c4                USB_GetDevSpeed
 .text.USB_ActivateEndpoint
                0x00000000080107e8       0x90 ../libDaisy/build/libdaisy.a(stm32h7xx_ll_usb.o)
                0x00000000080107e8                USB_ActivateEndpoint
 .text.USB_EPStartXfer
                0x0000000008010878      0x230 ../libDaisy/build/libdaisy.a(stm32h7xx_ll_usb.o)
                0x0000000008010878                USB_EPStartXfer
 .text.USB_EP0StartXfer
                0x0000000008010aa8      0x174 ../libDaisy/build/libdaisy.a(stm32h7xx_ll_usb.o)
                0x0000000008010aa8                USB_EP0StartXfer
 .text.USB_WritePacket
                0x0000000008010c1c       0x2c ../libDaisy/build/libdaisy.a(stm32h7xx_ll_usb.o)
                0x0000000008010c1c                USB_WritePacket
 .text.USB_ReadPacket
                0x0000000008010c48       0x20 ../libDaisy/build/libdaisy.a(stm32h7xx_ll_usb.o)
                0x0000000008010c48                USB_ReadPacket
 .text.USB_EPSetStall
                0x0000000008010c68       0x68 ../libDaisy/build/libdaisy.a(stm32h7xx_ll_usb.o)
                0x0000000008010c68                USB_EPSetStall
 .text.USB_EPClearStall
                0x0000000008010cd0       0x58 ../libDaisy/build/libdaisy.a(stm32h7xx_ll_usb.o)
                0x0000000008010cd0                USB_EPClearStall
 .text.USB_SetDevAddress
                0x0000000008010d28       0x24 ../libDaisy/build/libdaisy.a(stm32h7xx_ll_usb.o)
                0x0000000008010d28                USB_SetDevAddress
 .text.USB_ReadInterrupts
                0x0000000008010d4c       0x14 ../libDaisy/build/libdaisy.a(stm32h7xx_ll_usb.o)
                0x0000000008010d4c                USB_ReadInterrupts
 .text.USB_ReadDevAllOutEpInterrupt
                0x0000000008010d60       0x1c ../libDaisy/build/libdaisy.a(stm32h7xx_ll_usb.o)
                0x0000000008010d60                USB_ReadDevAllOutEpInterrupt
 .text.USB_ReadDevAllInEpInterrupt
                0x0000000008010d7c       0x1c ../libDaisy/build/libdaisy.a(stm32h7xx_ll_usb.o)
                0x0000000008010d7c                USB_ReadDevAllInEpInterrupt
 .text.USB_ReadDevOutEPInterrupt
                0x0000000008010d98       0x1c ../libDaisy/build/libdaisy.a(stm32h7xx_ll_usb.o)
                0x0000000008010d98                USB_ReadDevOutEPInterrupt
 .text.USB_ReadDevInEPInterrupt
                0x0000000008010db4       0x38 ../libDaisy/build/libdaisy.a(stm32h7xx_ll_usb.o)
                0x0000000008010db4                USB_ReadDevInEPInterrupt
 .text.USB_GetMode
                0x0000000008010dec        0x8 ../libDaisy/build/libdaisy.a(stm32h7xx_ll_usb.o)
                0x0000000008010dec                USB_GetMode
 .text.USB_ActivateSetup
                0x0000000008010df4       0x38 ../libDaisy/build/libdaisy.a(stm32h7xx_ll_usb.o)
                0x0000000008010df4                USB_ActivateSetup
 .text.USB_EP0_OutStart
                0x0000000008010e2c       0x58 ../libDaisy/build/libdaisy.a(stm32h7xx_ll_usb.o)
                0x0000000008010e2c                USB_EP0_OutStart
 .text.USB_InitFSLSPClkSel
                0x0000000008010e84       0x44 ../libDaisy/build/libdaisy.a(stm32h7xx_ll_usb.o)
                0x0000000008010e84                USB_InitFSLSPClkSel
 .text.USB_HC_ReadInterrupt
                0x0000000008010ec8        0x8 ../libDaisy/build/libdaisy.a(stm32h7xx_ll_usb.o)
                0x0000000008010ec8                USB_HC_ReadInterrupt
 .text.USB_HC_Halt
                0x0000000008010ed0       0xc0 ../libDaisy/build/libdaisy.a(stm32h7xx_ll_usb.o)
                0x0000000008010ed0                USB_HC_Halt
 .text.USB_StopHost
                0x0000000008010f90      0x2ec ../libDaisy/build/libdaisy.a(stm32h7xx_ll_usb.o)
                0x0000000008010f90                USB_StopHost
 .text.USBD_SetClassConfig
                0x000000000801127c       0x14 ../libDaisy/build/libdaisy.a(usbd_core.o)
                0x000000000801127c                USBD_SetClassConfig
 .text.USBD_ClrClassConfig
                0x0000000008011290       0x10 ../libDaisy/build/libdaisy.a(usbd_core.o)
                0x0000000008011290                USBD_ClrClassConfig
 .text.USBD_LL_SetupStage
                0x00000000080112a0       0x5c ../libDaisy/build/libdaisy.a(usbd_core.o)
                0x00000000080112a0                USBD_LL_SetupStage
 .text.USBD_LL_DataOutStage
                0x00000000080112fc       0x7c ../libDaisy/build/libdaisy.a(usbd_core.o)
                0x00000000080112fc                USBD_LL_DataOutStage
 .text.USBD_LL_DataInStage
                0x0000000008011378       0xcc ../libDaisy/build/libdaisy.a(usbd_core.o)
                0x0000000008011378                USBD_LL_DataInStage
 .text.USBD_LL_Reset
                0x0000000008011444       0x50 ../libDaisy/build/libdaisy.a(usbd_core.o)
                0x0000000008011444                USBD_LL_Reset
 .text.USBD_LL_SetSpeed
                0x0000000008011494        0x8 ../libDaisy/build/libdaisy.a(usbd_core.o)
                0x0000000008011494                USBD_LL_SetSpeed
 .text.USBD_LL_Suspend