Archive member included to satisfy reference by file (symbol)

../libDaisy/build/libdaisy.a(daisy_seed.o)
                              build/kxmx_bluemchen.o (daisy::DaisySeed::Configure())
../libDaisy/build/libdaisy.a(codec_ak4556.o)
                              ../libDaisy/build/libdaisy.a(daisy_seed.o) (daisy::Ak4556::Init(dsy_gpio_pin))
../libDaisy/build/libdaisy.a(codec_wm8731.o)
                              ../libDaisy/build/libdaisy.a(daisy_seed.o) (daisy::Wm8731::Init(daisy::Wm8731::Config const&, daisy::I2CHandle))
../libDaisy/build/libdaisy.a(sdram.o)
                              ../libDaisy/build/libdaisy.a(daisy_seed.o) (SdramHandle::Init())
../libDaisy/build/libdaisy.a(audio.o)
                              ../libDaisy/build/libdaisy.a(daisy_seed.o) (daisy::AudioHandle::Init(daisy::AudioHandle::Config const&, daisy::SaiHandle))
../libDaisy/build/libdaisy.a(ctrl.o)
                              build/kxmx_bluemchen.o (daisy::AnalogControl::Init(unsigned short*, float, bool, bool, float))
../libDaisy/build/libdaisy.a(encoder.o)
                              build/kxmx_bluemchen.o (daisy::Encoder::Init(dsy_gpio_pin, dsy_gpio_pin, dsy_gpio_pin, float))
../libDaisy/build/libdaisy.a(midi.o)
                              build/kxmx_bluemchen.o (daisy::MidiUartTransport::Config::Config())
../libDaisy/build/libdaisy.a(midi_parser.o)
                              build/kxmx_bluemchen.o (daisy::MidiParser::Reset())
../libDaisy/build/libdaisy.a(parameter.o)
                              build/main.o (daisy::Parameter::Init(daisy::AnalogControl, float, float, daisy::Parameter::Curve))
../libDaisy/build/libdaisy.a(switch.o)
                              ../libDaisy/build/libdaisy.a(encoder.o) (daisy::Switch::Init(dsy_gpio_pin, float))
../libDaisy/build/libdaisy.a(adc.o)
                              build/kxmx_bluemchen.o (daisy::AdcChannelConfig::InitSingle(dsy_gpio_pin, daisy::AdcChannelConfig::ConversionSpeed))
../libDaisy/build/libdaisy.a(dac.o)
                              build/kxmx_bluemchen.o (daisy::DacHandle::Init(daisy::DacHandle::Config const&))
../libDaisy/build/libdaisy.a(gpio.o)
                              ../libDaisy/build/libdaisy.a(daisy_seed.o) (daisy::GPIO::Init(daisy::Pin, daisy::GPIO::Mode, daisy::GPIO::Pull, daisy::GPIO::Speed))
../libDaisy/build/libdaisy.a(i2c.o)
                              build/kxmx_bluemchen.o (daisy::I2CHandle::Init(daisy::I2CHandle::Config const&))
../libDaisy/build/libdaisy.a(qspi.o)
                              ../libDaisy/build/libdaisy.a(daisy_seed.o) (daisy::QSPIHandle::Init(daisy::QSPIHandle::Config const&))
../libDaisy/build/libdaisy.a(sai.o)
                              ../libDaisy/build/libdaisy.a(daisy_seed.o) (daisy::SaiHandle::Init(daisy::SaiHandle::Config const&))
../libDaisy/build/libdaisy.a(sdmmc.o)
                              build/kxmx_bluemchen.o (daisy::SdmmcHandler::Init(daisy::SdmmcHandler::Config const&))
../libDaisy/build/libdaisy.a(tim.o)
                              build/main.o (daisy::TimerHandle::Init(daisy::TimerHandle::Config const&))
../libDaisy/build/libdaisy.a(uart.o)
                              build/kxmx_bluemchen.o (daisy::UartHandler::Init(daisy::UartHandler::Config const&))
../libDaisy/build/libdaisy.a(dma.o)
                              ../libDaisy/build/libdaisy.a(uart.o) (dsy_dma_invalidate_cache_for_buffer)
../libDaisy/build/libdaisy.a(system.o)
                              ../libDaisy/build/libdaisy.a(daisy_seed.o) (daisy::System::DeInit())
../libDaisy/build/libdaisy.a(system_stm32h7xx.o)
                              build/startup_stm32h750xx.o (SystemInit)
../libDaisy/build/libdaisy.a(usbd_conf.o)
                              ../libDaisy/build/libdaisy.a(system.o) (hpcd_USB_OTG_HS)
../libDaisy/build/libdaisy.a(usbh_conf.o)
                              ../libDaisy/build/libdaisy.a(system.o) (hhcd_USB_OTG_HS)
../libDaisy/build/libdaisy.a(hal_map.o)
                              ../libDaisy/build/libdaisy.a(gpio.o) (dsy_hal_map_get_port)
../libDaisy/build/libdaisy.a(oled_fonts.o)
                              build/main.o (Font_6x8)
../libDaisy/build/libdaisy.a(stm32h7xx_hal.o)
                              ../libDaisy/build/libdaisy.a(system.o) (HAL_Init)
../libDaisy/build/libdaisy.a(stm32h7xx_hal_adc.o)
                              ../libDaisy/build/libdaisy.a(adc.o) (HAL_ADC_ConfigChannel)
../libDaisy/build/libdaisy.a(stm32h7xx_hal_adc_ex.o)
                              ../libDaisy/build/libdaisy.a(adc.o) (HAL_ADCEx_Calibration_Start)
../libDaisy/build/libdaisy.a(stm32h7xx_hal_cortex.o)
                              ../libDaisy/build/libdaisy.a(stm32h7xx_hal.o) (HAL_NVIC_SetPriorityGrouping)
../libDaisy/build/libdaisy.a(stm32h7xx_hal_dac.o)
                              ../libDaisy/build/libdaisy.a(dac.o) (HAL_DAC_Init)
../libDaisy/build/libdaisy.a(stm32h7xx_hal_dac_ex.o)
                              ../libDaisy/build/libdaisy.a(stm32h7xx_hal_dac.o) (HAL_DACEx_DMAUnderrunCallbackCh2)
[...]
Memory Configuration

Name             Origin             Length             Attributes
FLASH            0x0000000008000000 0x0000000000020000 xr
DTCMRAM          0x0000000020000000 0x0000000000020000 xrw
SRAM             0x0000000024000000 0x0000000000080000 xrw
RAM_D2           0x0000000030000000 0x0000000000048000 xrw
RAM_D3           0x0000000038000000 0x0000000000010000 xrw
ITCMRAM          0x0000000000000000 0x0000000000010000 xrw
SDRAM            0x00000000c0000000 0x0000000004000000 xrw
QSPIFLASH        0x0000000090000000 0x0000000000800000 xr
*default*        0x0000000000000000 0xffffffffffffffff

Linker script and memory map

LOAD /home/hubert/daisy/gcc/bin/../lib/gcc/arm-none-eabi/10.2.1/thumb/v7e-m+dp/hard/crti.o
LOAD /home/hubert/daisy/gcc/bin/../lib/gcc/arm-none-eabi/10.2.1/thumb/v7e-m+dp/hard/crtbegin.o
LOAD /home/hubert/daisy/gcc/bin/../lib/gcc/arm-none-eabi/10.2.1/../../../../arm-none-eabi/lib/thumb/v7e-m+dp/hard/crt0.o
LOAD build/startup_stm32h750xx.o
LOAD build/kxmx_bluemchen.o
LOAD build/main.o
LOAD ../libDaisy/build/libdaisy.a
LOAD /home/hubert/daisy/gcc/bin/../lib/gcc/arm-none-eabi/10.2.1/../../../../arm-none-eabi/lib/thumb/v7e-m+dp/hard/libnosys.a
LOAD ../DaisySP/build/libdaisysp.a
LOAD /home/hubert/daisy/gcc/bin/../lib/gcc/arm-none-eabi/10.2.1/../../../../arm-none-eabi/lib/thumb/v7e-m+dp/hard/libstdc++_nano.a
LOAD /home/hubert/daisy/gcc/bin/../lib/gcc/arm-none-eabi/10.2.1/../../../../arm-none-eabi/lib/thumb/v7e-m+dp/hard/libm.a
LOAD /home/hubert/daisy/gcc/bin/../lib/gcc/arm-none-eabi/10.2.1/../../../../arm-none-eabi/lib/thumb/v7e-m+dp/hard/libc_nano.a
START GROUP
LOAD /home/hubert/daisy/gcc/bin/../lib/gcc/arm-none-eabi/10.2.1/thumb/v7e-m+dp/hard/libgcc.a
LOAD /home/hubert/daisy/gcc/bin/../lib/gcc/arm-none-eabi/10.2.1/../../../../arm-none-eabi/lib/thumb/v7e-m+dp/hard/libc_nano.a
END GROUP
START GROUP
LOAD /home/hubert/daisy/gcc/bin/../lib/gcc/arm-none-eabi/10.2.1/thumb/v7e-m+dp/hard/libgcc.a
LOAD /home/hubert/daisy/gcc/bin/../lib/gcc/arm-none-eabi/10.2.1/../../../../arm-none-eabi/lib/thumb/v7e-m+dp/hard/libc_nano.a
LOAD /home/hubert/daisy/gcc/bin/../lib/gcc/arm-none-eabi/10.2.1/../../../../arm-none-eabi/lib/thumb/v7e-m+dp/hard/libnosys.a
END GROUP
START GROUP
LOAD /home/hubert/daisy/gcc/bin/../lib/gcc/arm-none-eabi/10.2.1/thumb/v7e-m+dp/hard/libgcc.a
LOAD /home/hubert/daisy/gcc/bin/../lib/gcc/arm-none-eabi/10.2.1/../../../../arm-none-eabi/lib/thumb/v7e-m+dp/hard/libc_nano.a
LOAD /home/hubert/daisy/gcc/bin/../lib/gcc/arm-none-eabi/10.2.1/../../../../arm-none-eabi/lib/thumb/v7e-m+dp/hard/libnosys.a
END GROUP
LOAD /home/hubert/daisy/gcc/bin/../lib/gcc/arm-none-eabi/10.2.1/thumb/v7e-m+dp/hard/crtend.o
LOAD /home/hubert/daisy/gcc/bin/../lib/gcc/arm-none-eabi/10.2.1/thumb/v7e-m+dp/hard/crtn.o
                0x0000000020020000                _estack = 0x20020000

.isr_vector     0x0000000008000000      0x298
                0x0000000008000000                . = ALIGN (0x4)
 *(.isr_vector)
 .isr_vector    0x0000000008000000      0x298 build/startup_stm32h750xx.o
                0x0000000008000000                g_pfnVectors
                0x0000000008000298                . = ALIGN (0x4)

.text           0x0000000008000298    0x15810
                0x0000000008000298                . = ALIGN (0x4)
                0x0000000008000298                _stext = .
 *(.text)
 .text          0x0000000008000298       0x40 /home/hubert/daisy/gcc/bin/../lib/gcc/arm-none-eabi/10.2.1/thumb/v7e-m+dp/hard/crtbegin.o
 .text          0x00000000080002d8       0x10 /home/hubert/daisy/gcc/bin/../lib/gcc/arm-none-eabi/10.2.1/../../../../arm-none-eabi/lib/thumb/v7e-m+dp/hard/libc_nano.a(lib_a-strlen.o)
                0x00000000080002d8                strlen
 .text          0x00000000080002e8      0x378 /home/hubert/daisy/gcc/bin/../lib/gcc/arm-none-eabi/10.2.1/thumb/v7e-m+dp/hard/libgcc.a(_arm_addsubdf3.o)
                0x00000000080002e8                __aeabi_drsub
                0x00000000080002f0                __aeabi_dsub
                0x00000000080002f0                __subdf3
                0x00000000080002f4                __adddf3
                0x00000000080002f4                __aeabi_dadd
                0x000000000800056c                __aeabi_ui2d
                0x000000000800056c                __floatunsidf
                0x000000000800058c                __floatsidf
                0x000000000800058c                __aeabi_i2d
                0x00000000080005b0                __extendsfdf2
                0x00000000080005b0                __aeabi_f2d
                0x00000000080005f4                __aeabi_ul2d
                0x00000000080005f4                __floatundidf
                0x0000000008000604                __floatdidf
                0x0000000008000604                __aeabi_l2d
 .text          0x0000000008000660       0x30 /home/hubert/daisy/gcc/bin/../lib/gcc/arm-none-eabi/10.2.1/thumb/v7e-m+dp/hard/libgcc.a(_aeabi_uldivmod.o)
                0x0000000008000660                __aeabi_uldivmod
 .text          0x0000000008000690      0x2d0 /home/hubert/daisy/gcc/bin/../lib/gcc/arm-none-eabi/10.2.1/thumb/v7e-m+dp/hard/libgcc.a(_udivmoddi4.o)
                0x0000000008000690                __udivmoddi4
 .text          0x0000000008000960        0x4 /home/hubert/daisy/gcc/bin/../lib/gcc/arm-none-eabi/10.2.1/thumb/v7e-m+dp/hard/libgcc.a(_dvmd_tls.o)
                0x0000000008000960                __aeabi_ldiv0
                0x0000000008000960                __aeabi_idiv0
 *(.text*)
 .text.Default_Handler
                0x0000000008000964        0x2 build/startup_stm32h750xx.o
                0x0000000008000964                RTC_Alarm_IRQHandler
                0x0000000008000964                HASH_RNG_IRQHandler
                0x0000000008000964                EXTI2_IRQHandler
                0x0000000008000964                TIM8_CC_IRQHandler
                0x0000000008000964                HRTIM1_Master_IRQHandler
                0x0000000008000964                DebugMon_Handler
                0x0000000008000964                TIM1_CC_IRQHandler
                0x0000000008000964                BDMA_Channel6_IRQHandler
                0x0000000008000964                DMA2_Stream5_IRQHandler
                0x0000000008000964                HRTIM1_FLT_IRQHandler
                0x0000000008000964                JPEG_IRQHandler
                0x0000000008000964                BDMA_Channel1_IRQHandler
                0x0000000008000964                HRTIM1_TIMD_IRQHandler
                0x0000000008000964                TAMP_STAMP_IRQHandler
                0x0000000008000964                PendSV_Handler
                0x0000000008000964                NMI_Handler
                0x0000000008000964                EXTI3_IRQHandler
                0x0000000008000964                LPTIM4_IRQHandler
                0x0000000008000964                TIM8_TRG_COM_TIM14_IRQHandler
                0x0000000008000964                LPTIM2_IRQHandler
                0x0000000008000964                DFSDM1_FLT1_IRQHandler
                0x0000000008000964                DMAMUX2_OVR_IRQHandler
                0x0000000008000964                TIM8_UP_TIM13_IRQHandler
                0x0000000008000964                I2C3_ER_IRQHandler
                0x0000000008000964                DFSDM1_FLT2_IRQHandler
                0x0000000008000964                MDMA_IRQHandler
                0x0000000008000964                LPTIM3_IRQHandler
                0x0000000008000964                HSEM1_IRQHandler
                0x0000000008000964                EXTI0_IRQHandler
                0x0000000008000964                FPU_IRQHandler
                0x0000000008000964                OTG_HS_WKUP_IRQHandler
                0x0000000008000964                FDCAN1_IT1_IRQHandler
                0x0000000008000964                UsageFault_Handler
                0x0000000008000964                LTDC_ER_IRQHandler
                0x0000000008000964                HRTIM1_TIME_IRQHandler
                0x0000000008000964                DCMI_IRQHandler
                0x0000000008000964                HRTIM1_TIMC_IRQHandler
                0x0000000008000964                SAI2_IRQHandler
                0x0000000008000964                DFSDM1_FLT3_IRQHandler
                0x0000000008000964                TIM17_IRQHandler
                0x0000000008000964                CRYP_IRQHandler
                0x0000000008000964                BDMA_Channel7_IRQHandler
                0x0000000008000964                LPTIM5_IRQHandler
                0x0000000008000964                ADC3_IRQHandler
                0x0000000008000964                BDMA_Channel2_IRQHandler
                0x0000000008000964                DMAMUX1_OVR_IRQHandler
                0x0000000008000964                TIM16_IRQHandler
                0x0000000008000964                BDMA_Channel5_IRQHandler
                0x0000000008000964                RCC_IRQHandler
                0x0000000008000964                TIM8_BRK_TIM12_IRQHandler
                0x0000000008000964                TIM1_TRG_COM_IRQHandler
                0x0000000008000964                Default_Handler
                0x0000000008000964                ECC_IRQHandler
                0x0000000008000964                CEC_IRQHandler
                0x0000000008000964                EXTI15_10_IRQHandler
                0x0000000008000964                BDMA_Channel0_IRQHandler
                0x0000000008000964                ADC_IRQHandler
                0x0000000008000964                DMA1_Stream7_IRQHandler
                0x0000000008000964                HRTIM1_TIMA_IRQHandler
                0x0000000008000964                TIM7_IRQHandler
                0x0000000008000964                DMA2_Stream7_IRQHandler
                0x0000000008000964                TIM15_IRQHandler
                0x0000000008000964                PVD_AVD_IRQHandler
                0x0000000008000964                EXTI9_5_IRQHandler
                0x0000000008000964                RTC_WKUP_IRQHandler
                0x0000000008000964                LTDC_IRQHandler
                0x0000000008000964                SAI3_IRQHandler
                0x0000000008000964                ETH_WKUP_IRQHandler
                0x0000000008000964                SPDIF_RX_IRQHandler
                0x0000000008000964                MemManage_Handler
                0x0000000008000964                SVC_Handler
                0x0000000008000964                CRS_IRQHandler
                0x0000000008000964                EXTI4_IRQHandler
                0x0000000008000964                HRTIM1_TIMB_IRQHandler
                0x0000000008000964                FDCAN2_IT1_IRQHandler
                0x0000000008000964                ETH_IRQHandler
                0x0000000008000964                TIM1_UP_IRQHandler
                0x0000000008000964                BDMA_Channel4_IRQHandler
                0x0000000008000964                WWDG_IRQHandler
                0x0000000008000964                SPI6_IRQHandler
                0x0000000008000964                I2C4_EV_IRQHandler
                0x0000000008000964                MDIOS_IRQHandler
                0x0000000008000964                FDCAN2_IT0_IRQHandler
                0x0000000008000964                FDCAN1_IT0_IRQHandler
                0x0000000008000964                OTG_FS_WKUP_IRQHandler
                0x0000000008000964                DMA2D_IRQHandler
                0x0000000008000964                TIM1_BRK_IRQHandler
                0x0000000008000964                EXTI1_IRQHandler
                0x0000000008000964                SDMMC2_IRQHandler
                0x0000000008000964                OTG_FS_EP1_OUT_IRQHandler
                0x0000000008000964                BDMA_Channel3_IRQHandler
                0x0000000008000964                MDIOS_WKUP_IRQHandler
                0x0000000008000964                DFSDM1_FLT0_IRQHandler
                0x0000000008000964                SAI4_IRQHandler
                0x0000000008000964                I2C2_ER_IRQHandler
                0x0000000008000964                FLASH_IRQHandler
                0x0000000008000964                BusFault_Handler
                0x0000000008000964                OTG_FS_IRQHandler
                0x0000000008000964                WAKEUP_PIN_IRQHandler
                0x0000000008000964                OTG_FS_EP1_IN_IRQHandler
                0x0000000008000964                I2C1_ER_IRQHandler
                0x0000000008000964                FMC_IRQHandler
                0x0000000008000964                FDCAN_CAL_IRQHandler
                0x0000000008000964                SWPMI1_IRQHandler
                0x0000000008000964                COMP1_IRQHandler
                0x0000000008000964                LPTIM1_IRQHandler
                0x0000000008000964                I2C4_ER_IRQHandler
                0x0000000008000964                DMA2_Stream6_IRQHandler
                0x0000000008000964                SAI1_IRQHandler
 *fill*         0x0000000008000966        0x2 
 .text.Reset_Handler
                0x0000000008000968       0x3c build/startup_stm32h750xx.o
                0x0000000008000968                Reset_Handler
 .text._ZN5daisy19SSD130xI2CTransport11SendCommandEh
                0x00000000080009a4       0x22 build/kxmx_bluemchen.o
                0x00000000080009a4                daisy::SSD130xI2CTransport::SendCommand(unsigned char)
 .text._ZN4kxmx9Bluemchen10StartAudioEPFvPKPKfPPfjE
                0x00000000080009c6        0x4 build/kxmx_bluemchen.o
                0x00000000080009c6                kxmx::Bluemchen::StartAudio(void (*)(float const* const*, float**, unsigned int))
 .text._ZN4kxmx9Bluemchen8StartAdcEv
                0x00000000080009ca        0x6 build/kxmx_bluemchen.o
                0x00000000080009ca                kxmx::Bluemchen::StartAdc()
 .text._ZN4kxmx9Bluemchen21ProcessAnalogControlsEv
                0x00000000080009d0       0x26 build/kxmx_bluemchen.o
                0x00000000080009d0                kxmx::Bluemchen::ProcessAnalogControls()
 .text._ZN4kxmx9Bluemchen22ProcessDigitalControlsEv
                0x00000000080009f6        0x6 build/kxmx_bluemchen.o
                0x00000000080009f6                kxmx::Bluemchen::ProcessDigitalControls()
 .text._ZN4kxmx9Bluemchen12InitControlsEv
                0x00000000080009fc      0x100 build/kxmx_bluemchen.o
                0x00000000080009fc                kxmx::Bluemchen::InitControls()
 .text._ZN4kxmx9Bluemchen8InitMidiEv
                0x0000000008000afc       0x70 build/kxmx_bluemchen.o
                0x0000000008000afc                kxmx::Bluemchen::InitMidi()
 .text._ZN4kxmx9Bluemchen11InitEncoderEv
                0x0000000008000b6c       0x3c build/kxmx_bluemchen.o
                0x0000000008000b6c                kxmx::Bluemchen::InitEncoder()
 .text._ZN4kxmx9Bluemchen11InitMicroSDEv
                0x0000000008000ba8       0x1c build/kxmx_bluemchen.o
                0x0000000008000ba8                kxmx::Bluemchen::InitMicroSD()
 .text._ZN5daisy13SSD130xDriverILj64ELj32ENS_19SSD130xI2CTransportEE4InitENS2_6ConfigE
                0x0000000008000bc4       0xd8 build/kxmx_bluemchen.o
                0x0000000008000bc4                daisy::SSD130xDriver<64u, 32u, daisy::SSD130xI2CTransport>::Init(daisy::SSD130xDriver<64u, 32u, daisy::SSD130xI2CTransport>::Config)
 .text._ZN4kxmx9Bluemchen11InitDisplayEv
                0x0000000008000c9c       0x50 build/kxmx_bluemchen.o
                0x0000000008000c9c                kxmx::Bluemchen::InitDisplay()
 .text._ZN4kxmx9Bluemchen4InitEv
                0x0000000008000cec       0x56 build/kxmx_bluemchen.o
                0x0000000008000cec                kxmx::Bluemchen::Init()
 .text._ZN5daisy9ParameterD2Ev
                0x0000000008000d42        0x2 build/main.o
                0x0000000008000d42                daisy::Parameter::~Parameter()
                0x0000000008000d42                daisy::Parameter::~Parameter()
 .text._ZN4kxmx9BluemchenD2Ev
                0x0000000008000d44        0x2 build/main.o
                0x0000000008000d44                kxmx::Bluemchen::~Bluemchen()
                0x0000000008000d44                kxmx::Bluemchen::~Bluemchen()
 .text._ZN5rings6ReverbD2Ev
                0x0000000008000d46        0x2 build/main.o
                0x0000000008000d46                rings::Reverb::~Reverb()
                0x0000000008000d46                rings::Reverb::~Reverb()
 .text._ZN6clouds6ReverbD2Ev
                0x0000000008000d48        0x2 build/main.o
                0x0000000008000d48                clouds::Reverb::~Reverb()
                0x0000000008000d48                clouds::Reverb::~Reverb()
 .text._ZN4hbpmD2Ev
                0x0000000008000d4a        0x2 build/main.o
                0x0000000008000d4a                hbpm::~hbpm()
                0x0000000008000d4a                hbpm::~hbpm()
 .text._ZN5daisy11OledDisplayINS_13SSD130xDriverILj64ELj32ENS_19SSD130xI2CTransportEEEED2Ev
                0x0000000008000d4c        0x2 build/main.o
                0x0000000008000d4c                daisy::OledDisplay<daisy::SSD130xDriver<64u, 32u, daisy::SSD130xI2CTransport> >::~OledDisplay()
                0x0000000008000d4c                daisy::OledDisplay<daisy::SSD130xDriver<64u, 32u, daisy::SSD130xI2CTransport> >::~OledDisplay()
 .text._ZN5daisy11OledDisplayINS_13SSD130xDriverILj64ELj32ENS_19SSD130xI2CTransportEEEE4FillEb
                0x0000000008000d4e       0x14 build/main.o
                0x0000000008000d4e                daisy::OledDisplay<daisy::SSD130xDriver<64u, 32u, daisy::SSD130xI2CTransport> >::Fill(bool)
 .text.__tcf_0  0x0000000008000d62        0x2 build/main.o
 .text.__tcf_2  0x0000000008000d64       0x1c build/main.o
 .text.__tcf_3  0x0000000008000d80       0x1c build/main.o
 .text._ZNK5daisy11OledDisplayINS_13SSD130xDriverILj64ELj32ENS_19SSD130xI2CTransportEEEE6HeightEv
                0x0000000008000d9c        0x4 build/main.o
                0x0000000008000d9c                daisy::OledDisplay<daisy::SSD130xDriver<64u, 32u, daisy::SSD130xI2CTransport> >::Height() const
 .text._ZNK5daisy11OledDisplayINS_13SSD130xDriverILj64ELj32ENS_19SSD130xI2CTransportEEEE5WidthEv
                0x0000000008000da0        0x4 build/main.o
                0x0000000008000da0                daisy::OledDisplay<daisy::SSD130xDriver<64u, 32u, daisy::SSD130xI2CTransport> >::Width() const
 .text._ZN6hdelayIfLi480000EED2Ev
                0x0000000008000da4        0x2 build/main.o
                0x0000000008000da4                hdelay<float, 480000>::~hdelay()
                0x0000000008000da4                hdelay<float, 480000>::~hdelay()
 .text._ZN5daisy11OledDisplayINS_13SSD130xDriverILj64ELj32ENS_19SSD130xI2CTransportEEEED0Ev
                0x0000000008000da6       0x10 build/main.o
                0x0000000008000da6                daisy::OledDisplay<daisy::SSD130xDriver<64u, 32u, daisy::SSD130xI2CTransport> >::~OledDisplay()
 *fill*         0x0000000008000db6        0x2 
 .text._ZNSt7__cxx1112basic_stringIcSt11char_traitsIcESaIcEEC2EPKcRKS3_.constprop.0.isra.0
                0x0000000008000db8       0x50 build/main.o
 .text._ZNSt7__cxx1112basic_stringIcSt11char_traitsIcESaIcEEaSEOS4_.isra.0
                0x0000000008000e08       0x50 build/main.o
 .text.__tcf_1  0x0000000008000e58        0x2 build/main.o
 *fill*         0x0000000008000e5a        0x2 
 .text._ZNSt7__cxx119to_stringEi
                0x0000000008000e5c       0xa0 build/main.o
                0x0000000008000e5c                std::__cxx11::to_string(int)
 .text._ZN5daisy21OneBitGraphicsDisplay9SetCursorEtt
                0x0000000008000efc       0x3c build/main.o
                0x0000000008000efc                daisy::OneBitGraphicsDisplay::SetCursor(unsigned short, unsigned short)
 .text._ZN6stmlib16CosineOscillator4NextEv
                0x0000000008000f38       0x22 build/main.o
                0x0000000008000f38                stmlib::CosineOscillator::Next()
 *fill*         0x0000000008000f5a        0x2 
 .text._ZN5rings6Reverb7ProcessEPfS1_j
                0x0000000008000f5c      0x3d8 build/main.o
                0x0000000008000f5c                rings::Reverb::Process(float*, float*, unsigned int)
 .text._ZN6clouds6Reverb7ProcessEPNS_10FloatFrameEj
                0x0000000008001334      0x410 build/main.o
                0x0000000008001334                clouds::Reverb::Process(clouds::FloatFrame*, unsigned int)
 .text._Z14UpdateControlsv
                0x0000000008001744      0x258 build/main.o
                0x0000000008001744                UpdateControls()
 .text._ZStplIcSt11char_traitsIcESaIcEENSt7__cxx1112basic_stringIT_T0_T1_EEPKS5_OS8_
                0x000000000800199c       0x48 build/main.o
                0x000000000800199c                std::__cxx11::basic_string<char, std::char_traits<char>, std::allocator<char> > std::operator+<char, std::char_traits<char>, std::allocator<char> >(char const*, std::__cxx11::basic_string<char, std::char_traits<char>, std::allocator<char> >&&)
 .text._ZN6stmlib16CosineOscillator4InitILNS_20CosineOscillatorModeE0EEEvf
                0x00000000080019e4       0x5e build/main.o
                0x00000000080019e4                void stmlib::CosineOscillator::Init<(stmlib::CosineOscillatorMode)0>(float)
 .text._ZN5daisy13SSD130xDriverILj64ELj32ENS_19SSD130xI2CTransportEE6UpdateEv
                0x0000000008001a42       0x5c build/main.o
                0x0000000008001a42                daisy::SSD130xDriver<64u, 32u, daisy::SSD130xI2CTransport>::Update()
 .text._ZN5daisy11OledDisplayINS_13SSD130xDriverILj64ELj32ENS_19SSD130xI2CTransportEEEE6UpdateEv
                0x0000000008001a9e        0xa build/main.o
                0x0000000008001a9e                daisy::OledDisplay<daisy::SSD130xDriver<64u, 32u, daisy::SSD130xI2CTransport> >::Update()
 .text._ZNK7daisysp9DelayLineIfLj480000EE4ReadEv
                0x0000000008001aa8       0x3c build/main.o
                0x0000000008001aa8                daisysp::DelayLine<float, 480000u>::Read() const
 .text._ZN7daisysp9DelayLineIfLj480000EE8SetDelayEf
                0x0000000008001ae4       0x24 build/main.o
                0x0000000008001ae4                daisysp::DelayLine<float, 480000u>::SetDelay(float)
 .text._ZN7daisysp9DelayLineIfLj480000EE5WriteEf
                0x0000000008001b08       0x24 build/main.o
                0x0000000008001b08                daisysp::DelayLine<float, 480000u>::Write(float)
 .text._Z13AudioCallbackPKPKfPPfj
                0x0000000008001b2c      0x2a4 build/main.o
                0x0000000008001b2c                AudioCallback(float const* const*, float**, unsigned int)
 .text._ZN5daisy13SSD130xDriverILj64ELj32ENS_19SSD130xI2CTransportEE9DrawPixelEjjb
                0x0000000008001dd0       0x30 build/main.o
                0x0000000008001dd0                daisy::SSD130xDriver<64u, 32u, daisy::SSD130xI2CTransport>::DrawPixel(unsigned int, unsigned int, bool)
 .text._ZN5daisy11OledDisplayINS_13SSD130xDriverILj64ELj32ENS_19SSD130xI2CTransportEEEE9DrawPixelEjjb
                0x0000000008001e00        0xa build/main.o
                0x0000000008001e00                daisy::OledDisplay<daisy::SSD130xDriver<64u, 32u, daisy::SSD130xI2CTransport> >::DrawPixel(unsigned int, unsigned int, bool)
 .text._ZN5daisy25OneBitGraphicsDisplayImplINS_11OledDisplayINS_13SSD130xDriverILj64ELj32ENS_19SSD130xI2CTransportEEEEEE9WriteCharEc7FontDefb
                0x0000000008001e0a       0xa8 build/main.o
                0x0000000008001e0a                daisy::OneBitGraphicsDisplayImpl<daisy::OledDisplay<daisy::SSD130xDriver<64u, 32u, daisy::SSD130xI2CTransport> > >::WriteChar(char, FontDef, bool)
 .text._ZN5daisy25OneBitGraphicsDisplayImplINS_11OledDisplayINS_13SSD130xDriverILj64ELj32ENS_19SSD130xI2CTransportEEEEEE11WriteStringEPKc7FontDefb
                0x0000000008001eb2       0x30 build/main.o
                0x0000000008001eb2                daisy::OneBitGraphicsDisplayImpl<daisy::OledDisplay<daisy::SSD130xDriver<64u, 32u, daisy::SSD130xI2CTransport> > >::WriteString(char const*, FontDef, bool)
 *fill*         0x0000000008001ee2        0x2 
 .text._Z10UpdateOledv
                0x0000000008001ee4      0x404 build/main.o
                0x0000000008001ee4                UpdateOled()
 .text.startup.main
                0x00000000080022e8      0x260 build/main.o
                0x00000000080022e8                main
 .text._ZN5daisy25OneBitGraphicsDisplayImplINS_11OledDisplayINS_13SSD130xDriverILj64ELj32ENS_19SSD130xI2CTransportEEEEEE18WriteStringAlignedEPKcRK7FontDefNS_9RectangleENS_9AlignmentEb
                0x0000000008002548      0x132 build/main.o
                0x0000000008002548                daisy::OneBitGraphicsDisplayImpl<daisy::OledDisplay<daisy::SSD130xDriver<64u, 32u, daisy::SSD130xI2CTransport> > >::WriteStringAligned(char const*, FontDef const&, daisy::Rectangle, daisy::Alignment, bool)
 *fill*         0x000000000800267a        0x6 
 .text._ZN5daisy25OneBitGraphicsDisplayImplINS_11OledDisplayINS_13SSD130xDriverILj64ELj32ENS_19SSD130xI2CTransportEEEEEE7DrawArcEjjjiib
                0x0000000008002680      0x300 build/main.o
                0x0000000008002680                daisy::OneBitGraphicsDisplayImpl<daisy::OledDisplay<daisy::SSD130xDriver<64u, 32u, daisy::SSD130xI2CTransport> > >::DrawArc(unsigned int, unsigned int, unsigned int, int, int, bool)
 .text._ZN5daisy25OneBitGraphicsDisplayImplINS_11OledDisplayINS_13SSD130xDriverILj64ELj32ENS_19SSD130xI2CTransportEEEEEE8DrawLineEjjjjb
                0x0000000008002980       0x9a build/main.o
                0x0000000008002980                daisy::OneBitGraphicsDisplayImpl<daisy::OledDisplay<daisy::SSD130xDriver<64u, 32u, daisy::SSD130xI2CTransport> > >::DrawLine(unsigned int, unsigned int, unsigned int, unsigned int, bool)
 .text._ZN5daisy25OneBitGraphicsDisplayImplINS_11OledDisplayINS_13SSD130xDriverILj64ELj32ENS_19SSD130xI2CTransportEEEEEE8DrawRectEjjjjbb
                0x0000000008002a1a       0x7e build/main.o
                0x0000000008002a1a                daisy::OneBitGraphicsDisplayImpl<daisy::OledDisplay<daisy::SSD130xDriver<64u, 32u, daisy::SSD130xI2CTransport> > >::DrawRect(unsigned int, unsigned int, unsigned int, unsigned int, bool, bool)
 .text.startup._GLOBAL__sub_I_cpumeter
                0x0000000008002a98      0x220 build/main.o
 .text._ZN5daisy9DaisySeed9ConfigureEv
                0x0000000008002cb8        0x4 ../libDaisy/build/libdaisy.a(daisy_seed.o)
                0x0000000008002cb8                daisy::DaisySeed::Configure()
 .text._ZN5daisy9DaisySeed6GetPinEh
                0x0000000008002cbc       0x2c ../libDaisy/build/libdaisy.a(daisy_seed.o)
                0x0000000008002cbc                daisy::DaisySeed::GetPin(unsigned char)
 .text._ZN5daisy9DaisySeed10StartAudioEPFvPKPKfPPfjE
                0x0000000008002ce8        0x8 ../libDaisy/build/libdaisy.a(daisy_seed.o)
                0x0000000008002ce8                daisy::DaisySeed::StartAudio(void (*)(float const* const*, float**, unsigned int))
 .text._ZNK5daisy9DaisySeed17AudioCallbackRateEv
                0x0000000008002cf0        0x8 ../libDaisy/build/libdaisy.a(daisy_seed.o)
                0x0000000008002cf0                daisy::DaisySeed::AudioCallbackRate() const
 .text._ZN5daisy9DaisySeed17CheckBoardVersionEv
                0x0000000008002cf8       0x6c ../libDaisy/build/libdaisy.a(daisy_seed.o)
                0x0000000008002cf8                daisy::DaisySeed::CheckBoardVersion()
 .text._ZN5daisy9DaisySeed14ConfigureAudioEv
                0x0000000008002d64      0x10c ../libDaisy/build/libdaisy.a(daisy_seed.o)
                0x0000000008002d64                daisy::DaisySeed::ConfigureAudio()
 .text._ZN5daisy9DaisySeed4InitEb
                0x0000000008002e70       0xf0 ../libDaisy/build/libdaisy.a(daisy_seed.o)
                0x0000000008002e70                daisy::DaisySeed::Init(bool)
 .text._ZN5daisy6Ak45564InitE12dsy_gpio_pin
                0x0000000008002f60       0x44 ../libDaisy/build/libdaisy.a(codec_ak4556.o)
                0x0000000008002f60                daisy::Ak4556::Init(dsy_gpio_pin)
 .text._ZN5daisy6Wm873120WriteControlRegisterEht
                0x0000000008002fa4       0x3c ../libDaisy/build/libdaisy.a(codec_wm8731.o)
                0x0000000008002fa4                daisy::Wm8731::WriteControlRegister(unsigned char, unsigned short)
 .text._ZN5daisy6Wm87314InitERKNS0_6ConfigENS_9I2CHandleE
                0x0000000008002fe0      0x1bc ../libDaisy/build/libdaisy.a(codec_wm8731.o)
                0x0000000008002fe0                daisy::Wm8731::Init(daisy::Wm8731::Config const&, daisy::I2CHandle)
 .text._ZN11SdramHandle10DeviceInitEv
                0x000000000800319c       0x98 ../libDaisy/build/libdaisy.a(sdram.o)
                0x000000000800319c                SdramHandle::DeviceInit()
 .text._ZN11SdramHandle4InitEv
                0x0000000008003234       0x7c ../libDaisy/build/libdaisy.a(sdram.o)
                0x0000000008003234                SdramHandle::Init()
 .text.HAL_SDRAM_MspInit
                0x00000000080032b0      0x1a8 ../libDaisy/build/libdaisy.a(sdram.o)
                0x00000000080032b0                HAL_SDRAM_MspInit
 .text._ZN5daisy11AudioHandle4Impl16InternalCallbackEPlS2_j
                0x0000000008003458      0xbbc ../libDaisy/build/libdaisy.a(audio.o)
                0x0000000008003458                daisy::AudioHandle::Impl::InternalCallback(long*, long*, unsigned int)
 .text._ZN5daisy11AudioHandle4InitERKNS0_6ConfigENS_9SaiHandleE
                0x0000000008004014       0x70 ../libDaisy/build/libdaisy.a(audio.o)
                0x0000000008004014                daisy::AudioHandle::Init(daisy::AudioHandle::Config const&, daisy::SaiHandle)
 .text._ZNK5daisy11AudioHandle9GetConfigEv
                0x0000000008004084        0x8 ../libDaisy/build/libdaisy.a(audio.o)
                0x0000000008004084                daisy::AudioHandle::GetConfig() const
 .text._ZN5daisy11AudioHandle13GetSampleRateEv
                0x000000000800408c        0x8 ../libDaisy/build/libdaisy.a(audio.o)
                0x000000000800408c                daisy::AudioHandle::GetSampleRate()
 .text._ZN5daisy11AudioHandle5StartEPFvPKPKfPPfjE
                0x0000000008004094       0x44 ../libDaisy/build/libdaisy.a(audio.o)
                0x0000000008004094                daisy::AudioHandle::Start(void (*)(float const* const*, float**, unsigned int))
 .text.startup._GLOBAL__sub_I__ZN5daisy11AudioHandle4Impl4InitENS0_6ConfigENS_9SaiHandleE
                0x00000000080040d8       0x24 ../libDaisy/build/libdaisy.a(audio.o)
 .text._ZN5daisy13AnalogControl4InitEPtfbbf
                0x00000000080040fc       0x64 ../libDaisy/build/libdaisy.a(ctrl.o)
                0x00000000080040fc                daisy::AnalogControl::Init(unsigned short*, float, bool, bool, float)
 .text._ZN5daisy13AnalogControl7ProcessEv
                0x0000000008004160       0x48 ../libDaisy/build/libdaisy.a(ctrl.o)
                0x0000000008004160                daisy::AnalogControl::Process()
 .text._ZN5daisy7Encoder4InitE12dsy_gpio_pinS1_S1_f
                0x00000000080041a8       0x60 ../libDaisy/build/libdaisy.a(encoder.o)
                0x00000000080041a8                daisy::Encoder::Init(dsy_gpio_pin, dsy_gpio_pin, dsy_gpio_pin, float)
 .text._ZN5daisy7Encoder8DebounceEv
                0x0000000008004208       0x7c ../libDaisy/build/libdaisy.a(encoder.o)
                0x0000000008004208                daisy::Encoder::Debounce()
 .text._ZN5daisy17MidiUartTransport6ConfigC2Ev
                0x0000000008004284       0x28 ../libDaisy/build/libdaisy.a(midi.o)
                0x0000000008004284                daisy::MidiUartTransport::Config::Config()
                0x0000000008004284                daisy::MidiUartTransport::Config::Config()
 .text._ZN5daisy10MidiParser5ResetEv
                0x00000000080042ac        0xc ../libDaisy/build/libdaisy.a(midi_parser.o)
                0x00000000080042ac                daisy::MidiParser::Reset()
 .text._ZN5daisy9Parameter4InitENS_13AnalogControlEffNS0_5CurveE
                0x00000000080042b8       0x60 ../libDaisy/build/libdaisy.a(parameter.o)
                0x00000000080042b8                daisy::Parameter::Init(daisy::AnalogControl, float, float, daisy::Parameter::Curve)
 .text._ZN5daisy9Parameter7ProcessEv
                0x0000000008004318       0xac ../libDaisy/build/libdaisy.a(parameter.o)
                0x0000000008004318                daisy::Parameter::Process()
 .text._ZN5daisy6Switch4InitE12dsy_gpio_pinf
                0x00000000080043c4       0x34 ../libDaisy/build/libdaisy.a(switch.o)
                0x00000000080043c4                daisy::Switch::Init(dsy_gpio_pin, float)
 .text._ZN5daisy6Switch8DebounceEv
                0x00000000080043f8       0x5c ../libDaisy/build/libdaisy.a(switch.o)
                0x00000000080043f8                daisy::Switch::Debounce()
 .text._ZN5daisy16AdcChannelConfig10InitSingleE12dsy_gpio_pinNS0_15ConversionSpeedE
                0x0000000008004454       0x28 ../libDaisy/build/libdaisy.a(adc.o)
                0x0000000008004454                daisy::AdcChannelConfig::InitSingle(dsy_gpio_pin, daisy::AdcChannelConfig::ConversionSpeed)
 .text._ZN5daisy9AdcHandle4InitEPNS_16AdcChannelConfigEjNS0_12OverSamplingE
                0x000000000800447c      0x41c ../libDaisy/build/libdaisy.a(adc.o)
                0x000000000800447c                daisy::AdcHandle::Init(daisy::AdcChannelConfig*, unsigned int, daisy::AdcHandle::OverSampling)
 .text._ZN5daisy9AdcHandle5StartEv
                0x0000000008004898       0x2c ../libDaisy/build/libdaisy.a(adc.o)
                0x0000000008004898                daisy::AdcHandle::Start()
 .text._ZNK5daisy9AdcHandle6GetPtrEh
                0x00000000080048c4       0x14 ../libDaisy/build/libdaisy.a(adc.o)
                0x00000000080048c4                daisy::AdcHandle::GetPtr(unsigned char) const
 .text.HAL_ADC_MspInit
                0x00000000080048d8       0x98 ../libDaisy/build/libdaisy.a(adc.o)
                0x00000000080048d8                HAL_ADC_MspInit
 .text.DMA1_Stream2_IRQHandler
                0x0000000008004970        0xc ../libDaisy/build/libdaisy.a(adc.o)
                0x0000000008004970                DMA1_Stream2_IRQHandler
 .text.HAL_ADC_ConvCpltCallback
                0x000000000800497c      0x148 ../libDaisy/build/libdaisy.a(adc.o)
                0x000000000800497c                HAL_ADC_ConvCpltCallback
 .text.HAL_ADC_ErrorCallback
                0x0000000008004ac4        0x4 ../libDaisy/build/libdaisy.a(adc.o)
                0x0000000008004ac4                HAL_ADC_ErrorCallback
 .text.HAL_DAC_MspInit
                0x0000000008004ac8      0x15c ../libDaisy/build/libdaisy.a(dac.o)
                0x0000000008004ac8                HAL_DAC_MspInit
 .text.DMA2_Stream0_IRQHandler
                0x0000000008004c24        0xc ../libDaisy/build/libdaisy.a(dac.o)
                0x0000000008004c24                DMA2_Stream0_IRQHandler
 .text.DMA2_Stream1_IRQHandler
                0x0000000008004c30        0xc ../libDaisy/build/libdaisy.a(dac.o)
                0x0000000008004c30                DMA2_Stream1_IRQHandler
 .text.TIM6_DAC_IRQHandler
                0x0000000008004c3c       0x1c ../libDaisy/build/libdaisy.a(dac.o)
                0x0000000008004c3c                TIM6_DAC_IRQHandler
 .text._ZN5daisy9DacHandle4InitERKNS0_6ConfigE
                0x0000000008004c58       0xfc ../libDaisy/build/libdaisy.a(dac.o)
                0x0000000008004c58                daisy::DacHandle::Init(daisy::DacHandle::Config const&)
 .text._ZN5daisy9DacHandle10WriteValueENS0_7ChannelEt
                0x0000000008004d54       0x70 ../libDaisy/build/libdaisy.a(dac.o)
                0x0000000008004d54                daisy::DacHandle::WriteValue(daisy::DacHandle::Channel, unsigned short)
 .text._ZN5daisy4GPIO4InitENS_3PinENS0_4ModeENS0_4PullENS0_5SpeedE
                0x0000000008004dc4      0x1cc ../libDaisy/build/libdaisy.a(gpio.o)
                0x0000000008004dc4                daisy::GPIO::Init(daisy::Pin, daisy::GPIO::Mode, daisy::GPIO::Pull, daisy::GPIO::Speed)
 .text._ZN5daisy4GPIO4ReadEv
                0x0000000008004f90       0x18 ../libDaisy/build/libdaisy.a(gpio.o)
                0x0000000008004f90                daisy::GPIO::Read()
 .text._ZN5daisy4GPIO5WriteEb
                0x0000000008004fa8       0x14 ../libDaisy/build/libdaisy.a(gpio.o)
                0x0000000008004fa8                daisy::GPIO::Write(bool)
 .text.dsy_gpio_init
                0x0000000008004fbc      0x1b8 ../libDaisy/build/libdaisy.a(gpio.o)
                0x0000000008004fbc                dsy_gpio_init
 .text.dsy_gpio_read
                0x0000000008005174       0x1c ../libDaisy/build/libdaisy.a(gpio.o)
                0x0000000008005174                dsy_gpio_read
 .text.dsy_gpio_write
                0x0000000008005190       0x24 ../libDaisy/build/libdaisy.a(gpio.o)
                0x0000000008005190                dsy_gpio_write
 .text._ZN5daisy9I2CHandle4Impl8InitPinsEv
                0x00000000080051b4       0x58 ../libDaisy/build/libdaisy.a(i2c.o)
                0x00000000080051b4                daisy::I2CHandle::Impl::InitPins()
 .text.HAL_I2C_MspInit
                0x000000000800520c      0x1b4 ../libDaisy/build/libdaisy.a(i2c.o)
                0x000000000800520c                HAL_I2C_MspInit
 .text.dsy_i2c_global_init
                0x00000000080053c0       0x78 ../libDaisy/build/libdaisy.a(i2c.o)
                0x00000000080053c0                dsy_i2c_global_init
 .text.DMA1_Stream6_IRQHandler
                0x0000000008005438       0x34 ../libDaisy/build/libdaisy.a(i2c.o)
                0x0000000008005438                DMA1_Stream6_IRQHandler
 .text.I2C1_EV_IRQHandler
                0x000000000800546c        0xc ../libDaisy/build/libdaisy.a(i2c.o)
                0x000000000800546c                I2C1_EV_IRQHandler
 .text.I2C2_EV_IRQHandler
                0x0000000008005478        0xc ../libDaisy/build/libdaisy.a(i2c.o)
                0x0000000008005478                I2C2_EV_IRQHandler
 .text.I2C3_EV_IRQHandler
                0x0000000008005484        0xc ../libDaisy/build/libdaisy.a(i2c.o)
                0x0000000008005484                I2C3_EV_IRQHandler
 .text._ZN5daisy9I2CHandle4InitERKNS0_6ConfigE
                0x0000000008005490      0x12c ../libDaisy/build/libdaisy.a(i2c.o)
                0x0000000008005490                daisy::I2CHandle::Init(daisy::I2CHandle::Config const&)
 .text._ZN5daisy9I2CHandle16TransmitBlockingEtPhtm
                0x00000000080055bc       0x50 ../libDaisy/build/libdaisy.a(i2c.o)
                0x00000000080055bc                daisy::I2CHandle::TransmitBlocking(unsigned short, unsigned char*, unsigned short, unsigned long)
 .text.startup._GLOBAL__sub_I__ZN5daisy9I2CHandle4Impl10GlobalInitEv
                0x000000000800560c       0x18 ../libDaisy/build/libdaisy.a(i2c.o)
 .text._ZN5daisy10QSPIHandle4Impl11WriteEnableEv
                0x0000000008005624       0x8c ../libDaisy/build/libdaisy.a(qspi.o)
                0x0000000008005624                daisy::QSPIHandle::Impl::WriteEnable()
 .text._ZN5daisy10QSPIHandle4Impl17DummyCyclesConfigENS0_6Config6DeviceE
                0x00000000080056b0      0x118 ../libDaisy/build/libdaisy.a(qspi.o)
                0x00000000080056b0                daisy::QSPIHandle::Impl::DummyCyclesConfig(daisy::QSPIHandle::Config::Device)
 .text._ZN5daisy10QSPIHandle4Impl10QuadEnableEv
                0x00000000080057c8      0x158 ../libDaisy/build/libdaisy.a(qspi.o)
                0x00000000080057c8                daisy::QSPIHandle::Impl::QuadEnable()
 .text._ZN5daisy10QSPIHandle4InitERKNS0_6ConfigE
                0x0000000008005920      0x198 ../libDaisy/build/libdaisy.a(qspi.o)
                0x0000000008005920                daisy::QSPIHandle::Init(daisy::QSPIHandle::Config const&)
 .text.HAL_QSPI_MspInit
                0x0000000008005ab8      0x11c ../libDaisy/build/libdaisy.a(qspi.o)
                0x0000000008005ab8                HAL_QSPI_MspInit
 .text.HAL_QSPI_MspDeInit
                0x0000000008005bd4       0x54 ../libDaisy/build/libdaisy.a(qspi.o)
                0x0000000008005bd4                HAL_QSPI_MspDeInit
 .text.QUADSPI_IRQHandler
                0x0000000008005c28        0xc ../libDaisy/build/libdaisy.a(qspi.o)
                0x0000000008005c28                QUADSPI_IRQHandler
 .text.startup._GLOBAL__sub_I__ZN5daisy10QSPIHandle4Impl4InitERKNS0_6ConfigE
                0x0000000008005c34       0x28 ../libDaisy/build/libdaisy.a(qspi.o)
 .text._ZN5daisy9SaiHandle4Impl7InitDmaENS1_15PeripheralBlockE
                0x0000000008005c5c       0xa0 ../libDaisy/build/libdaisy.a(sai.o)
                0x0000000008005c5c                daisy::SaiHandle::Impl::InitDma(daisy::SaiHandle::Impl::PeripheralBlock)
 .text._ZN5daisy9SaiHandle4Impl8InitPinsEv
                0x0000000008005cfc       0xa8 ../libDaisy/build/libdaisy.a(sai.o)
                0x0000000008005cfc                daisy::SaiHandle::Impl::InitPins()
 .text.HAL_SAI_MspInit
                0x0000000008005da4      0x164 ../libDaisy/build/libdaisy.a(sai.o)
                0x0000000008005da4                HAL_SAI_MspInit
 .text.DMA1_Stream0_IRQHandler
                0x0000000008005f08        0xc ../libDaisy/build/libdaisy.a(sai.o)
                0x0000000008005f08                DMA1_Stream0_IRQHandler
 .text.DMA1_Stream1_IRQHandler
                0x0000000008005f14        0xc ../libDaisy/build/libdaisy.a(sai.o)
                0x0000000008005f14                DMA1_Stream1_IRQHandler
 .text.DMA1_Stream3_IRQHandler
                0x0000000008005f20        0xc ../libDaisy/build/libdaisy.a(sai.o)
                0x0000000008005f20                DMA1_Stream3_IRQHandler
 .text.DMA1_Stream4_IRQHandler
                0x0000000008005f2c        0xc ../libDaisy/build/libdaisy.a(sai.o)
                0x0000000008005f2c                DMA1_Stream4_IRQHandler
 .text.HAL_SAI_RxHalfCpltCallback
                0x0000000008005f38       0x78 ../libDaisy/build/libdaisy.a(sai.o)
                0x0000000008005f38                HAL_SAI_RxHalfCpltCallback
 .text.HAL_SAI_RxCpltCallback
                0x0000000008005fb0       0x70 ../libDaisy/build/libdaisy.a(sai.o)
                0x0000000008005fb0                HAL_SAI_RxCpltCallback
 .text._ZN5daisy9SaiHandle4InitERKNS0_6ConfigE
                0x0000000008006020      0x1f0 ../libDaisy/build/libdaisy.a(sai.o)
                0x0000000008006020                daisy::SaiHandle::Init(daisy::SaiHandle::Config const&)
 .text._ZNK5daisy9SaiHandle9GetConfigEv
                0x0000000008006210        0x4 ../libDaisy/build/libdaisy.a(sai.o)
                0x0000000008006210                daisy::SaiHandle::GetConfig() const
 .text._ZN5daisy9SaiHandle8StartDmaEPlS1_jPFvS1_S1_jE
                0x0000000008006214       0xbc ../libDaisy/build/libdaisy.a(sai.o)
                0x0000000008006214                daisy::SaiHandle::StartDma(long*, long*, unsigned int, void (*)(long*, long*, unsigned int))
 .text._ZN5daisy9SaiHandle13GetSampleRateEv
                0x00000000080062d0       0x24 ../libDaisy/build/libdaisy.a(sai.o)
                0x00000000080062d0                daisy::SaiHandle::GetSampleRate()
 .text._ZNK5daisy9SaiHandle9GetOffsetEv
                0x00000000080062f4        0x8 ../libDaisy/build/libdaisy.a(sai.o)
                0x00000000080062f4                daisy::SaiHandle::GetOffset() const
 .text._ZN5daisy12SdmmcHandler4InitERKNS0_6ConfigE
                0x00000000080062fc       0x80 ../libDaisy/build/libdaisy.a(sdmmc.o)
                0x00000000080062fc                daisy::SdmmcHandler::Init(daisy::SdmmcHandler::Config const&)
 .text.SDMMC1_IRQHandler
                0x000000000800637c        0xc ../libDaisy/build/libdaisy.a(sdmmc.o)
                0x000000000800637c                SDMMC1_IRQHandler
 .text.HAL_TIM_Base_MspInit
                0x0000000008006388      0x1e0 ../libDaisy/build/libdaisy.a(tim.o)
                0x0000000008006388                HAL_TIM_Base_MspInit
 .text.HAL_TIM_PeriodElapsedCallback
                0x0000000008006568       0x44 ../libDaisy/build/libdaisy.a(tim.o)
                0x0000000008006568                HAL_TIM_PeriodElapsedCallback
 .text.TIM2_IRQHandler
                0x00000000080065ac        0xc ../libDaisy/build/libdaisy.a(tim.o)
                0x00000000080065ac                TIM2_IRQHandler
 .text.TIM3_IRQHandler
                0x00000000080065b8        0xc ../libDaisy/build/libdaisy.a(tim.o)
                0x00000000080065b8                TIM3_IRQHandler
 .text.TIM4_IRQHandler
                0x00000000080065c4        0xc ../libDaisy/build/libdaisy.a(tim.o)
                0x00000000080065c4                TIM4_IRQHandler
 .text.TIM5_IRQHandler
                0x00000000080065d0        0xc ../libDaisy/build/libdaisy.a(tim.o)
                0x00000000080065d0                TIM5_IRQHandler
 .text._ZN5daisy11TimerHandle4InitERKNS0_6ConfigE
                0x00000000080065dc       0xd0 ../libDaisy/build/libdaisy.a(tim.o)
                0x00000000080065dc                daisy::TimerHandle::Init(daisy::TimerHandle::Config const&)
 .text._ZN5daisy11TimerHandle5StartEv
                0x00000000080066ac       0x24 ../libDaisy/build/libdaisy.a(tim.o)
                0x00000000080066ac                daisy::TimerHandle::Start()
 .text._ZN5daisy11TimerHandle7GetTickEv
                0x00000000080066d0        0x8 ../libDaisy/build/libdaisy.a(tim.o)
                0x00000000080066d0                daisy::TimerHandle::GetTick()
 .text.startup._GLOBAL__sub_I__ZN5daisy11TimerHandle4Impl4InitERKNS0_6ConfigE
                0x00000000080066d8       0x38 ../libDaisy/build/libdaisy.a(tim.o)
 .text._ZL20UART_CheckRxListenerPN5daisy11UartHandler4ImplE
                0x0000000008006710       0x84 ../libDaisy/build/libdaisy.a(uart.o)
 .text._ZN5daisy11UartHandler4Impl10StartDmaTxEPhjPFvPvEPFvS3_NS0_6ResultEES3_
                0x0000000008006794      0x184 ../libDaisy/build/libdaisy.a(uart.o)
                0x0000000008006794                daisy::UartHandler::Impl::StartDmaTx(unsigned char*, unsigned int, void (*)(void*), void (*)(void*, daisy::UartHandler::Result), void*)
 .text._ZN5daisy11UartHandler4Impl10StartDmaRxEPhjPFvPvEPFvS3_NS0_6ResultEES3_
                0x0000000008006918      0x184 ../libDaisy/build/libdaisy.a(uart.o)
                0x0000000008006918                daisy::UartHandler::Impl::StartDmaRx(unsigned char*, unsigned int, void (*)(void*), void (*)(void*, daisy::UartHandler::Result), void*)
 .text._ZN5daisy11UartHandler4Impl19DmaTransferFinishedEP20__UART_HandleTypeDefNS0_6ResultE
                0x0000000008006a9c       0xc0 ../libDaisy/build/libdaisy.a(uart.o)
                0x0000000008006a9c                daisy::UartHandler::Impl::DmaTransferFinished(__UART_HandleTypeDef*, daisy::UartHandler::Result)
 .text._ZN5daisy11UartHandler4Impl8InitPinsEv
                0x0000000008006b5c      0x154 ../libDaisy/build/libdaisy.a(uart.o)
                0x0000000008006b5c                daisy::UartHandler::Impl::InitPins()
 .text.HAL_UART_MspInit
                0x0000000008006cb0      0x210 ../libDaisy/build/libdaisy.a(uart.o)
                0x0000000008006cb0                HAL_UART_MspInit
 .text.dsy_uart_global_init
                0x0000000008006ec0      0x110 ../libDaisy/build/libdaisy.a(uart.o)
                0x0000000008006ec0                dsy_uart_global_init
 .text.USART1_IRQHandler
                0x0000000008006fd0       0x2c ../libDaisy/build/libdaisy.a(uart.o)
                0x0000000008006fd0                USART1_IRQHandler
 .text.USART2_IRQHandler
                0x0000000008006ffc       0x34 ../libDaisy/build/libdaisy.a(uart.o)
                0x0000000008006ffc                USART2_IRQHandler
 .text.USART3_IRQHandler
                0x0000000008007030       0x34 ../libDaisy/build/libdaisy.a(uart.o)
                0x0000000008007030                USART3_IRQHandler
 .text.UART4_IRQHandler
                0x0000000008007064       0x34 ../libDaisy/build/libdaisy.a(uart.o)
                0x0000000008007064                UART4_IRQHandler
 .text.UART5_IRQHandler
                0x0000000008007098       0x34 ../libDaisy/build/libdaisy.a(uart.o)
                0x0000000008007098                UART5_IRQHandler
 .text.USART6_IRQHandler
                0x00000000080070cc       0x34 ../libDaisy/build/libdaisy.a(uart.o)
                0x00000000080070cc                USART6_IRQHandler
 .text.UART7_IRQHandler
                0x0000000008007100       0x34 ../libDaisy/build/libdaisy.a(uart.o)
                0x0000000008007100                UART7_IRQHandler
 .text.UART8_IRQHandler
                0x0000000008007134       0x34 ../libDaisy/build/libdaisy.a(uart.o)
                0x0000000008007134                UART8_IRQHandler
 .text.LPUART1_IRQHandler
                0x0000000008007168       0x34 ../libDaisy/build/libdaisy.a(uart.o)
                0x0000000008007168                LPUART1_IRQHandler
 .text.DMA1_Stream5_IRQHandler
                0x000000000800719c       0x34 ../libDaisy/build/libdaisy.a(uart.o)
                0x000000000800719c                DMA1_Stream5_IRQHandler
 .text.DMA2_Stream4_IRQHandler
                0x00000000080071d0       0x38 ../libDaisy/build/libdaisy.a(uart.o)
                0x00000000080071d0                DMA2_Stream4_IRQHandler
 .text.HAL_UART_TxCpltCallback
                0x0000000008007208        0x8 ../libDaisy/build/libdaisy.a(uart.o)
                0x0000000008007208                HAL_UART_TxCpltCallback
 .text.HAL_UART_RxCpltCallback
                0x0000000008007210       0x94 ../libDaisy/build/libdaisy.a(uart.o)
                0x0000000008007210                HAL_UART_RxCpltCallback
 .text.HAL_UART_RxHalfCpltCallback
                0x00000000080072a4       0x90 ../libDaisy/build/libdaisy.a(uart.o)
                0x00000000080072a4                HAL_UART_RxHalfCpltCallback
 .text.HAL_UART_ErrorCallback
                0x0000000008007334        0x8 ../libDaisy/build/libdaisy.a(uart.o)
                0x0000000008007334                HAL_UART_ErrorCallback
 .text._ZN5daisy11UartHandler4InitERKNS0_6ConfigE
                0x000000000800733c       0xd4 ../libDaisy/build/libdaisy.a(uart.o)
                0x000000000800733c                daisy::UartHandler::Init(daisy::UartHandler::Config const&)
 .text.startup._GLOBAL__sub_I__Z19MapInstanceToHandleP13USART_TypeDef
                0x0000000008007410      0x194 ../libDaisy/build/libdaisy.a(uart.o)
 .text.dsy_dma_init
                0x00000000080075a4      0x100 ../libDaisy/build/libdaisy.a(dma.o)
                0x00000000080075a4                dsy_dma_init
 .text.dsy_dma_invalidate_cache_for_buffer
                0x00000000080076a4       0x2c ../libDaisy/build/libdaisy.a(dma.o)
                0x00000000080076a4                dsy_dma_invalidate_cache_for_buffer
 .text._ZN5daisy11TimerHandleD2Ev
                0x00000000080076d0        0x4 ../libDaisy/build/libdaisy.a(system.o)
                0x00000000080076d0                daisy::TimerHandle::~TimerHandle()
                0x00000000080076d0                daisy::TimerHandle::~TimerHandle()
 .text.SysTick_Handler
                0x00000000080076d4       0x10 ../libDaisy/build/libdaisy.a(system.o)
                0x00000000080076d4                SysTick_Handler
 .text.OTG_HS_EP1_OUT_IRQHandler
                0x00000000080076e4       0x24 ../libDaisy/build/libdaisy.a(system.o)
                0x00000000080076e4                OTG_HS_EP1_OUT_IRQHandler
 .text.OTG_HS_EP1_IN_IRQHandler
                0x0000000008007708       0x24 ../libDaisy/build/libdaisy.a(system.o)
                0x0000000008007708                OTG_HS_EP1_IN_IRQHandler
 .text.OTG_HS_IRQHandler
                0x000000000800772c       0x24 ../libDaisy/build/libdaisy.a(system.o)
                0x000000000800772c                OTG_HS_IRQHandler
 .text.HardFault_Handler
                0x0000000008007750       0xe0 ../libDaisy/build/libdaisy.a(system.o)
                0x0000000008007750                HardFault_Handler
 .text._ZN5daisy6System6GetNowEv
                0x0000000008007830        0x4 ../libDaisy/build/libdaisy.a(system.o)
                0x0000000008007830                daisy::System::GetNow()
 .text._ZN5daisy6System7GetTickEv
                0x0000000008007834        0xc ../libDaisy/build/libdaisy.a(system.o)
                0x0000000008007834                daisy::System::GetTick()
 .text._ZN5daisy6System5DelayEm
                0x0000000008007840        0x4 ../libDaisy/build/libdaisy.a(system.o)
                0x0000000008007840                daisy::System::Delay(unsigned long)
 .text._ZN5daisy6System15ConfigureClocksEv
                0x0000000008007844      0x194 ../libDaisy/build/libdaisy.a(system.o)
                0x0000000008007844                daisy::System::ConfigureClocks()
 .text._ZN5daisy6System4InitERKNS0_6ConfigE
                0x00000000080079d8      0x140 ../libDaisy/build/libdaisy.a(system.o)
                0x00000000080079d8                daisy::System::Init(daisy::System::Config const&)
 .text._ZN5daisy6System12GetPClk1FreqEv
                0x0000000008007b18        0x4 ../libDaisy/build/libdaisy.a(system.o)
                0x0000000008007b18                daisy::System::GetPClk1Freq()
 .text._ZN5daisy6System11GetTickFreqEv
                0x0000000008007b1c        0xc ../libDaisy/build/libdaisy.a(system.o)
                0x0000000008007b1c                daisy::System::GetTickFreq()
 .text._ZN5daisy6System12GetPClk2FreqEv
                0x0000000008007b28        0x4 ../libDaisy/build/libdaisy.a(system.o)
                0x0000000008007b28                daisy::System::GetPClk2Freq()
 .text._ZN5daisy6System22GetProgramMemoryRegionEv
                0x0000000008007b2c       0x78 ../libDaisy/build/libdaisy.a(system.o)
                0x0000000008007b2c                daisy::System::GetProgramMemoryRegion()
 .text.startup._GLOBAL__sub_I_SysTick_Handler
                0x0000000008007ba4       0x1c ../libDaisy/build/libdaisy.a(system.o)
 .text.SystemInit
                0x0000000008007bc0       0x9c ../libDaisy/build/libdaisy.a(system_stm32h7xx.o)
                0x0000000008007bc0                SystemInit
 .text.HAL_PCD_SetupStageCallback
                0x0000000008007c5c        0xc ../libDaisy/build/libdaisy.a(usbd_conf.o)
                0x0000000008007c5c                HAL_PCD_SetupStageCallback
 .text.HAL_PCD_DataOutStageCallback
                0x0000000008007c68       0x14 ../libDaisy/build/libdaisy.a(usbd_conf.o)
                0x0000000008007c68                HAL_PCD_DataOutStageCallback
 .text.HAL_PCD_DataInStageCallback
                0x0000000008007c7c       0x14 ../libDaisy/build/libdaisy.a(usbd_conf.o)
                0x0000000008007c7c                HAL_PCD_DataInStageCallback
 .text.HAL_PCD_SOFCallback
                0x0000000008007c90        0x8 ../libDaisy/build/libdaisy.a(usbd_conf.o)
                0x0000000008007c90                HAL_PCD_SOFCallback
 .text.HAL_PCD_ResetCallback
                0x0000000008007c98       0x24 ../libDaisy/build/libdaisy.a(usbd_conf.o)
                0x0000000008007c98                HAL_PCD_ResetCallback
 .text.HAL_PCD_SuspendCallback
                0x0000000008007cbc       0x30 ../libDaisy/build/libdaisy.a(usbd_conf.o)
                0x0000000008007cbc                HAL_PCD_SuspendCallback
 .text.HAL_PCD_ResumeCallback
                0x0000000008007cec        0x8 ../libDaisy/build/libdaisy.a(usbd_conf.o)
                0x0000000008007cec                HAL_PCD_ResumeCallback
 .text.HAL_PCD_ISOOUTIncompleteCallback
                0x0000000008007cf4        0x8 ../libDaisy/build/libdaisy.a(usbd_conf.o)
                0x0000000008007cf4                HAL_PCD_ISOOUTIncompleteCallback
 .text.HAL_PCD_ISOINIncompleteCallback
                0x0000000008007cfc        0x8 ../libDaisy/build/libdaisy.a(usbd_conf.o)
                0x0000000008007cfc                HAL_PCD_ISOINIncompleteCallback
 .text.HAL_PCD_ConnectCallback
                0x0000000008007d04        0x8 ../libDaisy/build/libdaisy.a(usbd_conf.o)
                0x0000000008007d04                HAL_PCD_ConnectCallback
 .text.HAL_PCD_DisconnectCallback
                0x0000000008007d0c        0x8 ../libDaisy/build/libdaisy.a(usbd_conf.o)
                0x0000000008007d0c                HAL_PCD_DisconnectCallback
 .text.USBD_LL_OpenEP
                0x0000000008007d14       0x24 ../libDaisy/build/libdaisy.a(usbd_conf.o)
                0x0000000008007d14                USBD_LL_OpenEP
 .text.USBD_LL_StallEP
                0x0000000008007d38       0x1c ../libDaisy/build/libdaisy.a(usbd_conf.o)
                0x0000000008007d38                USBD_LL_StallEP
 .text.USBD_LL_ClearStallEP
                0x0000000008007d54       0x1c ../libDaisy/build/libdaisy.a(usbd_conf.o)
                0x0000000008007d54                USBD_LL_ClearStallEP
 .text.USBD_LL_IsStallEP
                0x0000000008007d70       0x28 ../libDaisy/build/libdaisy.a(usbd_conf.o)
                0x0000000008007d70                USBD_LL_IsStallEP
 .text.USBD_LL_SetUSBAddress
                0x0000000008007d98       0x1c ../libDaisy/build/libdaisy.a(usbd_conf.o)
                0x0000000008007d98                USBD_LL_SetUSBAddress
 .text.USBD_LL_Transmit
                0x0000000008007db4       0x1c ../libDaisy/build/libdaisy.a(usbd_conf.o)
                0x0000000008007db4                USBD_LL_Transmit
 .text.USBD_LL_PrepareReceive
                0x0000000008007dd0       0x1c ../libDaisy/build/libdaisy.a(usbd_conf.o)
                0x0000000008007dd0                USBD_LL_PrepareReceive
 .text.HAL_HCD_SOF_Callback
                0x0000000008007dec        0x8 ../libDaisy/build/libdaisy.a(usbh_conf.o)
                0x0000000008007dec                HAL_HCD_SOF_Callback
 .text.HAL_HCD_Connect_Callback
                0x0000000008007df4        0x8 ../libDaisy/build/libdaisy.a(usbh_conf.o)
                0x0000000008007df4                HAL_HCD_Connect_Callback
 .text.HAL_HCD_Disconnect_Callback
                0x0000000008007dfc        0x8 ../libDaisy/build/libdaisy.a(usbh_conf.o)
                0x0000000008007dfc                HAL_HCD_Disconnect_Callback
 .text.HAL_HCD_HC_NotifyURBChange_Callback
                0x0000000008007e04        0x4 ../libDaisy/build/libdaisy.a(usbh_conf.o)
                0x0000000008007e04                HAL_HCD_HC_NotifyURBChange_Callback
 .text.HAL_HCD_PortEnabled_Callback
                0x0000000008007e08        0x8 ../libDaisy/build/libdaisy.a(usbh_conf.o)
                0x0000000008007e08                HAL_HCD_PortEnabled_Callback
 .text.HAL_HCD_PortDisabled_Callback
                0x0000000008007e10        0x8 ../libDaisy/build/libdaisy.a(usbh_conf.o)
                0x0000000008007e10                HAL_HCD_PortDisabled_Callback
 .text.USBH_LL_Stop
                0x0000000008007e18       0x1c ../libDaisy/build/libdaisy.a(usbh_conf.o)
                0x0000000008007e18                USBH_LL_Stop
 .text.dsy_hal_map_get_port
                0x0000000008007e34       0x10 ../libDaisy/build/libdaisy.a(hal_map.o)
                0x0000000008007e34                dsy_hal_map_get_port
 .text.dsy_hal_map_get_pin
                0x0000000008007e44       0x10 ../libDaisy/build/libdaisy.a(hal_map.o)
                0x0000000008007e44                dsy_hal_map_get_pin
 .text.dsy_hal_map_gpio_clk_enable
                0x0000000008007e54      0x150 ../libDaisy/build/libdaisy.a(hal_map.o)
                0x0000000008007e54                dsy_hal_map_gpio_clk_enable
 .text.HAL_MspInit
                0x0000000008007fa4        0x4 ../libDaisy/build/libdaisy.a(stm32h7xx_hal.o)
                0x0000000008007fa4                HAL_MspInit
 .text.HAL_InitTick
                0x0000000008007fa8       0x4c ../libDaisy/build/libdaisy.a(stm32h7xx_hal.o)
                0x0000000008007fa8                HAL_InitTick
 .text.HAL_Init
                0x0000000008007ff4       0x60 ../libDaisy/build/libdaisy.a(stm32h7xx_hal.o)
                0x0000000008007ff4                HAL_Init
 .text.HAL_IncTick
                0x0000000008008054       0x18 ../libDaisy/build/libdaisy.a(stm32h7xx_hal.o)
                0x0000000008008054                HAL_IncTick
 .text.HAL_GetTick
                0x000000000800806c        0xc ../libDaisy/build/libdaisy.a(stm32h7xx_hal.o)
                0x000000000800806c                HAL_GetTick
 .text.HAL_Delay
                0x0000000008008078       0x24 ../libDaisy/build/libdaisy.a(stm32h7xx_hal.o)
                0x0000000008008078                HAL_Delay
 .text.HAL_GetREVID
                0x000000000800809c        0xc ../libDaisy/build/libdaisy.a(stm32h7xx_hal.o)
                0x000000000800809c                HAL_GetREVID
 .text.HAL_ADC_ConvHalfCpltCallback
                0x00000000080080a8        0x4 ../libDaisy/build/libdaisy.a(stm32h7xx_hal_adc.o)
                0x00000000080080a8                HAL_ADC_ConvHalfCpltCallback
 .text.ADC_DMAHalfConvCplt
                0x00000000080080ac        0xc ../libDaisy/build/libdaisy.a(stm32h7xx_hal_adc.o)
                0x00000000080080ac                ADC_DMAHalfConvCplt
 .text.ADC_DMAConvCplt
                0x00000000080080b8       0x6c ../libDaisy/build/libdaisy.a(stm32h7xx_hal_adc.o)
                0x00000000080080b8                ADC_DMAConvCplt
 .text.ADC_DMAError
                0x0000000008008124       0x1c ../libDaisy/build/libdaisy.a(stm32h7xx_hal_adc.o)
                0x0000000008008124                ADC_DMAError
 .text.HAL_ADC_ConfigChannel
                0x0000000008008140      0x3fc ../libDaisy/build/libdaisy.a(stm32h7xx_hal_adc.o)
                0x0000000008008140                HAL_ADC_ConfigChannel
 .text.ADC_Enable
                0x000000000800853c       0xac ../libDaisy/build/libdaisy.a(stm32h7xx_hal_adc.o)
                0x000000000800853c                ADC_Enable
 .text.HAL_ADC_Start_DMA
                0x00000000080085e8      0x114 ../libDaisy/build/libdaisy.a(stm32h7xx_hal_adc.o)
                0x00000000080085e8                HAL_ADC_Start_DMA
 .text.ADC_Disable
                0x00000000080086fc       0x68 ../libDaisy/build/libdaisy.a(stm32h7xx_hal_adc.o)
                0x00000000080086fc                ADC_Disable
 .text.ADC_ConfigureBoostMode
                0x0000000008008764      0x184 ../libDaisy/build/libdaisy.a(stm32h7xx_hal_adc.o)
                0x0000000008008764                ADC_ConfigureBoostMode
 .text.HAL_ADC_Init
                0x00000000080088e8      0x218 ../libDaisy/build/libdaisy.a(stm32h7xx_hal_adc.o)
                0x00000000080088e8                HAL_ADC_Init
 .text.HAL_ADCEx_Calibration_Start
                0x0000000008008b00       0xa4 ../libDaisy/build/libdaisy.a(stm32h7xx_hal_adc_ex.o)
                0x0000000008008b00                HAL_ADCEx_Calibration_Start
 .text.HAL_ADCEx_MultiModeConfigChannel
                0x0000000008008ba4       0xc4 ../libDaisy/build/libdaisy.a(stm32h7xx_hal_adc_ex.o)
                0x0000000008008ba4                HAL_ADCEx_MultiModeConfigChannel
 .text.HAL_NVIC_SetPriorityGrouping
                0x0000000008008c68       0x24 ../libDaisy/build/libdaisy.a(stm32h7xx_hal_cortex.o)
                0x0000000008008c68                HAL_NVIC_SetPriorityGrouping
 .text.HAL_NVIC_SetPriority
                0x0000000008008c8c       0x7c ../libDaisy/build/libdaisy.a(stm32h7xx_hal_cortex.o)
                0x0000000008008c8c                HAL_NVIC_SetPriority
 .text.HAL_NVIC_EnableIRQ
                0x0000000008008d08       0x1c ../libDaisy/build/libdaisy.a(stm32h7xx_hal_cortex.o)
                0x0000000008008d08                HAL_NVIC_EnableIRQ
 .text.HAL_NVIC_DisableIRQ
                0x0000000008008d24       0x28 ../libDaisy/build/libdaisy.a(stm32h7xx_hal_cortex.o)
                0x0000000008008d24                HAL_NVIC_DisableIRQ
 .text.HAL_SYSTICK_Config
                0x0000000008008d4c       0x2c ../libDaisy/build/libdaisy.a(stm32h7xx_hal_cortex.o)
                0x0000000008008d4c                HAL_SYSTICK_Config
 .text.HAL_MPU_Disable
                0x0000000008008d78       0x1c ../libDaisy/build/libdaisy.a(stm32h7xx_hal_cortex.o)
                0x0000000008008d78                HAL_MPU_Disable
 .text.HAL_MPU_Enable
                0x0000000008008d94       0x20 ../libDaisy/build/libdaisy.a(stm32h7xx_hal_cortex.o)
                0x0000000008008d94                HAL_MPU_Enable
 .text.HAL_MPU_ConfigRegion
                0x0000000008008db4       0x64 ../libDaisy/build/libdaisy.a(stm32h7xx_hal_cortex.o)
                0x0000000008008db4                HAL_MPU_ConfigRegion
 .text.HAL_SYSTICK_Callback
                0x0000000008008e18        0x4 ../libDaisy/build/libdaisy.a(stm32h7xx_hal_cortex.o)
                0x0000000008008e18                HAL_SYSTICK_Callback
 .text.HAL_SYSTICK_IRQHandler
                0x0000000008008e1c        0x8 ../libDaisy/build/libdaisy.a(stm32h7xx_hal_cortex.o)
                0x0000000008008e1c                HAL_SYSTICK_IRQHandler
 .text.HAL_DAC_Init
                0x0000000008008e24       0x2c ../libDaisy/build/libdaisy.a(stm32h7xx_hal_dac.o)
                0x0000000008008e24                HAL_DAC_Init
 .text.HAL_DAC_Start
                0x0000000008008e50       0x5c ../libDaisy/build/libdaisy.a(stm32h7xx_hal_dac.o)
                0x0000000008008e50                HAL_DAC_Start
 .text.HAL_DAC_SetValue
                0x0000000008008eac       0x30 ../libDaisy/build/libdaisy.a(stm32h7xx_hal_dac.o)
                0x0000000008008eac                HAL_DAC_SetValue
 .text.HAL_DAC_DMAUnderrunCallbackCh1
                0x0000000008008edc        0x4 ../libDaisy/build/libdaisy.a(stm32h7xx_hal_dac.o)
                0x0000000008008edc                HAL_DAC_DMAUnderrunCallbackCh1
 .text.HAL_DAC_IRQHandler
                0x0000000008008ee0       0x68 ../libDaisy/build/libdaisy.a(stm32h7xx_hal_dac.o)
                0x0000000008008ee0                HAL_DAC_IRQHandler
 .text.HAL_DAC_ConfigChannel
                0x0000000008008f48      0x130 ../libDaisy/build/libdaisy.a(stm32h7xx_hal_dac.o)
                0x0000000008008f48                HAL_DAC_ConfigChannel
 .text.HAL_DACEx_DMAUnderrunCallbackCh2
                0x0000000008009078        0x4 ../libDaisy/build/libdaisy.a(stm32h7xx_hal_dac_ex.o)
                0x0000000008009078                HAL_DACEx_DMAUnderrunCallbackCh2
 .text.DMA_CalcBaseAndBitshift
                0x000000000800907c       0xf4 ../libDaisy/build/libdaisy.a(stm32h7xx_hal_dma.o)
 .text.DMA_CalcDMAMUXChannelBaseAndMask
                0x0000000008009170       0xd8 ../libDaisy/build/libdaisy.a(stm32h7xx_hal_dma.o)
 .text.HAL_DMA_Init
                0x0000000008009248      0x37c ../libDaisy/build/libdaisy.a(stm32h7xx_hal_dma.o)
                0x0000000008009248                HAL_DMA_Init
 .text.HAL_DMA_Start_IT
                0x00000000080095c4      0x240 ../libDaisy/build/libdaisy.a(stm32h7xx_hal_dma.o)
                0x00000000080095c4                HAL_DMA_Start_IT
 .text.HAL_DMA_Abort_IT
                0x0000000008009804      0x134 ../libDaisy/build/libdaisy.a(stm32h7xx_hal_dma.o)
                0x0000000008009804                HAL_DMA_Abort_IT
 .text.HAL_DMA_IRQHandler
                0x0000000008009938      0x6a0 ../libDaisy/build/libdaisy.a(stm32h7xx_hal_dma.o)
                0x0000000008009938                HAL_DMA_IRQHandler
 .text.HAL_DMA_GetError
                0x0000000008009fd8        0x4 ../libDaisy/build/libdaisy.a(stm32h7xx_hal_dma.o)
                0x0000000008009fd8                HAL_DMA_GetError
 .text.HAL_GPIO_Init
                0x0000000008009fdc      0x280 ../libDaisy/build/libdaisy.a(stm32h7xx_hal_gpio.o)
                0x0000000008009fdc                HAL_GPIO_Init
 .text.HAL_GPIO_DeInit
                0x000000000800a25c      0x190 ../libDaisy/build/libdaisy.a(stm32h7xx_hal_gpio.o)
                0x000000000800a25c                HAL_GPIO_DeInit
 .text.HAL_GPIO_ReadPin
                0x000000000800a3ec        0xc ../libDaisy/build/libdaisy.a(stm32h7xx_hal_gpio.o)
                0x000000000800a3ec                HAL_GPIO_ReadPin
 .text.HAL_GPIO_WritePin
                0x000000000800a3f8        0x8 ../libDaisy/build/libdaisy.a(stm32h7xx_hal_gpio.o)
                0x000000000800a3f8                HAL_GPIO_WritePin
 .text.HAL_HCD_IRQHandler
                0x000000000800a400      0x780 ../libDaisy/build/libdaisy.a(stm32h7xx_hal_hcd.o)
                0x000000000800a400                HAL_HCD_IRQHandler
 .text.HAL_HCD_Stop
                0x000000000800ab80       0x28 ../libDaisy/build/libdaisy.a(stm32h7xx_hal_hcd.o)
                0x000000000800ab80                HAL_HCD_Stop
 .text.I2C_WaitOnTXISFlagUntilTimeout
                0x000000000800aba8       0xb8 ../libDaisy/build/libdaisy.a(stm32h7xx_hal_i2c.o)
 .text.I2C_WaitOnSTOPFlagUntilTimeout
                0x000000000800ac60       0xac ../libDaisy/build/libdaisy.a(stm32h7xx_hal_i2c.o)
 .text.HAL_I2C_Init
                0x000000000800ad0c       0xac ../libDaisy/build/libdaisy.a(stm32h7xx_hal_i2c.o)
                0x000000000800ad0c                HAL_I2C_Init
 .text.HAL_I2C_Master_Transmit
                0x000000000800adb8      0x1a8 ../libDaisy/build/libdaisy.a(stm32h7xx_hal_i2c.o)
                0x000000000800adb8                HAL_I2C_Master_Transmit
 .text.HAL_I2C_Slave_Transmit
                0x000000000800af60      0x1c8 ../libDaisy/build/libdaisy.a(stm32h7xx_hal_i2c.o)
                0x000000000800af60                HAL_I2C_Slave_Transmit
 .text.HAL_I2C_EV_IRQHandler
                0x000000000800b128       0x10 ../libDaisy/build/libdaisy.a(stm32h7xx_hal_i2c.o)
                0x000000000800b128                HAL_I2C_EV_IRQHandler
 .text.HAL_I2C_GetState
                0x000000000800b138        0x8 ../libDaisy/build/libdaisy.a(stm32h7xx_hal_i2c.o)
                0x000000000800b138                HAL_I2C_GetState
 .text.HAL_I2CEx_ConfigAnalogFilter
                0x000000000800b140       0x54 ../libDaisy/build/libdaisy.a(stm32h7xx_hal_i2c_ex.o)
                0x000000000800b140                HAL_I2CEx_ConfigAnalogFilter
 .text.HAL_I2CEx_ConfigDigitalFilter
                0x000000000800b194       0x58 ../libDaisy/build/libdaisy.a(stm32h7xx_hal_i2c_ex.o)
                0x000000000800b194                HAL_I2CEx_ConfigDigitalFilter
 .text.HAL_PCD_IRQHandler
                0x000000000800b1ec      0x69c ../libDaisy/build/libdaisy.a(stm32h7xx_hal_pcd.o)
                0x000000000800b1ec                HAL_PCD_IRQHandler
 .text.HAL_PCD_SetAddress
                0x000000000800b888       0x2c ../libDaisy/build/libdaisy.a(stm32h7xx_hal_pcd.o)
                0x000000000800b888                HAL_PCD_SetAddress
 .text.HAL_PCD_EP_Open
                0x000000000800b8b4       0x7c ../libDaisy/build/libdaisy.a(stm32h7xx_hal_pcd.o)
                0x000000000800b8b4                HAL_PCD_EP_Open
 .text.HAL_PCD_EP_Receive
                0x000000000800b930       0x50 ../libDaisy/build/libdaisy.a(stm32h7xx_hal_pcd.o)
                0x000000000800b930                HAL_PCD_EP_Receive
 .text.HAL_PCD_EP_Transmit
                0x000000000800b980       0x50 ../libDaisy/build/libdaisy.a(stm32h7xx_hal_pcd.o)
                0x000000000800b980                HAL_PCD_EP_Transmit
 .text.HAL_PCD_EP_SetStall
                0x000000000800b9d0       0x88 ../libDaisy/build/libdaisy.a(stm32h7xx_hal_pcd.o)
                0x000000000800b9d0                HAL_PCD_EP_SetStall
 .text.HAL_PCD_EP_ClrStall
                0x000000000800ba58       0x78 ../libDaisy/build/libdaisy.a(stm32h7xx_hal_pcd.o)
                0x000000000800ba58                HAL_PCD_EP_ClrStall
 .text.HAL_PCDEx_LPM_Callback
                0x000000000800bad0        0x4 ../libDaisy/build/libdaisy.a(stm32h7xx_hal_pcd_ex.o)
                0x000000000800bad0                HAL_PCDEx_LPM_Callback
 .text.HAL_PWREx_ConfigSupply
                0x000000000800bad4       0x4c ../libDaisy/build/libdaisy.a(stm32h7xx_hal_pwr_ex.o)
                0x000000000800bad4                HAL_PWREx_ConfigSupply
 .text.HAL_PWREx_EnableUSBVoltageDetector
                0x000000000800bb20       0x10 ../libDaisy/build/libdaisy.a(stm32h7xx_hal_pwr_ex.o)
                0x000000000800bb20                HAL_PWREx_EnableUSBVoltageDetector
 .text.QSPI_Config
                0x000000000800bb30      0x174 ../libDaisy/build/libdaisy.a(stm32h7xx_hal_qspi.o)
 .text.HAL_QSPI_Init
                0x000000000800bca4       0xd8 ../libDaisy/build/libdaisy.a(stm32h7xx_hal_qspi.o)
                0x000000000800bca4                HAL_QSPI_Init
 .text.HAL_QSPI_DeInit
                0x000000000800bd7c       0x3c ../libDaisy/build/libdaisy.a(stm32h7xx_hal_qspi.o)
                0x000000000800bd7c                HAL_QSPI_DeInit
 .text.HAL_QSPI_Command
                0x000000000800bdb8       0xd4 ../libDaisy/build/libdaisy.a(stm32h7xx_hal_qspi.o)
                0x000000000800bdb8                HAL_QSPI_Command
 .text.HAL_QSPI_Transmit
                0x000000000800be8c       0xfc ../libDaisy/build/libdaisy.a(stm32h7xx_hal_qspi.o)
                0x000000000800be8c                HAL_QSPI_Transmit
 .text.HAL_QSPI_Receive
                0x000000000800bf88      0x108 ../libDaisy/build/libdaisy.a(stm32h7xx_hal_qspi.o)
                0x000000000800bf88                HAL_QSPI_Receive
 .text.HAL_QSPI_AutoPolling
                0x000000000800c090       0xf0 ../libDaisy/build/libdaisy.a(stm32h7xx_hal_qspi.o)
                0x000000000800c090                HAL_QSPI_AutoPolling
 .text.HAL_QSPI_MemoryMapped
                0x000000000800c180       0xc0 ../libDaisy/build/libdaisy.a(stm32h7xx_hal_qspi.o)
                0x000000000800c180                HAL_QSPI_MemoryMapped
 .text.HAL_QSPI_ErrorCallback
                0x000000000800c240        0x4 ../libDaisy/build/libdaisy.a(stm32h7xx_hal_qspi.o)
                0x000000000800c240                HAL_QSPI_ErrorCallback
 .text.QSPI_DMAAbortCplt
                0x000000000800c244       0x38 ../libDaisy/build/libdaisy.a(stm32h7xx_hal_qspi.o)
 .text.HAL_QSPI_AbortCpltCallback
                0x000000000800c27c        0x4 ../libDaisy/build/libdaisy.a(stm32h7xx_hal_qspi.o)
                0x000000000800c27c                HAL_QSPI_AbortCpltCallback
 .text.HAL_QSPI_CmdCpltCallback
                0x000000000800c280        0x4 ../libDaisy/build/libdaisy.a(stm32h7xx_hal_qspi.o)
                0x000000000800c280                HAL_QSPI_CmdCpltCallback
 .text.HAL_QSPI_RxCpltCallback
                0x000000000800c284        0x4 ../libDaisy/build/libdaisy.a(stm32h7xx_hal_qspi.o)
                0x000000000800c284                HAL_QSPI_RxCpltCallback
 .text.HAL_QSPI_TxCpltCallback
                0x000000000800c288        0x4 ../libDaisy/build/libdaisy.a(stm32h7xx_hal_qspi.o)
                0x000000000800c288                HAL_QSPI_TxCpltCallback
 .text.HAL_QSPI_FifoThresholdCallback
                0x000000000800c28c        0x4 ../libDaisy/build/libdaisy.a(stm32h7xx_hal_qspi.o)
                0x000000000800c28c                HAL_QSPI_FifoThresholdCallback
 .text.HAL_QSPI_StatusMatchCallback
                0x000000000800c290        0x4 ../libDaisy/build/libdaisy.a(stm32h7xx_hal_qspi.o)
                0x000000000800c290                HAL_QSPI_StatusMatchCallback
 .text.HAL_QSPI_TimeOutCallback
                0x000000000800c294        0x4 ../libDaisy/build/libdaisy.a(stm32h7xx_hal_qspi.o)
                0x000000000800c294                HAL_QSPI_TimeOutCallback
 .text.HAL_QSPI_IRQHandler
                0x000000000800c298      0x210 ../libDaisy/build/libdaisy.a(stm32h7xx_hal_qspi.o)
                0x000000000800c298                HAL_QSPI_IRQHandler
 .text.HAL_RCC_OscConfig
                0x000000000800c4a8      0x51c ../libDaisy/build/libdaisy.a(stm32h7xx_hal_rcc.o)
                0x000000000800c4a8                HAL_RCC_OscConfig
 .text.HAL_RCC_GetSysClockFreq
                0x000000000800c9c4      0x140 ../libDaisy/build/libdaisy.a(stm32h7xx_hal_rcc.o)
                0x000000000800c9c4                HAL_RCC_GetSysClockFreq
 .text.HAL_RCC_ClockConfig
                0x000000000800cb04      0x234 ../libDaisy/build/libdaisy.a(stm32h7xx_hal_rcc.o)
                0x000000000800cb04                HAL_RCC_ClockConfig
 .text.HAL_RCC_GetHCLKFreq
                0x000000000800cd38       0x2c ../libDaisy/build/libdaisy.a(stm32h7xx_hal_rcc.o)
                0x000000000800cd38                HAL_RCC_GetHCLKFreq
 .text.HAL_RCC_GetPCLK1Freq
                0x000000000800cd64       0x38 ../libDaisy/build/libdaisy.a(stm32h7xx_hal_rcc.o)
                0x000000000800cd64                HAL_RCC_GetPCLK1Freq
 .text.HAL_RCC_GetPCLK2Freq
                0x000000000800cd9c       0x38 ../libDaisy/build/libdaisy.a(stm32h7xx_hal_rcc.o)
                0x000000000800cd9c                HAL_RCC_GetPCLK2Freq
 .text.RCCEx_PLL2_Config
                0x000000000800cdd4       0xf4 ../libDaisy/build/libdaisy.a(stm32h7xx_hal_rcc_ex.o)
 .text.RCCEx_PLL3_Config
                0x000000000800cec8       0xf4 ../libDaisy/build/libdaisy.a(stm32h7xx_hal_rcc_ex.o)
 .text.HAL_RCCEx_PeriphCLKConfig
                0x000000000800cfbc      0xa7c ../libDaisy/build/libdaisy.a(stm32h7xx_hal_rcc_ex.o)
                0x000000000800cfbc                HAL_RCCEx_PeriphCLKConfig
 .text.HAL_RCCEx_GetD3PCLK1Freq
                0x000000000800da38       0x24 ../libDaisy/build/libdaisy.a(stm32h7xx_hal_rcc_ex.o)
                0x000000000800da38                HAL_RCCEx_GetD3PCLK1Freq
 .text.HAL_RCCEx_GetPLL2ClockFreq
                0x000000000800da5c      0x17c ../libDaisy/build/libdaisy.a(stm32h7xx_hal_rcc_ex.o)
                0x000000000800da5c                HAL_RCCEx_GetPLL2ClockFreq
 .text.HAL_RCCEx_GetPLL3ClockFreq
                0x000000000800dbd8      0x17c ../libDaisy/build/libdaisy.a(stm32h7xx_hal_rcc_ex.o)
                0x000000000800dbd8                HAL_RCCEx_GetPLL3ClockFreq
 .text.HAL_RCCEx_GetPLL1ClockFreq
                0x000000000800dd54      0x17c ../libDaisy/build/libdaisy.a(stm32h7xx_hal_rcc_ex.o)
                0x000000000800dd54                HAL_RCCEx_GetPLL1ClockFreq
 .text.HAL_RCCEx_GetPeriphCLKFreq
                0x000000000800ded0      0x198 ../libDaisy/build/libdaisy.a(stm32h7xx_hal_rcc_ex.o)
                0x000000000800ded0                HAL_RCCEx_GetPeriphCLKFreq
 .text.HAL_RCCEx_GetD1SysClockFreq
                0x000000000800e068       0x2c ../libDaisy/build/libdaisy.a(stm32h7xx_hal_rcc_ex.o)
                0x000000000800e068                HAL_RCCEx_GetD1SysClockFreq
 .text.HAL_SAI_Init.part.0
                0x000000000800e094      0x348 ../libDaisy/build/libdaisy.a(stm32h7xx_hal_sai.o)
 .text.HAL_SAI_InitProtocol
                0x000000000800e3dc      0x178 ../libDaisy/build/libdaisy.a(stm32h7xx_hal_sai.o)
                0x000000000800e3dc                HAL_SAI_InitProtocol
 .text.HAL_SAI_Transmit_DMA
                0x000000000800e554      0x124 ../libDaisy/build/libdaisy.a(stm32h7xx_hal_sai.o)
                0x000000000800e554                HAL_SAI_Transmit_DMA
 .text.HAL_SAI_Receive_DMA
                0x000000000800e678       0xd0 ../libDaisy/build/libdaisy.a(stm32h7xx_hal_sai.o)
                0x000000000800e678                HAL_SAI_Receive_DMA
 .text.HAL_SAI_TxCpltCallback
                0x000000000800e748        0x4 ../libDaisy/build/libdaisy.a(stm32h7xx_hal_sai.o)
                0x000000000800e748                HAL_SAI_TxCpltCallback
 .text.SAI_DMATxCplt
                0x000000000800e74c       0x64 ../libDaisy/build/libdaisy.a(stm32h7xx_hal_sai.o)
 .text.HAL_SAI_TxHalfCpltCallback
                0x000000000800e7b0        0x4 ../libDaisy/build/libdaisy.a(stm32h7xx_hal_sai.o)
                0x000000000800e7b0                HAL_SAI_TxHalfCpltCallback
 .text.SAI_DMATxHalfCplt
                0x000000000800e7b4        0xc ../libDaisy/build/libdaisy.a(stm32h7xx_hal_sai.o)
 .text.SAI_DMARxCplt
                0x000000000800e7c0       0x64 ../libDaisy/build/libdaisy.a(stm32h7xx_hal_sai.o)
 .text.SAI_DMARxHalfCplt
                0x000000000800e824        0xc ../libDaisy/build/libdaisy.a(stm32h7xx_hal_sai.o)
 .text.HAL_SAI_ErrorCallback
                0x000000000800e830        0x4 ../libDaisy/build/libdaisy.a(stm32h7xx_hal_sai.o)
                0x000000000800e830                HAL_SAI_ErrorCallback
 .text.SAI_DMAError
                0x000000000800e834       0x6c ../libDaisy/build/libdaisy.a(stm32h7xx_hal_sai.o)
 .text.HAL_SD_TxCpltCallback
                0x000000000800e8a0        0x4 ../libDaisy/build/libdaisy.a(stm32h7xx_hal_sd.o)
                0x000000000800e8a0                HAL_SD_TxCpltCallback
 .text.HAL_SD_RxCpltCallback
                0x000000000800e8a4        0x4 ../libDaisy/build/libdaisy.a(stm32h7xx_hal_sd.o)
                0x000000000800e8a4                HAL_SD_RxCpltCallback
 .text.HAL_SD_ErrorCallback
                0x000000000800e8a8        0x4 ../libDaisy/build/libdaisy.a(stm32h7xx_hal_sd.o)
                0x000000000800e8a8                HAL_SD_ErrorCallback
 .text.HAL_SDEx_Read_DMADoubleBuf0CpltCallback
                0x000000000800e8ac        0x4 ../libDaisy/build/libdaisy.a(stm32h7xx_hal_sd.o)
                0x000000000800e8ac                HAL_SDEx_Read_DMADoubleBuf0CpltCallback
 .text.HAL_SDEx_Read_DMADoubleBuf1CpltCallback
                0x000000000800e8b0        0x4 ../libDaisy/build/libdaisy.a(stm32h7xx_hal_sd.o)
                0x000000000800e8b0                HAL_SDEx_Read_DMADoubleBuf1CpltCallback
 .text.HAL_SDEx_Write_DMADoubleBuf0CpltCallback
                0x000000000800e8b4        0x4 ../libDaisy/build/libdaisy.a(stm32h7xx_hal_sd.o)
                0x000000000800e8b4                HAL_SDEx_Write_DMADoubleBuf0CpltCallback
 .text.HAL_SDEx_Write_DMADoubleBuf1CpltCallback
                0x000000000800e8b8        0x4 ../libDaisy/build/libdaisy.a(stm32h7xx_hal_sd.o)
                0x000000000800e8b8                HAL_SDEx_Write_DMADoubleBuf1CpltCallback
 .text.HAL_SD_IRQHandler
                0x000000000800e8bc      0x248 ../libDaisy/build/libdaisy.a(stm32h7xx_hal_sd.o)
                0x000000000800e8bc                HAL_SD_IRQHandler
 .text.HAL_SDRAM_Init
                0x000000000800eb04       0x54 ../libDaisy/build/libdaisy.a(stm32h7xx_hal_sdram.o)
                0x000000000800eb04                HAL_SDRAM_Init
 .text.HAL_SDRAM_SendCommand
                0x000000000800eb58       0x40 ../libDaisy/build/libdaisy.a(stm32h7xx_hal_sdram.o)
                0x000000000800eb58                HAL_SDRAM_SendCommand
 .text.HAL_SDRAM_ProgramRefreshRate
                0x000000000800eb98       0x30 ../libDaisy/build/libdaisy.a(stm32h7xx_hal_sdram.o)
                0x000000000800eb98                HAL_SDRAM_ProgramRefreshRate
 .text.HAL_TIM_Base_Init
                0x000000000800ebc8      0x140 ../libDaisy/build/libdaisy.a(stm32h7xx_hal_tim.o)
                0x000000000800ebc8                HAL_TIM_Base_Init
 .text.HAL_TIM_Base_Start
                0x000000000800ed08       0x34 ../libDaisy/build/libdaisy.a(stm32h7xx_hal_tim.o)
                0x000000000800ed08                HAL_TIM_Base_Start
 .text.HAL_TIM_Base_Start_IT
                0x000000000800ed3c       0x2c ../libDaisy/build/libdaisy.a(stm32h7xx_hal_tim.o)
                0x000000000800ed3c                HAL_TIM_Base_Start_IT
 .text.HAL_TIM_ConfigClockSource
                0x000000000800ed68      0x17c ../libDaisy/build/libdaisy.a(stm32h7xx_hal_tim.o)
                0x000000000800ed68                HAL_TIM_ConfigClockSource
 .text.HAL_TIM_OC_DelayElapsedCallback
                0x000000000800eee4        0x4 ../libDaisy/build/libdaisy.a(stm32h7xx_hal_tim.o)
                0x000000000800eee4                HAL_TIM_OC_DelayElapsedCallback
 .text.HAL_TIM_IC_CaptureCallback
                0x000000000800eee8        0x4 ../libDaisy/build/libdaisy.a(stm32h7xx_hal_tim.o)
                0x000000000800eee8                HAL_TIM_IC_CaptureCallback
 .text.HAL_TIM_PWM_PulseFinishedCallback
                0x000000000800eeec        0x4 ../libDaisy/build/libdaisy.a(stm32h7xx_hal_tim.o)
                0x000000000800eeec                HAL_TIM_PWM_PulseFinishedCallback
 .text.HAL_TIM_TriggerCallback
                0x000000000800eef0        0x4 ../libDaisy/build/libdaisy.a(stm32h7xx_hal_tim.o)
                0x000000000800eef0                HAL_TIM_TriggerCallback
 .text.HAL_TIM_IRQHandler
                0x000000000800eef4      0x170 ../libDaisy/build/libdaisy.a(stm32h7xx_hal_tim.o)
                0x000000000800eef4                HAL_TIM_IRQHandler
 .text.HAL_TIMEx_MasterConfigSynchronization
                0x000000000800f064       0x64 ../libDaisy/build/libdaisy.a(stm32h7xx_hal_tim_ex.o)
                0x000000000800f064                HAL_TIMEx_MasterConfigSynchronization
 .text.HAL_TIMEx_CommutCallback
                0x000000000800f0c8        0x4 ../libDaisy/build/libdaisy.a(stm32h7xx_hal_tim_ex.o)
                0x000000000800f0c8                HAL_TIMEx_CommutCallback
 .text.HAL_TIMEx_BreakCallback
                0x000000000800f0cc        0x4 ../libDaisy/build/libdaisy.a(stm32h7xx_hal_tim_ex.o)
                0x000000000800f0cc                HAL_TIMEx_BreakCallback
 .text.HAL_TIMEx_Break2Callback
                0x000000000800f0d0        0x4 ../libDaisy/build/libdaisy.a(stm32h7xx_hal_tim_ex.o)
                0x000000000800f0d0                HAL_TIMEx_Break2Callback
 .text.HAL_UART_Transmit_DMA
                0x000000000800f0d4       0xa4 ../libDaisy/build/libdaisy.a(stm32h7xx_hal_uart.o)
                0x000000000800f0d4                HAL_UART_Transmit_DMA
 .text.HAL_UART_Receive_DMA
                0x000000000800f178       0xac ../libDaisy/build/libdaisy.a(stm32h7xx_hal_uart.o)
                0x000000000800f178                HAL_UART_Receive_DMA
 .text.UART_DMATransmitCplt
                0x000000000800f224       0x2c ../libDaisy/build/libdaisy.a(stm32h7xx_hal_uart.o)
 .text.HAL_UART_TxHalfCpltCallback
                0x000000000800f250        0x4 ../libDaisy/build/libdaisy.a(stm32h7xx_hal_uart.o)
                0x000000000800f250                HAL_UART_TxHalfCpltCallback
 .text.UART_DMATxHalfCplt
                0x000000000800f254        0xc ../libDaisy/build/libdaisy.a(stm32h7xx_hal_uart.o)
 .text.UART_DMAReceiveCplt
                0x000000000800f260       0x38 ../libDaisy/build/libdaisy.a(stm32h7xx_hal_uart.o)
 .text.UART_DMARxHalfCplt
                0x000000000800f298        0xc ../libDaisy/build/libdaisy.a(stm32h7xx_hal_uart.o)
 .text.UART_DMAError
                0x000000000800f2a4       0x78 ../libDaisy/build/libdaisy.a(stm32h7xx_hal_uart.o)
 .text.HAL_UART_IRQHandler
                0x000000000800f31c      0x1d0 ../libDaisy/build/libdaisy.a(stm32h7xx_hal_uart.o)
                0x000000000800f31c                HAL_UART_IRQHandler
 .text.UART_DMAAbortOnError
                0x000000000800f4ec       0x14 ../libDaisy/build/libdaisy.a(stm32h7xx_hal_uart.o)
 .text.HAL_UART_GetState
                0x000000000800f500        0xc ../libDaisy/build/libdaisy.a(stm32h7xx_hal_uart.o)
                0x000000000800f500                HAL_UART_GetState
 .text.UART_SetConfig
                0x000000000800f50c     0x14b8 ../libDaisy/build/libdaisy.a(stm32h7xx_hal_uart.o)
                0x000000000800f50c                UART_SetConfig
 .text.UART_AdvFeatureConfig
                0x00000000080109c4       0xb0 ../libDaisy/build/libdaisy.a(stm32h7xx_hal_uart.o)
                0x00000000080109c4                UART_AdvFeatureConfig
 .text.UART_CheckIdleState
                0x0000000008010a74       0x84 ../libDaisy/build/libdaisy.a(stm32h7xx_hal_uart.o)
                0x0000000008010a74                UART_CheckIdleState
 .text.HAL_UART_Init
                0x0000000008010af8       0x68 ../libDaisy/build/libdaisy.a(stm32h7xx_hal_uart.o)
                0x0000000008010af8                HAL_UART_Init
 .text.HAL_UARTEx_WakeupCallback
                0x0000000008010b60        0x4 ../libDaisy/build/libdaisy.a(stm32h7xx_hal_uart_ex.o)
                0x0000000008010b60                HAL_UARTEx_WakeupCallback
 .text.HAL_UARTEx_RxFifoFullCallback
                0x0000000008010b64        0x4 ../libDaisy/build/libdaisy.a(stm32h7xx_hal_uart_ex.o)
                0x0000000008010b64                HAL_UARTEx_RxFifoFullCallback
 .text.HAL_UARTEx_TxFifoEmptyCallback
                0x0000000008010b68        0x4 ../libDaisy/build/libdaisy.a(stm32h7xx_hal_uart_ex.o)
                0x0000000008010b68                HAL_UARTEx_TxFifoEmptyCallback
 .text.HAL_UARTEx_DisableFifoMode
                0x0000000008010b6c       0x3c ../libDaisy/build/libdaisy.a(stm32h7xx_hal_uart_ex.o)
                0x0000000008010b6c                HAL_UARTEx_DisableFifoMode
 .text.HAL_UARTEx_SetTxFifoThreshold
                0x0000000008010ba8       0x9c ../libDaisy/build/libdaisy.a(stm32h7xx_hal_uart_ex.o)
                0x0000000008010ba8                HAL_UARTEx_SetTxFifoThreshold
 .text.HAL_UARTEx_SetRxFifoThreshold
                0x0000000008010c44       0x9c ../libDaisy/build/libdaisy.a(stm32h7xx_hal_uart_ex.o)
                0x0000000008010c44                HAL_UARTEx_SetRxFifoThreshold
 .text.FMC_SDRAM_Init
                0x0000000008010ce0       0x7c ../libDaisy/build/libdaisy.a(stm32h7xx_ll_fmc.o)
                0x0000000008010ce0                FMC_SDRAM_Init
 .text.FMC_SDRAM_Timing_Init
                0x0000000008010d5c       0x98 ../libDaisy/build/libdaisy.a(stm32h7xx_ll_fmc.o)
                0x0000000008010d5c                FMC_SDRAM_Timing_Init
 .text.FMC_SDRAM_SendCommand
                0x0000000008010df4       0x28 ../libDaisy/build/libdaisy.a(stm32h7xx_ll_fmc.o)
                0x0000000008010df4                FMC_SDRAM_SendCommand
 .text.FMC_SDRAM_ProgramRefreshRate
                0x0000000008010e1c       0x1c ../libDaisy/build/libdaisy.a(stm32h7xx_ll_fmc.o)
                0x0000000008010e1c                FMC_SDRAM_ProgramRefreshRate
 .text.SDMMC_ReadFIFO
                0x0000000008010e38        0x8 ../libDaisy/build/libdaisy.a(stm32h7xx_ll_sdmmc.o)
                0x0000000008010e38                SDMMC_ReadFIFO
 .text.SDMMC_WriteFIFO
                0x0000000008010e40        0xc ../libDaisy/build/libdaisy.a(stm32h7xx_ll_sdmmc.o)
                0x0000000008010e40                SDMMC_WriteFIFO
 .text.SDMMC_CmdStopTransfer
                0x0000000008010e4c      0x168 ../libDaisy/build/libdaisy.a(stm32h7xx_ll_sdmmc.o)
                0x0000000008010e4c                SDMMC_CmdStopTransfer
 .text.USB_SetTurnaroundTime
                0x0000000008010fb4      0x104 ../libDaisy/build/libdaisy.a(stm32h7xx_ll_usb.o)
                0x0000000008010fb4                USB_SetTurnaroundTime
 .text.USB_FlushTxFifo
                0x00000000080110b8       0x34 ../libDaisy/build/libdaisy.a(stm32h7xx_ll_usb.o)
                0x00000000080110b8                USB_FlushTxFifo
 .text.USB_GetDevSpeed
                0x00000000080110ec       0x24 ../libDaisy/build/libdaisy.a(stm32h7xx_ll_usb.o)
                0x00000000080110ec                USB_GetDevSpeed
 .text.USB_ActivateEndpoint
                0x0000000008011110       0x90 ../libDaisy/build/libdaisy.a(stm32h7xx_ll_usb.o)
                0x0000000008011110                USB_ActivateEndpoint
 .text.USB_EPStartXfer
                0x00000000080111a0      0x230 ../libDaisy/build/libdaisy.a(stm32h7xx_ll_usb.o)
                0x00000000080111a0                USB_EPStartXfer
 .text.USB_EP0StartXfer
                0x00000000080113d0      0x174 ../libDaisy/build/libdaisy.a(stm32h7xx_ll_usb.o)
                0x00000000080113d0                USB_EP0StartXfer
 .text.USB_WritePacket
                0x0000000008011544       0x2c ../libDaisy/build/libdaisy.a(stm32h7xx_ll_usb.o)
                0x0000000008011544                USB_WritePacket
 .text.USB_ReadPacket
                0x0000000008011570       0x20 ../libDaisy/build/libdaisy.a(stm32h7xx_ll_usb.o)
                0x0000000008011570                USB_ReadPacket
 .text.USB_EPSetStall
                0x0000000008011590       0x68 ../libDaisy/build/libdaisy.a(stm32h7xx_ll_usb.o)
                0x0000000008011590                USB_EPSetStall
 .text.USB_EPClearStall
                0x00000000080115f8       0x58 ../libDaisy/build/libdaisy.a(stm32h7xx_ll_usb.o)
                0x00000000080115f8                USB_EPClearStall
 .text.USB_SetDevAddress
                0x0000000008011650       0x24 ../libDaisy/build/libdaisy.a(stm32h7xx_ll_usb.o)
                0x0000000008011650                USB_SetDevAddress
 .text.USB_ReadInterrupts
                0x0000000008011674       0x14 ../libDaisy/build/libdaisy.a(stm32h7xx_ll_usb.o)
                0x0000000008011674                USB_ReadInterrupts
 .text.USB_ReadDevAllOutEpInterrupt
                0x0000000008011688       0x1c ../libDaisy/build/libdaisy.a(stm32h7xx_ll_usb.o)
                0x0000000008011688                USB_ReadDevAllOutEpInterrupt
 .text.USB_ReadDevAllInEpInterrupt
                0x00000000080116a4       0x1c ../libDaisy/build/libdaisy.a(stm32h7xx_ll_usb.o)
                0x00000000080116a4                USB_ReadDevAllInEpInterrupt
 .text.USB_ReadDevOutEPInterrupt
                0x00000000080116c0       0x1c ../libDaisy/build/libdaisy.a(stm32h7xx_ll_usb.o)
                0x00000000080116c0                USB_ReadDevOutEPInterrupt
 .text.USB_ReadDevInEPInterrupt
                0x00000000080116dc       0x38 ../libDaisy/build/libdaisy.a(stm32h7xx_ll_usb.o)
                0x00000000080116dc                USB_ReadDevInEPInterrupt
 .text.USB_GetMode
                0x0000000008011714        0x8 ../libDaisy/build/libdaisy.a(stm32h7xx_ll_usb.o)
                0x0000000008011714                USB_GetMode
 .text.USB_ActivateSetup
                0x000000000801171c       0x38 ../libDaisy/build/libdaisy.a(stm32h7xx_ll_usb.o)
                0x000000000801171c                USB_ActivateSetup
 .text.USB_EP0_OutStart
                0x0000000008011754       0x58 ../libDaisy/build/libdaisy.a(stm32h7xx_ll_usb.o)
                0x0000000008011754                USB_EP0_OutStart
 .text.USB_InitFSLSPClkSel